Java HotSpot(TM) 64-Bit Server VM (25.201-b09) for windows-amd64 JRE (1.8.0_201-b09), built on Dec 15 2018 18:36:39 by "java_re" with MS VC++ 10.0 (VS2010)
Memory: 4k page, physical 8130212k(2662544k free), swap 9834148k(2703188k free)
CommandLine flags: -XX:CMSInitiatingOccupancyFraction=50 -XX:CMSMaxAbortablePrecleanTime=6000 -XX:+CMSParallelRemarkEnabled -XX:+CMSScavengeBeforeRemark -XX:ConcGCThreads=4 -XX:GCLogFileSize=20971520 -XX:InitialHeapSize=536870912 -XX:MaxHeapSize=536870912 -XX:MaxTenuringThreshold=8 -XX:NewRatio=3 -XX:NumberOfGCLogFiles=9 -XX:OldPLABSize=16 -XX:-OmitStackTraceInFastThrow -XX:ParallelGCThreads=4 -XX:+ParallelRefProcEnabled -XX:PretenureSizeThreshold=67108864 -XX:+PrintGC -XX:+PrintGCApplicationStoppedTime -XX:+PrintGCDateStamps -XX:+PrintGCDetails -XX:+PrintGCTimeStamps -XX:+PrintHeapAtGC -XX:+PrintTenuringDistribution -XX:SurvivorRatio=4 -XX:TargetSurvivorRatio=90 -XX:ThreadStackSize=256 -XX:+UseCMSInitiatingOccupancyOnly -XX:+UseCompressedClassPointers -XX:+UseCompressedOops -XX:+UseConcMarkSweepGC -XX:+UseGCLogFileRotation -XX:-UseLargePagesIndividualAllocation -XX:+UseParNewGC 
2019-04-08T13:46:33.326+0800: 0.430: Total time for which application threads were stopped: 0.0014218 seconds, Stopping threads took: 0.0000221 seconds
2019-04-08T13:46:34.331+0800: 1.426: Total time for which application threads were stopped: 0.0001122 seconds, Stopping threads took: 0.0000316 seconds
2019-04-08T13:46:36.788+0800: 3.883: Total time for which application threads were stopped: 0.0001529 seconds, Stopping threads took: 0.0000296 seconds
2019-04-08T13:46:37.040+0800: 4.135: Total time for which application threads were stopped: 0.0000703 seconds, Stopping threads took: 0.0000198 seconds
2019-04-08T13:46:38.040+0800: 5.136: Total time for which application threads were stopped: 0.0000818 seconds, Stopping threads took: 0.0000269 seconds
2019-04-08T13:46:39.041+0800: 6.136: Total time for which application threads were stopped: 0.0000636 seconds, Stopping threads took: 0.0000265 seconds
2019-04-08T13:46:39.949+0800: 7.056: Total time for which application threads were stopped: 0.0001841 seconds, Stopping threads took: 0.0000419 seconds
2019-04-08T13:46:40.074+0800: 7.171: Total time for which application threads were stopped: 0.0002193 seconds, Stopping threads took: 0.0000435 seconds
2019-04-08T13:46:40.356+0800: 7.452: Total time for which application threads were stopped: 0.0002141 seconds, Stopping threads took: 0.0000336 seconds
2019-04-08T13:46:40.857+0800: 7.954: Total time for which application threads were stopped: 0.0001430 seconds, Stopping threads took: 0.0000233 seconds
2019-04-08T13:46:40.857+0800: 7.954: Total time for which application threads were stopped: 0.0000510 seconds, Stopping threads took: 0.0000158 seconds
2019-04-08T13:46:40.857+0800: 7.955: Total time for which application threads were stopped: 0.0001940 seconds, Stopping threads took: 0.0001466 seconds
2019-04-08T13:46:40.857+0800: 7.955: Total time for which application threads were stopped: 0.0000960 seconds, Stopping threads took: 0.0000466 seconds
2019-04-08T13:46:40.857+0800: 7.959: Total time for which application threads were stopped: 0.0001703 seconds, Stopping threads took: 0.0000284 seconds
2019-04-08T13:46:40.857+0800: 7.966: Total time for which application threads were stopped: 0.0002133 seconds, Stopping threads took: 0.0000490 seconds
2019-04-08T13:46:40.968+0800: 8.064: Total time for which application threads were stopped: 0.0002382 seconds, Stopping threads took: 0.0000273 seconds
2019-04-08T13:46:41.969+0800: 9.064: Total time for which application threads were stopped: 0.0000747 seconds, Stopping threads took: 0.0000265 seconds
2019-04-08T13:46:47.976+0800: 15.071: Total time for which application threads were stopped: 0.0001284 seconds, Stopping threads took: 0.0000664 seconds
2019-04-08T13:46:48.044+0800: 15.151: Total time for which application threads were stopped: 0.0001936 seconds, Stopping threads took: 0.0000194 seconds
{Heap before GC invocations=0 (full 0):
 par new generation   total 109248K, used 87424K [0x00000000e0000000, 0x00000000e8000000, 0x00000000e8000000)
  eden space 87424K, 100% used [0x00000000e0000000, 0x00000000e5560000, 0x00000000e5560000)
  from space 21824K,   0% used [0x00000000e5560000, 0x00000000e5560000, 0x00000000e6ab0000)
  to   space 21824K,   0% used [0x00000000e6ab0000, 0x00000000e6ab0000, 0x00000000e8000000)
 concurrent mark-sweep generation total 393216K, used 0K [0x00000000e8000000, 0x0000000100000000, 0x0000000100000000)
 Metaspace       used 16894K, capacity 17214K, committed 17664K, reserved 1064960K
  class space    used 2064K, capacity 2180K, committed 2304K, reserved 1048576K
2019-04-08T13:46:48.075+0800: 15.171: [GC (Allocation Failure) 2019-04-08T13:46:48.075+0800: 15.171: [ParNew
Desired survivor size 20112992 bytes, new threshold 8 (max 8)
- age   1:   11388352 bytes,   11388352 total
: 87424K->11235K(109248K), 0.0112391 secs] 87424K->11235K(502464K), 0.0113169 secs] [Times: user=0.00 sys=0.00, real=0.00 secs] 
Heap after GC invocations=1 (full 0):
 par new generation   total 109248K, used 11235K [0x00000000e0000000, 0x00000000e8000000, 0x00000000e8000000)
  eden space 87424K,   0% used [0x00000000e0000000, 0x00000000e0000000, 0x00000000e5560000)
  from space 21824K,  51% used [0x00000000e6ab0000, 0x00000000e75a8ce8, 0x00000000e8000000)
  to   space 21824K,   0% used [0x00000000e5560000, 0x00000000e5560000, 0x00000000e6ab0000)
 concurrent mark-sweep generation total 393216K, used 0K [0x00000000e8000000, 0x0000000100000000, 0x0000000100000000)
 Metaspace       used 16894K, capacity 17214K, committed 17664K, reserved 1064960K
  class space    used 2064K, capacity 2180K, committed 2304K, reserved 1048576K
}
2019-04-08T13:46:48.075+0800: 15.182: Total time for which application threads were stopped: 0.0116883 seconds, Stopping threads took: 0.0000395 seconds
2019-04-08T13:46:48.075+0800: 15.183: Total time for which application threads were stopped: 0.0001395 seconds, Stopping threads took: 0.0000766 seconds
2019-04-08T13:46:48.075+0800: 15.184: Total time for which application threads were stopped: 0.0000830 seconds, Stopping threads took: 0.0000344 seconds
2019-04-08T13:46:48.075+0800: 15.184: Total time for which application threads were stopped: 0.0000822 seconds, Stopping threads took: 0.0000360 seconds
2019-04-08T13:46:48.075+0800: 15.185: Total time for which application threads were stopped: 0.0003532 seconds, Stopping threads took: 0.0002765 seconds
2019-04-08T13:46:48.075+0800: 15.185: Total time for which application threads were stopped: 0.0001375 seconds, Stopping threads took: 0.0000391 seconds
2019-04-08T13:46:48.075+0800: 15.185: Total time for which application threads were stopped: 0.0000901 seconds, Stopping threads took: 0.0000340 seconds
2019-04-08T13:46:48.075+0800: 15.186: Total time for which application threads were stopped: 0.0002339 seconds, Stopping threads took: 0.0001497 seconds
2019-04-08T13:46:48.075+0800: 15.186: Total time for which application threads were stopped: 0.0001387 seconds, Stopping threads took: 0.0000743 seconds
2019-04-08T13:46:48.091+0800: 15.187: Total time for which application threads were stopped: 0.0008770 seconds, Stopping threads took: 0.0007988 seconds
2019-04-08T13:46:48.091+0800: 15.187: Total time for which application threads were stopped: 0.0001193 seconds, Stopping threads took: 0.0000356 seconds
2019-04-08T13:46:48.091+0800: 15.187: Total time for which application threads were stopped: 0.0000822 seconds, Stopping threads took: 0.0000316 seconds
2019-04-08T13:46:48.092+0800: 15.188: Total time for which application threads were stopped: 0.0001379 seconds, Stopping threads took: 0.0000494 seconds
2019-04-08T13:46:48.092+0800: 15.188: Total time for which application threads were stopped: 0.0001268 seconds, Stopping threads took: 0.0000845 seconds
2019-04-08T13:46:48.092+0800: 15.188: Total time for which application threads were stopped: 0.0000893 seconds, Stopping threads took: 0.0000454 seconds
2019-04-08T13:46:48.092+0800: 15.188: Total time for which application threads were stopped: 0.0000707 seconds, Stopping threads took: 0.0000304 seconds
2019-04-08T13:46:48.092+0800: 15.188: Total time for which application threads were stopped: 0.0000818 seconds, Stopping threads took: 0.0000300 seconds
2019-04-08T13:46:48.093+0800: 15.189: Total time for which application threads were stopped: 0.0000924 seconds, Stopping threads took: 0.0000328 seconds
2019-04-08T13:46:48.093+0800: 15.189: Total time for which application threads were stopped: 0.0000687 seconds, Stopping threads took: 0.0000296 seconds
2019-04-08T13:46:48.093+0800: 15.189: Total time for which application threads were stopped: 0.0000676 seconds, Stopping threads took: 0.0000194 seconds
2019-04-08T13:46:48.093+0800: 15.189: Total time for which application threads were stopped: 0.0000798 seconds, Stopping threads took: 0.0000178 seconds
2019-04-08T13:46:48.093+0800: 15.189: Total time for which application threads were stopped: 0.0000830 seconds, Stopping threads took: 0.0000328 seconds
2019-04-08T13:46:48.093+0800: 15.189: Total time for which application threads were stopped: 0.0001782 seconds, Stopping threads took: 0.0000348 seconds
2019-04-08T13:46:48.093+0800: 15.189: Total time for which application threads were stopped: 0.0000830 seconds, Stopping threads took: 0.0000320 seconds
2019-04-08T13:46:48.094+0800: 15.189: Total time for which application threads were stopped: 0.0000869 seconds, Stopping threads took: 0.0000375 seconds
2019-04-08T13:46:48.094+0800: 15.190: Total time for which application threads were stopped: 0.0000826 seconds, Stopping threads took: 0.0000336 seconds
2019-04-08T13:46:48.094+0800: 15.190: Total time for which application threads were stopped: 0.0000822 seconds, Stopping threads took: 0.0000316 seconds
2019-04-08T13:46:48.094+0800: 15.190: Total time for which application threads were stopped: 0.0000790 seconds, Stopping threads took: 0.0000324 seconds
2019-04-08T13:46:48.094+0800: 15.190: Total time for which application threads were stopped: 0.0001209 seconds, Stopping threads took: 0.0000316 seconds
2019-04-08T13:46:48.094+0800: 15.190: Total time for which application threads were stopped: 0.0000980 seconds, Stopping threads took: 0.0000541 seconds
2019-04-08T13:46:48.094+0800: 15.190: Total time for which application threads were stopped: 0.0000830 seconds, Stopping threads took: 0.0000399 seconds
2019-04-08T13:46:48.095+0800: 15.191: Total time for which application threads were stopped: 0.0001003 seconds, Stopping threads took: 0.0000360 seconds
2019-04-08T13:46:48.095+0800: 15.191: Total time for which application threads were stopped: 0.0000727 seconds, Stopping threads took: 0.0000324 seconds
2019-04-08T13:46:48.095+0800: 15.191: Total time for which application threads were stopped: 0.0000739 seconds, Stopping threads took: 0.0000336 seconds
2019-04-08T13:46:48.095+0800: 15.191: Total time for which application threads were stopped: 0.0001003 seconds, Stopping threads took: 0.0000296 seconds
2019-04-08T13:46:48.095+0800: 15.191: Total time for which application threads were stopped: 0.0000838 seconds, Stopping threads took: 0.0000166 seconds
2019-04-08T13:46:48.096+0800: 15.192: Total time for which application threads were stopped: 0.0001027 seconds, Stopping threads took: 0.0000296 seconds
2019-04-08T13:46:49.097+0800: 16.192: Total time for which application threads were stopped: 0.0004192 seconds, Stopping threads took: 0.0003101 seconds
2019-04-08T13:46:49.197+0800: 16.293: Total time for which application threads were stopped: 0.0002880 seconds, Stopping threads took: 0.0000439 seconds
2019-04-08T13:46:49.197+0800: 16.304: Total time for which application threads were stopped: 0.0002730 seconds, Stopping threads took: 0.0000304 seconds
2019-04-08T13:46:49.197+0800: 16.306: Total time for which application threads were stopped: 0.0002777 seconds, Stopping threads took: 0.0000241 seconds
2019-04-08T13:46:49.244+0800: 16.342: Total time for which application threads were stopped: 0.0000830 seconds, Stopping threads took: 0.0000198 seconds
2019-04-08T13:46:49.260+0800: 16.360: Total time for which application threads were stopped: 0.0000814 seconds, Stopping threads took: 0.0000209 seconds
2019-04-08T13:46:49.275+0800: 16.378: Total time for which application threads were stopped: 0.0002228 seconds, Stopping threads took: 0.0000194 seconds
2019-04-08T13:46:49.291+0800: 16.389: Total time for which application threads were stopped: 0.0000640 seconds, Stopping threads took: 0.0000201 seconds
2019-04-08T13:46:49.322+0800: 16.422: Total time for which application threads were stopped: 0.0000786 seconds, Stopping threads took: 0.0000324 seconds
2019-04-08T13:46:49.338+0800: 16.447: Total time for which application threads were stopped: 0.0000683 seconds, Stopping threads took: 0.0000201 seconds
2019-04-08T13:46:49.353+0800: 16.455: Total time for which application threads were stopped: 0.0001173 seconds, Stopping threads took: 0.0000427 seconds
2019-04-08T13:46:49.353+0800: 16.455: Total time for which application threads were stopped: 0.0001067 seconds, Stopping threads took: 0.0000194 seconds
2019-04-08T13:46:49.353+0800: 16.455: Total time for which application threads were stopped: 0.0000920 seconds, Stopping threads took: 0.0000201 seconds
2019-04-08T13:46:49.353+0800: 16.455: Total time for which application threads were stopped: 0.0000988 seconds, Stopping threads took: 0.0000166 seconds
2019-04-08T13:46:49.353+0800: 16.456: Total time for which application threads were stopped: 0.0005329 seconds, Stopping threads took: 0.0004448 seconds
2019-04-08T13:46:49.353+0800: 16.456: Total time for which application threads were stopped: 0.0000885 seconds, Stopping threads took: 0.0000221 seconds
2019-04-08T13:46:49.353+0800: 16.456: Total time for which application threads were stopped: 0.0000996 seconds, Stopping threads took: 0.0000249 seconds
2019-04-08T13:46:49.353+0800: 16.456: Total time for which application threads were stopped: 0.0001027 seconds, Stopping threads took: 0.0000296 seconds
2019-04-08T13:46:49.353+0800: 16.456: Total time for which application threads were stopped: 0.0000960 seconds, Stopping threads took: 0.0000273 seconds
2019-04-08T13:46:49.353+0800: 16.457: Total time for which application threads were stopped: 0.0001035 seconds, Stopping threads took: 0.0000332 seconds
2019-04-08T13:46:49.353+0800: 16.457: Total time for which application threads were stopped: 0.0000814 seconds, Stopping threads took: 0.0000213 seconds
2019-04-08T13:46:49.353+0800: 16.457: Total time for which application threads were stopped: 0.0000849 seconds, Stopping threads took: 0.0000221 seconds
2019-04-08T13:46:49.353+0800: 16.457: Total time for which application threads were stopped: 0.0000936 seconds, Stopping threads took: 0.0000225 seconds
2019-04-08T13:46:49.353+0800: 16.457: Total time for which application threads were stopped: 0.0000798 seconds, Stopping threads took: 0.0000162 seconds
2019-04-08T13:46:49.353+0800: 16.457: Total time for which application threads were stopped: 0.0000668 seconds, Stopping threads took: 0.0000158 seconds
2019-04-08T13:46:49.353+0800: 16.457: Total time for which application threads were stopped: 0.0000893 seconds, Stopping threads took: 0.0000277 seconds
2019-04-08T13:46:49.353+0800: 16.457: Total time for which application threads were stopped: 0.0000905 seconds, Stopping threads took: 0.0000273 seconds
2019-04-08T13:46:49.353+0800: 16.458: Total time for which application threads were stopped: 0.0000853 seconds, Stopping threads took: 0.0000399 seconds
2019-04-08T13:46:49.353+0800: 16.458: Total time for which application threads were stopped: 0.0000597 seconds, Stopping threads took: 0.0000154 seconds
2019-04-08T13:46:49.353+0800: 16.458: Total time for which application threads were stopped: 0.0000581 seconds, Stopping threads took: 0.0000134 seconds
2019-04-08T13:46:49.353+0800: 16.458: Total time for which application threads were stopped: 0.0000877 seconds, Stopping threads took: 0.0000277 seconds
2019-04-08T13:46:49.353+0800: 16.458: Total time for which application threads were stopped: 0.0001371 seconds, Stopping threads took: 0.0000269 seconds
2019-04-08T13:46:49.353+0800: 16.458: Total time for which application threads were stopped: 0.0000917 seconds, Stopping threads took: 0.0000375 seconds
2019-04-08T13:46:49.353+0800: 16.459: Total time for which application threads were stopped: 0.0000624 seconds, Stopping threads took: 0.0000142 seconds
2019-04-08T13:46:49.353+0800: 16.459: Total time for which application threads were stopped: 0.0000739 seconds, Stopping threads took: 0.0000138 seconds
2019-04-08T13:46:49.353+0800: 16.459: Total time for which application threads were stopped: 0.0000743 seconds, Stopping threads took: 0.0000273 seconds
2019-04-08T13:46:49.353+0800: 16.459: Total time for which application threads were stopped: 0.0000762 seconds, Stopping threads took: 0.0000138 seconds
2019-04-08T13:46:49.353+0800: 16.459: Total time for which application threads were stopped: 0.0000569 seconds, Stopping threads took: 0.0000103 seconds
2019-04-08T13:46:49.353+0800: 16.459: Total time for which application threads were stopped: 0.0000608 seconds, Stopping threads took: 0.0000134 seconds
2019-04-08T13:46:49.353+0800: 16.460: Total time for which application threads were stopped: 0.0000762 seconds, Stopping threads took: 0.0000146 seconds
2019-04-08T13:46:49.353+0800: 16.461: Total time for which application threads were stopped: 0.0001320 seconds, Stopping threads took: 0.0000415 seconds
2019-04-08T13:46:49.353+0800: 16.461: Total time for which application threads were stopped: 0.0000743 seconds, Stopping threads took: 0.0000186 seconds
2019-04-08T13:46:49.353+0800: 16.462: Total time for which application threads were stopped: 0.0000924 seconds, Stopping threads took: 0.0000454 seconds
2019-04-08T13:46:49.353+0800: 16.462: Total time for which application threads were stopped: 0.0000849 seconds, Stopping threads took: 0.0000518 seconds
2019-04-08T13:46:49.353+0800: 16.462: Total time for which application threads were stopped: 0.0000695 seconds, Stopping threads took: 0.0000367 seconds
2019-04-08T13:46:49.353+0800: 16.462: Total time for which application threads were stopped: 0.0000719 seconds, Stopping threads took: 0.0000415 seconds
2019-04-08T13:46:49.353+0800: 16.462: Total time for which application threads were stopped: 0.0000616 seconds, Stopping threads took: 0.0000324 seconds
2019-04-08T13:46:49.353+0800: 16.462: Total time for which application threads were stopped: 0.0000810 seconds, Stopping threads took: 0.0000502 seconds
2019-04-08T13:46:49.353+0800: 16.463: Total time for which application threads were stopped: 0.0000652 seconds, Stopping threads took: 0.0000352 seconds
2019-04-08T13:46:49.353+0800: 16.463: Total time for which application threads were stopped: 0.0000660 seconds, Stopping threads took: 0.0000367 seconds
2019-04-08T13:46:49.353+0800: 16.463: Total time for which application threads were stopped: 0.0000687 seconds, Stopping threads took: 0.0000344 seconds
2019-04-08T13:46:49.353+0800: 16.464: Total time for which application threads were stopped: 0.0001442 seconds, Stopping threads took: 0.0000857 seconds
2019-04-08T13:46:49.353+0800: 16.464: Total time for which application threads were stopped: 0.0000676 seconds, Stopping threads took: 0.0000308 seconds
2019-04-08T13:46:49.353+0800: 16.464: Total time for which application threads were stopped: 0.0000766 seconds, Stopping threads took: 0.0000403 seconds
2019-04-08T13:46:49.353+0800: 16.464: Total time for which application threads were stopped: 0.0000553 seconds, Stopping threads took: 0.0000166 seconds
2019-04-08T13:46:49.369+0800: 16.464: Total time for which application threads were stopped: 0.0000972 seconds, Stopping threads took: 0.0000486 seconds
2019-04-08T13:46:49.369+0800: 16.464: Total time for which application threads were stopped: 0.0000687 seconds, Stopping threads took: 0.0000288 seconds
2019-04-08T13:46:49.369+0800: 16.464: Total time for which application threads were stopped: 0.0000600 seconds, Stopping threads took: 0.0000198 seconds
2019-04-08T13:46:49.369+0800: 16.464: Total time for which application threads were stopped: 0.0000810 seconds, Stopping threads took: 0.0000300 seconds
2019-04-08T13:46:49.369+0800: 16.465: Total time for which application threads were stopped: 0.0000695 seconds, Stopping threads took: 0.0000178 seconds
2019-04-08T13:46:49.369+0800: 16.465: Total time for which application threads were stopped: 0.0000743 seconds, Stopping threads took: 0.0000328 seconds
2019-04-08T13:46:49.369+0800: 16.465: Total time for which application threads were stopped: 0.0001845 seconds, Stopping threads took: 0.0000395 seconds
2019-04-08T13:46:49.369+0800: 16.473: Total time for which application threads were stopped: 0.0000774 seconds, Stopping threads took: 0.0000257 seconds
2019-04-08T13:46:49.384+0800: 16.485: Total time for which application threads were stopped: 0.0001296 seconds, Stopping threads took: 0.0000423 seconds
2019-04-08T13:46:49.400+0800: 16.504: Total time for which application threads were stopped: 0.0001146 seconds, Stopping threads took: 0.0000332 seconds
2019-04-08T13:46:49.416+0800: 16.514: Total time for which application threads were stopped: 0.0001501 seconds, Stopping threads took: 0.0000296 seconds
2019-04-08T13:46:49.509+0800: 16.619: Total time for which application threads were stopped: 0.0003125 seconds, Stopping threads took: 0.0000399 seconds
2019-04-08T13:46:49.525+0800: 16.633: Total time for which application threads were stopped: 0.0000774 seconds, Stopping threads took: 0.0000249 seconds
2019-04-08T13:46:49.603+0800: 16.701: Total time for which application threads were stopped: 0.0000759 seconds, Stopping threads took: 0.0000245 seconds
2019-04-08T13:46:50.087+0800: 17.183: [GC (CMS Initial Mark) [1 CMS-initial-mark: 0K(393216K)] 94318K(502464K), 0.0081410 secs] [Times: user=0.00 sys=0.00, real=0.00 secs] 
2019-04-08T13:46:50.087+0800: 17.191: Total time for which application threads were stopped: 0.0083338 seconds, Stopping threads took: 0.0000352 seconds
2019-04-08T13:46:50.087+0800: 17.191: [CMS-concurrent-mark-start]
2019-04-08T13:46:50.087+0800: 17.191: [CMS-concurrent-mark: 0.000/0.000 secs] [Times: user=0.00 sys=0.00, real=0.00 secs] 
2019-04-08T13:46:50.087+0800: 17.191: [CMS-concurrent-preclean-start]
2019-04-08T13:46:50.087+0800: 17.192: [CMS-concurrent-preclean: 0.001/0.001 secs] [Times: user=0.00 sys=0.00, real=0.00 secs] 
2019-04-08T13:46:50.087+0800: 17.192: [CMS-concurrent-abortable-preclean-start]
2019-04-08T13:46:50.119+0800: 17.224: Total time for which application threads were stopped: 0.0001233 seconds, Stopping threads took: 0.0000462 seconds
2019-04-08T13:46:50.134+0800: 17.244: Total time for which application threads were stopped: 0.0000719 seconds, Stopping threads took: 0.0000249 seconds
{Heap before GC invocations=1 (full 1):
 par new generation   total 109248K, used 98659K [0x00000000e0000000, 0x00000000e8000000, 0x00000000e8000000)
  eden space 87424K, 100% used [0x00000000e0000000, 0x00000000e5560000, 0x00000000e5560000)
  from space 21824K,  51% used [0x00000000e6ab0000, 0x00000000e75a8ce8, 0x00000000e8000000)
  to   space 21824K,   0% used [0x00000000e5560000, 0x00000000e5560000, 0x00000000e6ab0000)
 concurrent mark-sweep generation total 393216K, used 0K [0x00000000e8000000, 0x0000000100000000, 0x0000000100000000)
 Metaspace       used 23914K, capacity 24408K, committed 24540K, reserved 1071104K
  class space    used 2935K, capacity 3098K, committed 3120K, reserved 1048576K
2019-04-08T13:46:50.150+0800: 17.255: [GC (Allocation Failure) 2019-04-08T13:46:50.150+0800: 17.255: [ParNew
Desired survivor size 20112992 bytes, new threshold 8 (max 8)
- age   1:    5494160 bytes,    5494160 total
- age   2:    5488784 bytes,   10982944 total
: 98659K->13563K(109248K), 0.0110191 secs] 98659K->13563K(502464K), 0.0110925 secs] [Times: user=0.06 sys=0.00, real=0.02 secs] 
Heap after GC invocations=2 (full 1):
 par new generation   total 109248K, used 13563K [0x00000000e0000000, 0x00000000e8000000, 0x00000000e8000000)
  eden space 87424K,   0% used [0x00000000e0000000, 0x00000000e0000000, 0x00000000e5560000)
  from space 21824K,  62% used [0x00000000e5560000, 0x00000000e629ef00, 0x00000000e6ab0000)
  to   space 21824K,   0% used [0x00000000e6ab0000, 0x00000000e6ab0000, 0x00000000e8000000)
 concurrent mark-sweep generation total 393216K, used 0K [0x00000000e8000000, 0x0000000100000000, 0x0000000100000000)
 Metaspace       used 23914K, capacity 24408K, committed 24540K, reserved 1071104K
  class space    used 2935K, capacity 3098K, committed 3120K, reserved 1048576K
}
2019-04-08T13:46:50.166+0800: 17.266: Total time for which application threads were stopped: 0.0113280 seconds, Stopping threads took: 0.0000304 seconds
2019-04-08T13:46:50.166+0800: 17.267: Total time for which application threads were stopped: 0.0002426 seconds, Stopping threads took: 0.0000458 seconds
2019-04-08T13:46:50.166+0800: 17.267: Total time for which application threads were stopped: 0.0001150 seconds, Stopping threads took: 0.0000375 seconds
2019-04-08T13:46:50.166+0800: 17.269: Total time for which application threads were stopped: 0.0001268 seconds, Stopping threads took: 0.0000387 seconds
2019-04-08T13:46:50.166+0800: 17.269: Total time for which application threads were stopped: 0.0000920 seconds, Stopping threads took: 0.0000178 seconds
2019-04-08T13:46:50.166+0800: 17.269: Total time for which application threads were stopped: 0.0000897 seconds, Stopping threads took: 0.0000182 seconds
2019-04-08T13:46:50.166+0800: 17.269: Total time for which application threads were stopped: 0.0000857 seconds, Stopping threads took: 0.0000170 seconds
2019-04-08T13:46:50.166+0800: 17.269: Total time for which application threads were stopped: 0.0000889 seconds, Stopping threads took: 0.0000237 seconds
2019-04-08T13:46:50.166+0800: 17.269: Total time for which application threads were stopped: 0.0000802 seconds, Stopping threads took: 0.0000162 seconds
2019-04-08T13:46:50.166+0800: 17.269: Total time for which application threads were stopped: 0.0000770 seconds, Stopping threads took: 0.0000150 seconds
2019-04-08T13:46:50.166+0800: 17.270: Total time for which application threads were stopped: 0.0000759 seconds, Stopping threads took: 0.0000158 seconds
2019-04-08T13:46:50.166+0800: 17.270: Total time for which application threads were stopped: 0.0000774 seconds, Stopping threads took: 0.0000162 seconds
2019-04-08T13:46:50.166+0800: 17.270: Total time for which application threads were stopped: 0.0000755 seconds, Stopping threads took: 0.0000146 seconds
2019-04-08T13:46:50.166+0800: 17.270: Total time for which application threads were stopped: 0.0000766 seconds, Stopping threads took: 0.0000162 seconds
2019-04-08T13:46:50.166+0800: 17.270: Total time for which application threads were stopped: 0.0000802 seconds, Stopping threads took: 0.0000158 seconds
2019-04-08T13:46:50.166+0800: 17.270: Total time for which application threads were stopped: 0.0000802 seconds, Stopping threads took: 0.0000162 seconds
2019-04-08T13:46:50.166+0800: 17.270: Total time for which application threads were stopped: 0.0000762 seconds, Stopping threads took: 0.0000150 seconds
2019-04-08T13:46:50.166+0800: 17.270: Total time for which application threads were stopped: 0.0000727 seconds, Stopping threads took: 0.0000150 seconds
2019-04-08T13:46:50.166+0800: 17.271: Total time for which application threads were stopped: 0.0001043 seconds, Stopping threads took: 0.0000324 seconds
2019-04-08T13:46:50.166+0800: 17.271: Total time for which application threads were stopped: 0.0000972 seconds, Stopping threads took: 0.0000435 seconds
2019-04-08T13:46:50.166+0800: 17.271: Total time for which application threads were stopped: 0.0001442 seconds, Stopping threads took: 0.0000502 seconds
2019-04-08T13:46:50.166+0800: 17.271: Total time for which application threads were stopped: 0.0000881 seconds, Stopping threads took: 0.0000379 seconds
2019-04-08T13:46:50.166+0800: 17.271: Total time for which application threads were stopped: 0.0001126 seconds, Stopping threads took: 0.0000352 seconds
2019-04-08T13:46:50.166+0800: 17.272: Total time for which application threads were stopped: 0.0000885 seconds, Stopping threads took: 0.0000328 seconds
2019-04-08T13:46:50.166+0800: 17.272: Total time for which application threads were stopped: 0.0000778 seconds, Stopping threads took: 0.0000162 seconds
2019-04-08T13:46:50.166+0800: 17.272: Total time for which application threads were stopped: 0.0000691 seconds, Stopping threads took: 0.0000154 seconds
2019-04-08T13:46:50.197+0800: 17.292: Total time for which application threads were stopped: 0.0204113 seconds, Stopping threads took: 0.0202789 seconds
2019-04-08T13:46:50.197+0800: 17.292: Total time for which application threads were stopped: 0.0001244 seconds, Stopping threads took: 0.0000367 seconds
2019-04-08T13:46:50.197+0800: 17.295: Total time for which application threads were stopped: 0.0001090 seconds, Stopping threads took: 0.0000336 seconds
2019-04-08T13:46:50.197+0800: 17.298: Total time for which application threads were stopped: 0.0000913 seconds, Stopping threads took: 0.0000288 seconds
2019-04-08T13:46:50.212+0800: 17.314: Total time for which application threads were stopped: 0.0000952 seconds, Stopping threads took: 0.0000316 seconds
2019-04-08T13:46:50.212+0800: 17.315: Total time for which application threads were stopped: 0.0000936 seconds, Stopping threads took: 0.0000225 seconds
2019-04-08T13:46:50.212+0800: 17.320: Total time for which application threads were stopped: 0.0001067 seconds, Stopping threads took: 0.0000304 seconds
2019-04-08T13:46:50.259+0800: 17.363: Total time for which application threads were stopped: 0.0001098 seconds, Stopping threads took: 0.0000205 seconds
2019-04-08T13:46:50.291+0800: 17.387: Total time for which application threads were stopped: 0.0001067 seconds, Stopping threads took: 0.0000198 seconds
2019-04-08T13:46:50.306+0800: 17.416: Total time for which application threads were stopped: 0.0001126 seconds, Stopping threads took: 0.0000340 seconds
2019-04-08T13:46:50.384+0800: 17.492: Total time for which application threads were stopped: 0.0001402 seconds, Stopping threads took: 0.0000537 seconds
2019-04-08T13:46:50.415+0800: 17.520: Total time for which application threads were stopped: 0.0003263 seconds, Stopping threads took: 0.0000316 seconds
2019-04-08T13:46:50.447+0800: 17.552: Total time for which application threads were stopped: 0.0001620 seconds, Stopping threads took: 0.0000470 seconds
2019-04-08T13:46:50.509+0800: 17.616: Total time for which application threads were stopped: 0.0000873 seconds, Stopping threads took: 0.0000217 seconds
2019-04-08T13:46:50.556+0800: 17.661: Total time for which application threads were stopped: 0.0000932 seconds, Stopping threads took: 0.0000221 seconds
2019-04-08T13:46:50.603+0800: 17.703: Total time for which application threads were stopped: 0.0000759 seconds, Stopping threads took: 0.0000213 seconds
2019-04-08T13:46:50.634+0800: 17.734: Total time for which application threads were stopped: 0.0001039 seconds, Stopping threads took: 0.0000241 seconds
2019-04-08T13:46:50.634+0800: 17.735: Total time for which application threads were stopped: 0.0000751 seconds, Stopping threads took: 0.0000194 seconds
2019-04-08T13:46:50.634+0800: 17.735: [CMS-concurrent-abortable-preclean: 0.417/0.543 secs] [Times: user=1.50 sys=0.06, real=0.55 secs] 
2019-04-08T13:46:50.634+0800: 17.735: [GC (CMS Final Remark) [YG occupancy: 66193 K (109248 K)]{Heap before GC invocations=2 (full 1):
 par new generation   total 109248K, used 66193K [0x00000000e0000000, 0x00000000e8000000, 0x00000000e8000000)
  eden space 87424K,  60% used [0x00000000e0000000, 0x00000000e3365810, 0x00000000e5560000)
  from space 21824K,  62% used [0x00000000e5560000, 0x00000000e629ef00, 0x00000000e6ab0000)
  to   space 21824K,   0% used [0x00000000e6ab0000, 0x00000000e6ab0000, 0x00000000e8000000)
 concurrent mark-sweep generation total 393216K, used 0K [0x00000000e8000000, 0x0000000100000000, 0x0000000100000000)
 Metaspace       used 26378K, capacity 27060K, committed 27196K, reserved 1073152K
  class space    used 3270K, capacity 3490K, committed 3528K, reserved 1048576K
2019-04-08T13:46:50.634+0800: 17.736: [GC (CMS Final Remark) 2019-04-08T13:46:50.634+0800: 17.736: [ParNew
Desired survivor size 20112992 bytes, new threshold 8 (max 8)
- age   1:    3764368 bytes,    3764368 total
- age   2:    2269992 bytes,    6034360 total
- age   3:    5419136 bytes,   11453496 total
: 66193K->17044K(109248K), 0.0082378 secs] 66193K->17044K(502464K), 0.0082892 secs] [Times: user=0.00 sys=0.00, real=0.00 secs] 
Heap after GC invocations=3 (full 1):
 par new generation   total 109248K, used 17044K [0x00000000e0000000, 0x00000000e8000000, 0x00000000e8000000)
  eden space 87424K,   0% used [0x00000000e0000000, 0x00000000e0000000, 0x00000000e5560000)
  from space 21824K,  78% used [0x00000000e6ab0000, 0x00000000e7b55080, 0x00000000e8000000)
  to   space 21824K,   0% used [0x00000000e5560000, 0x00000000e5560000, 0x00000000e6ab0000)
 concurrent mark-sweep generation total 393216K, used 0K [0x00000000e8000000, 0x0000000100000000, 0x0000000100000000)
 Metaspace       used 26378K, capacity 27060K, committed 27196K, reserved 1073152K
  class space    used 3270K, capacity 3490K, committed 3528K, reserved 1048576K
}
2019-04-08T13:46:50.634+0800: 17.744: [Rescan (parallel) , 0.0029491 secs]2019-04-08T13:46:50.650+0800: 17.747: [weak refs processing, 0.0005871 secs]2019-04-08T13:46:50.650+0800: 17.747: [class unloading, 0.0027962 secs]2019-04-08T13:46:50.650+0800: 17.750: [scrub symbol table, 0.0029657 secs]2019-04-08T13:46:50.650+0800: 17.753: [scrub string table, 0.0002797 secs][1 CMS-remark: 0K(393216K)] 17044K(502464K), 0.0186039 secs] [Times: user=0.06 sys=0.00, real=0.02 secs] 
2019-04-08T13:46:50.650+0800: 17.755: Total time for which application threads were stopped: 0.0192190 seconds, Stopping threads took: 0.0000277 seconds
2019-04-08T13:46:50.650+0800: 17.755: [CMS-concurrent-sweep-start]
2019-04-08T13:46:50.650+0800: 17.755: [CMS-concurrent-sweep: 0.000/0.000 secs] [Times: user=0.00 sys=0.00, real=0.00 secs] 
2019-04-08T13:46:50.650+0800: 17.755: [CMS-concurrent-reset-start]
2019-04-08T13:46:50.650+0800: 17.756: Total time for which application threads were stopped: 0.0001237 seconds, Stopping threads took: 0.0000296 seconds
2019-04-08T13:46:50.650+0800: 17.757: Total time for which application threads were stopped: 0.0000853 seconds, Stopping threads took: 0.0000130 seconds
2019-04-08T13:46:50.650+0800: 17.757: Total time for which application threads were stopped: 0.0000680 seconds, Stopping threads took: 0.0000186 seconds
2019-04-08T13:46:50.650+0800: 17.758: Total time for which application threads were stopped: 0.0000940 seconds, Stopping threads took: 0.0000332 seconds
2019-04-08T13:46:50.650+0800: 17.759: Total time for which application threads were stopped: 0.0000897 seconds, Stopping threads took: 0.0000367 seconds
2019-04-08T13:46:50.650+0800: 17.759: [CMS-concurrent-reset: 0.004/0.004 secs] [Times: user=0.00 sys=0.00, real=0.00 secs] 
2019-04-08T13:46:50.650+0800: 17.759: Total time for which application threads were stopped: 0.0000936 seconds, Stopping threads took: 0.0000458 seconds
2019-04-08T13:46:50.650+0800: 17.759: Total time for which application threads were stopped: 0.0000928 seconds, Stopping threads took: 0.0000324 seconds
2019-04-08T13:46:50.650+0800: 17.759: Total time for which application threads were stopped: 0.0000932 seconds, Stopping threads took: 0.0000458 seconds
2019-04-08T13:46:50.650+0800: 17.759: Total time for which application threads were stopped: 0.0001011 seconds, Stopping threads took: 0.0000553 seconds
2019-04-08T13:46:50.650+0800: 17.760: Total time for which application threads were stopped: 0.0001549 seconds, Stopping threads took: 0.0000284 seconds
2019-04-08T13:46:50.650+0800: 17.760: Total time for which application threads were stopped: 0.0000948 seconds, Stopping threads took: 0.0000352 seconds
2019-04-08T13:46:50.650+0800: 17.760: Total time for which application threads were stopped: 0.0000810 seconds, Stopping threads took: 0.0000348 seconds
2019-04-08T13:46:50.650+0800: 17.760: Total time for which application threads were stopped: 0.0000648 seconds, Stopping threads took: 0.0000186 seconds
2019-04-08T13:46:50.650+0800: 17.760: Total time for which application threads were stopped: 0.0000909 seconds, Stopping threads took: 0.0000316 seconds
2019-04-08T13:46:50.650+0800: 17.760: Total time for which application threads were stopped: 0.0000996 seconds, Stopping threads took: 0.0000269 seconds
2019-04-08T13:46:50.728+0800: 17.839: Total time for which application threads were stopped: 0.0002366 seconds, Stopping threads took: 0.0001339 seconds
2019-04-08T13:46:50.744+0800: 17.839: Total time for which application threads were stopped: 0.0001715 seconds, Stopping threads took: 0.0000664 seconds
2019-04-08T13:46:50.744+0800: 17.839: Total time for which application threads were stopped: 0.0001825 seconds, Stopping threads took: 0.0000834 seconds
2019-04-08T13:46:50.744+0800: 17.839: Total time for which application threads were stopped: 0.0001209 seconds, Stopping threads took: 0.0000810 seconds
2019-04-08T13:46:50.744+0800: 17.840: Total time for which application threads were stopped: 0.0002042 seconds, Stopping threads took: 0.0001114 seconds
2019-04-08T13:46:50.744+0800: 17.840: Total time for which application threads were stopped: 0.0000920 seconds, Stopping threads took: 0.0000304 seconds
2019-04-08T13:46:50.744+0800: 17.840: Total time for which application threads were stopped: 0.0001758 seconds, Stopping threads took: 0.0001280 seconds
2019-04-08T13:46:50.744+0800: 17.840: Total time for which application threads were stopped: 0.0000549 seconds, Stopping threads took: 0.0000166 seconds
2019-04-08T13:46:50.744+0800: 17.841: Total time for which application threads were stopped: 0.0001071 seconds, Stopping threads took: 0.0000320 seconds
2019-04-08T13:46:50.744+0800: 17.841: Total time for which application threads were stopped: 0.0000996 seconds, Stopping threads took: 0.0000312 seconds
2019-04-08T13:46:50.744+0800: 17.841: Total time for which application threads were stopped: 0.0001019 seconds, Stopping threads took: 0.0000407 seconds
2019-04-08T13:46:50.744+0800: 17.842: Total time for which application threads were stopped: 0.0002078 seconds, Stopping threads took: 0.0001560 seconds
2019-04-08T13:46:50.744+0800: 17.843: Total time for which application threads were stopped: 0.0002252 seconds, Stopping threads took: 0.0001568 seconds
2019-04-08T13:46:50.744+0800: 17.843: Total time for which application threads were stopped: 0.0001150 seconds, Stopping threads took: 0.0000521 seconds
2019-04-08T13:46:50.744+0800: 17.843: Total time for which application threads were stopped: 0.0000853 seconds, Stopping threads took: 0.0000482 seconds
2019-04-08T13:46:50.744+0800: 17.843: Total time for which application threads were stopped: 0.0000794 seconds, Stopping threads took: 0.0000446 seconds
2019-04-08T13:46:50.744+0800: 17.844: Total time for which application threads were stopped: 0.0000920 seconds, Stopping threads took: 0.0000316 seconds
2019-04-08T13:46:50.744+0800: 17.844: Total time for which application threads were stopped: 0.0002098 seconds, Stopping threads took: 0.0000340 seconds
2019-04-08T13:46:50.744+0800: 17.845: Total time for which application threads were stopped: 0.0001399 seconds, Stopping threads took: 0.0000371 seconds
2019-04-08T13:46:50.744+0800: 17.845: Total time for which application threads were stopped: 0.0000984 seconds, Stopping threads took: 0.0000292 seconds
2019-04-08T13:46:50.744+0800: 17.845: Total time for which application threads were stopped: 0.0001264 seconds, Stopping threads took: 0.0000506 seconds
2019-04-08T13:46:50.744+0800: 17.845: Total time for which application threads were stopped: 0.0001304 seconds, Stopping threads took: 0.0000553 seconds
2019-04-08T13:46:50.744+0800: 17.846: Total time for which application threads were stopped: 0.0001051 seconds, Stopping threads took: 0.0000375 seconds
2019-04-08T13:46:50.744+0800: 17.846: Total time for which application threads were stopped: 0.0000980 seconds, Stopping threads took: 0.0000391 seconds
2019-04-08T13:46:50.744+0800: 17.846: Total time for which application threads were stopped: 0.0001181 seconds, Stopping threads took: 0.0000521 seconds
2019-04-08T13:46:50.744+0800: 17.846: Total time for which application threads were stopped: 0.0000865 seconds, Stopping threads took: 0.0000375 seconds
2019-04-08T13:46:50.744+0800: 17.847: Total time for which application threads were stopped: 0.0001114 seconds, Stopping threads took: 0.0000356 seconds
2019-04-08T13:46:50.744+0800: 17.849: Total time for which application threads were stopped: 0.0001916 seconds, Stopping threads took: 0.0000435 seconds
2019-04-08T13:46:50.744+0800: 17.849: Total time for which application threads were stopped: 0.0001244 seconds, Stopping threads took: 0.0000435 seconds
2019-04-08T13:46:50.759+0800: 17.859: Total time for which application threads were stopped: 0.0000948 seconds, Stopping threads took: 0.0000284 seconds
2019-04-08T13:46:50.759+0800: 17.860: Total time for which application threads were stopped: 0.0002149 seconds, Stopping threads took: 0.0000375 seconds
2019-04-08T13:46:50.759+0800: 17.860: Total time for which application threads were stopped: 0.0000644 seconds, Stopping threads took: 0.0000194 seconds
2019-04-08T13:46:50.759+0800: 17.861: Total time for which application threads were stopped: 0.0001288 seconds, Stopping threads took: 0.0000391 seconds
2019-04-08T13:46:50.775+0800: 17.880: Total time for which application threads were stopped: 0.0001667 seconds, Stopping threads took: 0.0000545 seconds
2019-04-08T13:46:50.775+0800: 17.880: Total time for which application threads were stopped: 0.0001272 seconds, Stopping threads took: 0.0000419 seconds
2019-04-08T13:46:50.775+0800: 17.883: Total time for which application threads were stopped: 0.0001244 seconds, Stopping threads took: 0.0000292 seconds
2019-04-08T13:46:50.775+0800: 17.884: Total time for which application threads were stopped: 0.0001331 seconds, Stopping threads took: 0.0000407 seconds
2019-04-08T13:46:50.790+0800: 17.892: Total time for which application threads were stopped: 0.0001280 seconds, Stopping threads took: 0.0000312 seconds
2019-04-08T13:46:50.822+0800: 17.918: Total time for which application threads were stopped: 0.0001956 seconds, Stopping threads took: 0.0000336 seconds
2019-04-08T13:46:50.822+0800: 17.919: Total time for which application threads were stopped: 0.0001268 seconds, Stopping threads took: 0.0000423 seconds
2019-04-08T13:46:50.822+0800: 17.921: Total time for which application threads were stopped: 0.0000687 seconds, Stopping threads took: 0.0000241 seconds
2019-04-08T13:46:50.822+0800: 17.921: Total time for which application threads were stopped: 0.0000988 seconds, Stopping threads took: 0.0000209 seconds
2019-04-08T13:46:50.822+0800: 17.921: Total time for which application threads were stopped: 0.0000857 seconds, Stopping threads took: 0.0000178 seconds
2019-04-08T13:46:50.822+0800: 17.921: Total time for which application threads were stopped: 0.0000893 seconds, Stopping threads took: 0.0000186 seconds
2019-04-08T13:46:50.837+0800: 17.947: Total time for which application threads were stopped: 0.0003994 seconds, Stopping threads took: 0.0000431 seconds
2019-04-08T13:46:50.853+0800: 17.949: Total time for which application threads were stopped: 0.0001450 seconds, Stopping threads took: 0.0000383 seconds
2019-04-08T13:46:50.853+0800: 17.949: Total time for which application threads were stopped: 0.0000968 seconds, Stopping threads took: 0.0000304 seconds
2019-04-08T13:46:50.853+0800: 17.949: Total time for which application threads were stopped: 0.0001063 seconds, Stopping threads took: 0.0000213 seconds
2019-04-08T13:46:50.853+0800: 17.950: Total time for which application threads were stopped: 0.0000920 seconds, Stopping threads took: 0.0000201 seconds
2019-04-08T13:46:50.853+0800: 17.950: Total time for which application threads were stopped: 0.0000944 seconds, Stopping threads took: 0.0000237 seconds
2019-04-08T13:46:50.853+0800: 17.951: Total time for which application threads were stopped: 0.0001355 seconds, Stopping threads took: 0.0000446 seconds
2019-04-08T13:46:50.853+0800: 17.952: Total time for which application threads were stopped: 0.0000881 seconds, Stopping threads took: 0.0000257 seconds
2019-04-08T13:46:50.853+0800: 17.956: Total time for which application threads were stopped: 0.0001529 seconds, Stopping threads took: 0.0000431 seconds
2019-04-08T13:46:50.853+0800: 17.956: Total time for which application threads were stopped: 0.0001414 seconds, Stopping threads took: 0.0000225 seconds
2019-04-08T13:46:50.869+0800: 17.970: Total time for which application threads were stopped: 0.0001086 seconds, Stopping threads took: 0.0000249 seconds
2019-04-08T13:46:50.869+0800: 17.971: Total time for which application threads were stopped: 0.0001363 seconds, Stopping threads took: 0.0000225 seconds
2019-04-08T13:46:50.869+0800: 17.974: Total time for which application threads were stopped: 0.0001489 seconds, Stopping threads took: 0.0000348 seconds
2019-04-08T13:46:50.869+0800: 17.974: Total time for which application threads were stopped: 0.0000928 seconds, Stopping threads took: 0.0000205 seconds
2019-04-08T13:46:50.869+0800: 17.977: Total time for which application threads were stopped: 0.0001438 seconds, Stopping threads took: 0.0000419 seconds
2019-04-08T13:46:50.869+0800: 17.977: Total time for which application threads were stopped: 0.0001150 seconds, Stopping threads took: 0.0000205 seconds
2019-04-08T13:46:50.869+0800: 17.977: Total time for which application threads were stopped: 0.0000810 seconds, Stopping threads took: 0.0000213 seconds
2019-04-08T13:46:50.869+0800: 17.977: Total time for which application threads were stopped: 0.0000636 seconds, Stopping threads took: 0.0000162 seconds
2019-04-08T13:46:50.869+0800: 17.978: Total time for which application threads were stopped: 0.0001150 seconds, Stopping threads took: 0.0000186 seconds
2019-04-08T13:46:50.869+0800: 17.978: Total time for which application threads were stopped: 0.0000920 seconds, Stopping threads took: 0.0000336 seconds
2019-04-08T13:46:50.869+0800: 17.978: Total time for which application threads were stopped: 0.0001233 seconds, Stopping threads took: 0.0000292 seconds
2019-04-08T13:46:50.869+0800: 17.978: Total time for which application threads were stopped: 0.0001055 seconds, Stopping threads took: 0.0000194 seconds
2019-04-08T13:46:50.869+0800: 17.978: Total time for which application threads were stopped: 0.0000869 seconds, Stopping threads took: 0.0000296 seconds
2019-04-08T13:46:50.869+0800: 17.978: Total time for which application threads were stopped: 0.0000755 seconds, Stopping threads took: 0.0000336 seconds
2019-04-08T13:46:50.869+0800: 17.979: Total time for which application threads were stopped: 0.0000917 seconds, Stopping threads took: 0.0000367 seconds
2019-04-08T13:46:50.869+0800: 17.979: Total time for which application threads were stopped: 0.0000861 seconds, Stopping threads took: 0.0000490 seconds
2019-04-08T13:46:50.869+0800: 17.979: Total time for which application threads were stopped: 0.0000877 seconds, Stopping threads took: 0.0000470 seconds
2019-04-08T13:46:50.869+0800: 17.979: Total time for which application threads were stopped: 0.0001110 seconds, Stopping threads took: 0.0000178 seconds
2019-04-08T13:46:50.869+0800: 17.979: Total time for which application threads were stopped: 0.0000727 seconds, Stopping threads took: 0.0000312 seconds
2019-04-08T13:46:50.869+0800: 17.979: Total time for which application threads were stopped: 0.0000549 seconds, Stopping threads took: 0.0000178 seconds
2019-04-08T13:46:50.869+0800: 17.979: Total time for which application threads were stopped: 0.0000624 seconds, Stopping threads took: 0.0000178 seconds
2019-04-08T13:46:50.884+0800: 17.979: Total time for which application threads were stopped: 0.0000936 seconds, Stopping threads took: 0.0000217 seconds
2019-04-08T13:46:50.884+0800: 17.980: Total time for which application threads were stopped: 0.0000960 seconds, Stopping threads took: 0.0000194 seconds
2019-04-08T13:46:50.884+0800: 17.980: Total time for which application threads were stopped: 0.0000743 seconds, Stopping threads took: 0.0000186 seconds
2019-04-08T13:46:50.884+0800: 17.980: Total time for which application threads were stopped: 0.0001320 seconds, Stopping threads took: 0.0000383 seconds
2019-04-08T13:46:50.884+0800: 17.980: Total time for which application threads were stopped: 0.0001000 seconds, Stopping threads took: 0.0000328 seconds
2019-04-08T13:46:50.884+0800: 17.980: Total time for which application threads were stopped: 0.0001316 seconds, Stopping threads took: 0.0000632 seconds
2019-04-08T13:46:50.884+0800: 17.981: Total time for which application threads were stopped: 0.0000924 seconds, Stopping threads took: 0.0000316 seconds
2019-04-08T13:46:50.884+0800: 17.981: Total time for which application threads were stopped: 0.0000928 seconds, Stopping threads took: 0.0000273 seconds
2019-04-08T13:46:50.884+0800: 17.981: Total time for which application threads were stopped: 0.0002920 seconds, Stopping threads took: 0.0000284 seconds
2019-04-08T13:46:50.884+0800: 17.981: Total time for which application threads were stopped: 0.0000968 seconds, Stopping threads took: 0.0000205 seconds
2019-04-08T13:46:50.884+0800: 17.982: Total time for which application threads were stopped: 0.0001387 seconds, Stopping threads took: 0.0000352 seconds
2019-04-08T13:46:50.884+0800: 17.982: Total time for which application threads were stopped: 0.0001118 seconds, Stopping threads took: 0.0000253 seconds
2019-04-08T13:46:50.884+0800: 17.982: Total time for which application threads were stopped: 0.0001197 seconds, Stopping threads took: 0.0000387 seconds
2019-04-08T13:46:50.884+0800: 17.983: Total time for which application threads were stopped: 0.0000865 seconds, Stopping threads took: 0.0000186 seconds
2019-04-08T13:46:50.884+0800: 17.983: Total time for which application threads were stopped: 0.0000830 seconds, Stopping threads took: 0.0000178 seconds
2019-04-08T13:46:50.884+0800: 17.983: Total time for which application threads were stopped: 0.0000798 seconds, Stopping threads took: 0.0000182 seconds
2019-04-08T13:46:50.884+0800: 17.983: Total time for which application threads were stopped: 0.0001134 seconds, Stopping threads took: 0.0000209 seconds
2019-04-08T13:46:50.884+0800: 17.983: Total time for which application threads were stopped: 0.0001410 seconds, Stopping threads took: 0.0000486 seconds
2019-04-08T13:46:51.118+0800: 18.219: Total time for which application threads were stopped: 0.0001722 seconds, Stopping threads took: 0.0000506 seconds
2019-04-08T13:46:51.118+0800: 18.222: Total time for which application threads were stopped: 0.0001260 seconds, Stopping threads took: 0.0000486 seconds
2019-04-08T13:46:51.118+0800: 18.222: Total time for which application threads were stopped: 0.0001027 seconds, Stopping threads took: 0.0000332 seconds
2019-04-08T13:46:51.118+0800: 18.223: Total time for which application threads were stopped: 0.0001237 seconds, Stopping threads took: 0.0000510 seconds
2019-04-08T13:46:51.118+0800: 18.225: Total time for which application threads were stopped: 0.0001438 seconds, Stopping threads took: 0.0000395 seconds
2019-04-08T13:46:51.118+0800: 18.227: Total time for which application threads were stopped: 0.0000877 seconds, Stopping threads took: 0.0000360 seconds
2019-04-08T13:46:51.118+0800: 18.227: Total time for which application threads were stopped: 0.0000755 seconds, Stopping threads took: 0.0000277 seconds
2019-04-08T13:46:51.118+0800: 18.227: Total time for which application threads were stopped: 0.0000632 seconds, Stopping threads took: 0.0000241 seconds
2019-04-08T13:46:51.118+0800: 18.229: Total time for which application threads were stopped: 0.0000885 seconds, Stopping threads took: 0.0000371 seconds
2019-04-08T13:46:51.134+0800: 18.230: Total time for which application threads were stopped: 0.0000766 seconds, Stopping threads took: 0.0000273 seconds
2019-04-08T13:46:51.134+0800: 18.231: Total time for which application threads were stopped: 0.0000778 seconds, Stopping threads took: 0.0000269 seconds
2019-04-08T13:46:51.134+0800: 18.231: Total time for which application threads were stopped: 0.0000739 seconds, Stopping threads took: 0.0000257 seconds
2019-04-08T13:46:51.134+0800: 18.234: Total time for which application threads were stopped: 0.0002556 seconds, Stopping threads took: 0.0000296 seconds
2019-04-08T13:46:51.134+0800: 18.241: Total time for which application threads were stopped: 0.0017320 seconds, Stopping threads took: 0.0016514 seconds
2019-04-08T13:46:51.134+0800: 18.242: Total time for which application threads were stopped: 0.0001035 seconds, Stopping threads took: 0.0000419 seconds
2019-04-08T13:46:51.165+0800: 18.264: Total time for which application threads were stopped: 0.0001019 seconds, Stopping threads took: 0.0000403 seconds
2019-04-08T13:46:51.181+0800: 18.282: Total time for which application threads were stopped: 0.0001209 seconds, Stopping threads took: 0.0000474 seconds
2019-04-08T13:46:51.212+0800: 18.315: Total time for which application threads were stopped: 0.0001343 seconds, Stopping threads took: 0.0000340 seconds
2019-04-08T13:46:51.212+0800: 18.318: Total time for which application threads were stopped: 0.0002900 seconds, Stopping threads took: 0.0002299 seconds
2019-04-08T13:46:51.228+0800: 18.324: Total time for which application threads were stopped: 0.0000948 seconds, Stopping threads took: 0.0000332 seconds
2019-04-08T13:46:51.228+0800: 18.325: Total time for which application threads were stopped: 0.0000699 seconds, Stopping threads took: 0.0000198 seconds
2019-04-08T13:46:51.228+0800: 18.326: Total time for which application threads were stopped: 0.0001422 seconds, Stopping threads took: 0.0000328 seconds
2019-04-08T13:46:51.228+0800: 18.326: Total time for which application threads were stopped: 0.0001067 seconds, Stopping threads took: 0.0000213 seconds
2019-04-08T13:46:51.259+0800: 18.361: Total time for which application threads were stopped: 0.0001414 seconds, Stopping threads took: 0.0000328 seconds
2019-04-08T13:46:51.275+0800: 18.372: Total time for which application threads were stopped: 0.0001308 seconds, Stopping threads took: 0.0000328 seconds
2019-04-08T13:46:51.275+0800: 18.372: Total time for which application threads were stopped: 0.0000988 seconds, Stopping threads took: 0.0000201 seconds
2019-04-08T13:46:51.275+0800: 18.373: Total time for which application threads were stopped: 0.0000834 seconds, Stopping threads took: 0.0000170 seconds
2019-04-08T13:46:51.275+0800: 18.381: Total time for which application threads were stopped: 0.0001007 seconds, Stopping threads took: 0.0000332 seconds
2019-04-08T13:46:51.275+0800: 18.381: Total time for which application threads were stopped: 0.0001181 seconds, Stopping threads took: 0.0000233 seconds
2019-04-08T13:46:51.275+0800: 18.381: Total time for which application threads were stopped: 0.0000988 seconds, Stopping threads took: 0.0000348 seconds
2019-04-08T13:46:51.275+0800: 18.383: Total time for which application threads were stopped: 0.0002011 seconds, Stopping threads took: 0.0000976 seconds
2019-04-08T13:46:51.275+0800: 18.383: Total time for which application threads were stopped: 0.0002244 seconds, Stopping threads took: 0.0001489 seconds
2019-04-08T13:46:51.275+0800: 18.383: Total time for which application threads were stopped: 0.0000940 seconds, Stopping threads took: 0.0000217 seconds
2019-04-08T13:46:51.275+0800: 18.384: Total time for which application threads were stopped: 0.0000660 seconds, Stopping threads took: 0.0000213 seconds
2019-04-08T13:46:51.275+0800: 18.384: Total time for which application threads were stopped: 0.0000944 seconds, Stopping threads took: 0.0000407 seconds
2019-04-08T13:46:51.275+0800: 18.384: Total time for which application threads were stopped: 0.0001126 seconds, Stopping threads took: 0.0000312 seconds
2019-04-08T13:46:51.275+0800: 18.384: Total time for which application threads were stopped: 0.0001181 seconds, Stopping threads took: 0.0000395 seconds
2019-04-08T13:46:51.275+0800: 18.385: Total time for which application threads were stopped: 0.0001106 seconds, Stopping threads took: 0.0000498 seconds
2019-04-08T13:46:51.275+0800: 18.385: Total time for which application threads were stopped: 0.0000861 seconds, Stopping threads took: 0.0000340 seconds
2019-04-08T13:46:51.275+0800: 18.385: Total time for which application threads were stopped: 0.0001114 seconds, Stopping threads took: 0.0000288 seconds
2019-04-08T13:46:51.290+0800: 18.386: Total time for which application threads were stopped: 0.0000849 seconds, Stopping threads took: 0.0000387 seconds
2019-04-08T13:46:51.290+0800: 18.386: Total time for which application threads were stopped: 0.0002916 seconds, Stopping threads took: 0.0002457 seconds
2019-04-08T13:46:51.290+0800: 18.386: Total time for which application threads were stopped: 0.0000964 seconds, Stopping threads took: 0.0000316 seconds
2019-04-08T13:46:51.290+0800: 18.386: Total time for which application threads were stopped: 0.0001086 seconds, Stopping threads took: 0.0000292 seconds
2019-04-08T13:46:51.290+0800: 18.386: Total time for which application threads were stopped: 0.0001118 seconds, Stopping threads took: 0.0000383 seconds
2019-04-08T13:46:51.290+0800: 18.394: Total time for which application threads were stopped: 0.0000972 seconds, Stopping threads took: 0.0000320 seconds
2019-04-08T13:46:51.290+0800: 18.395: Total time for which application threads were stopped: 0.0001059 seconds, Stopping threads took: 0.0000245 seconds
2019-04-08T13:46:51.306+0800: 18.406: Total time for which application threads were stopped: 0.0004267 seconds, Stopping threads took: 0.0000336 seconds
2019-04-08T13:46:51.337+0800: 18.438: Total time for which application threads were stopped: 0.0001758 seconds, Stopping threads took: 0.0000439 seconds
2019-04-08T13:46:51.337+0800: 18.439: Total time for which application threads were stopped: 0.0002074 seconds, Stopping threads took: 0.0000423 seconds
2019-04-08T13:46:51.337+0800: 18.440: Total time for which application threads were stopped: 0.0001707 seconds, Stopping threads took: 0.0000237 seconds
2019-04-08T13:46:51.337+0800: 18.440: Total time for which application threads were stopped: 0.0001118 seconds, Stopping threads took: 0.0000363 seconds
2019-04-08T13:46:51.337+0800: 18.440: Total time for which application threads were stopped: 0.0001560 seconds, Stopping threads took: 0.0000352 seconds
2019-04-08T13:46:52.345+0800: 19.441: Total time for which application threads were stopped: 0.0001916 seconds, Stopping threads took: 0.0000877 seconds
2019-04-08T13:46:53.422+0800: 20.517: Total time for which application threads were stopped: 0.0000992 seconds, Stopping threads took: 0.0000209 seconds
2019-04-08T13:46:56.122+0800: 23.225: Total time for which application threads were stopped: 0.0000719 seconds, Stopping threads took: 0.0000269 seconds
2019-04-08T13:46:56.137+0800: 23.241: Total time for which application threads were stopped: 0.0000739 seconds, Stopping threads took: 0.0000213 seconds
2019-04-08T13:46:56.137+0800: 23.241: Total time for which application threads were stopped: 0.0000624 seconds, Stopping threads took: 0.0000280 seconds
2019-04-08T13:46:56.137+0800: 23.241: Total time for which application threads were stopped: 0.0000573 seconds, Stopping threads took: 0.0000273 seconds
2019-04-08T13:46:56.153+0800: 23.262: Total time for which application threads were stopped: 0.0001094 seconds, Stopping threads took: 0.0000316 seconds
2019-04-08T13:46:56.153+0800: 23.263: Total time for which application threads were stopped: 0.0000818 seconds, Stopping threads took: 0.0000194 seconds
2019-04-08T13:46:56.169+0800: 23.277: Total time for which application threads were stopped: 0.0002110 seconds, Stopping threads took: 0.0000454 seconds
2019-04-08T13:46:56.169+0800: 23.279: Total time for which application threads were stopped: 0.0000849 seconds, Stopping threads took: 0.0000253 seconds
2019-04-08T13:46:56.184+0800: 23.282: Total time for which application threads were stopped: 0.0000747 seconds, Stopping threads took: 0.0000269 seconds
2019-04-08T13:46:56.184+0800: 23.283: Total time for which application threads were stopped: 0.0000826 seconds, Stopping threads took: 0.0000209 seconds
2019-04-08T13:46:56.184+0800: 23.284: Total time for which application threads were stopped: 0.0001197 seconds, Stopping threads took: 0.0000569 seconds
2019-04-08T13:46:56.184+0800: 23.284: Total time for which application threads were stopped: 0.0001217 seconds, Stopping threads took: 0.0000727 seconds
2019-04-08T13:46:56.184+0800: 23.284: Total time for which application threads were stopped: 0.0001102 seconds, Stopping threads took: 0.0000411 seconds
2019-04-08T13:46:56.184+0800: 23.285: Total time for which application threads were stopped: 0.0001063 seconds, Stopping threads took: 0.0000498 seconds
2019-04-08T13:46:56.231+0800: 23.335: Total time for which application threads were stopped: 0.0002477 seconds, Stopping threads took: 0.0001790 seconds
2019-04-08T13:46:56.231+0800: 23.336: Total time for which application threads were stopped: 0.0000759 seconds, Stopping threads took: 0.0000217 seconds
2019-04-08T13:46:56.231+0800: 23.338: Total time for which application threads were stopped: 0.0000857 seconds, Stopping threads took: 0.0000209 seconds
2019-04-08T13:46:56.231+0800: 23.338: Total time for which application threads were stopped: 0.0001774 seconds, Stopping threads took: 0.0000952 seconds
2019-04-08T13:46:56.247+0800: 23.345: Total time for which application threads were stopped: 0.0001687 seconds, Stopping threads took: 0.0000557 seconds
2019-04-08T13:46:56.247+0800: 23.345: Total time for which application threads were stopped: 0.0002110 seconds, Stopping threads took: 0.0000324 seconds
2019-04-08T13:46:56.247+0800: 23.345: Total time for which application threads were stopped: 0.0000980 seconds, Stopping threads took: 0.0000209 seconds
2019-04-08T13:46:56.247+0800: 23.350: Total time for which application threads were stopped: 0.0001304 seconds, Stopping threads took: 0.0000478 seconds
{Heap before GC invocations=3 (full 1):
 par new generation   total 109248K, used 104468K [0x00000000e0000000, 0x00000000e8000000, 0x00000000e8000000)
  eden space 87424K, 100% used [0x00000000e0000000, 0x00000000e5560000, 0x00000000e5560000)
  from space 21824K,  78% used [0x00000000e6ab0000, 0x00000000e7b55080, 0x00000000e8000000)
  to   space 21824K,   0% used [0x00000000e5560000, 0x00000000e5560000, 0x00000000e6ab0000)
 concurrent mark-sweep generation total 393216K, used 0K [0x00000000e8000000, 0x0000000100000000, 0x0000000100000000)
 Metaspace       used 29935K, capacity 30788K, committed 30920K, reserved 1077248K
  class space    used 3791K, capacity 4026K, committed 4040K, reserved 1048576K
2019-04-08T13:46:56.262+0800: 23.371: [GC (Allocation Failure) 2019-04-08T13:46:56.262+0800: 23.371: [ParNew
Desired survivor size 20112992 bytes, new threshold 8 (max 8)
- age   1:    6280776 bytes,    6280776 total
- age   2:    1580704 bytes,    7861480 total
- age   3:    2189216 bytes,   10050696 total
- age   4:    5272752 bytes,   15323448 total
: 104468K->17337K(109248K), 0.0126918 secs] 104468K->17337K(502464K), 0.0127984 secs] [Times: user=0.06 sys=0.00, real=0.02 secs] 
Heap after GC invocations=4 (full 1):
 par new generation   total 109248K, used 17337K [0x00000000e0000000, 0x00000000e8000000, 0x00000000e8000000)
  eden space 87424K,   0% used [0x00000000e0000000, 0x00000000e0000000, 0x00000000e5560000)
  from space 21824K,  79% used [0x00000000e5560000, 0x00000000e664e5e0, 0x00000000e6ab0000)
  to   space 21824K,   0% used [0x00000000e6ab0000, 0x00000000e6ab0000, 0x00000000e8000000)
 concurrent mark-sweep generation total 393216K, used 0K [0x00000000e8000000, 0x0000000100000000, 0x0000000100000000)
 Metaspace       used 29935K, capacity 30788K, committed 30920K, reserved 1077248K
  class space    used 3791K, capacity 4026K, committed 4040K, reserved 1048576K
}
2019-04-08T13:46:56.278+0800: 23.384: Total time for which application threads were stopped: 0.0130864 seconds, Stopping threads took: 0.0000640 seconds
2019-04-08T13:46:56.278+0800: 23.385: Total time for which application threads were stopped: 0.0002773 seconds, Stopping threads took: 0.0000529 seconds
2019-04-08T13:46:56.387+0800: 23.484: Total time for which application threads were stopped: 0.0003002 seconds, Stopping threads took: 0.0000205 seconds
2019-04-08T13:46:56.419+0800: 23.515: Total time for which application threads were stopped: 0.0006040 seconds, Stopping threads took: 0.0001762 seconds
2019-04-08T13:46:56.434+0800: 23.540: Total time for which application threads were stopped: 0.0012310 seconds, Stopping threads took: 0.0011496 seconds
2019-04-08T13:46:56.450+0800: 23.548: Total time for which application threads were stopped: 0.0000778 seconds, Stopping threads took: 0.0000288 seconds
2019-04-08T13:46:56.528+0800: 23.625: Total time for which application threads were stopped: 0.0001146 seconds, Stopping threads took: 0.0000284 seconds
2019-04-08T13:46:56.559+0800: 23.665: Total time for which application threads were stopped: 0.0001474 seconds, Stopping threads took: 0.0000332 seconds
{Heap before GC invocations=4 (full 1):
 par new generation   total 109248K, used 104761K [0x00000000e0000000, 0x00000000e8000000, 0x00000000e8000000)
  eden space 87424K, 100% used [0x00000000e0000000, 0x00000000e5560000, 0x00000000e5560000)
  from space 21824K,  79% used [0x00000000e5560000, 0x00000000e664e5e0, 0x00000000e6ab0000)
  to   space 21824K,   0% used [0x00000000e6ab0000, 0x00000000e6ab0000, 0x00000000e8000000)
 concurrent mark-sweep generation total 393216K, used 0K [0x00000000e8000000, 0x0000000100000000, 0x0000000100000000)
 Metaspace       used 30973K, capacity 31802K, committed 32072K, reserved 1077248K
  class space    used 3894K, capacity 4133K, committed 4168K, reserved 1048576K
2019-04-08T13:46:56.575+0800: 23.682: [GC (Allocation Failure) 2019-04-08T13:46:56.575+0800: 23.682: [ParNew
Desired survivor size 20112992 bytes, new threshold 8 (max 8)
- age   1:    2223056 bytes,    2223056 total
- age   2:    2631368 bytes,    4854424 total
- age   3:    1572016 bytes,    6426440 total
- age   4:    2187992 bytes,    8614432 total
- age   5:    5264744 bytes,   13879176 total
: 104761K->21486K(109248K), 0.0133942 secs] 104761K->21486K(502464K), 0.0135482 secs] [Times: user=0.06 sys=0.00, real=0.01 secs] 
Heap after GC invocations=5 (full 1):
 par new generation   total 109248K, used 21486K [0x00000000e0000000, 0x00000000e8000000, 0x00000000e8000000)
  eden space 87424K,   0% used [0x00000000e0000000, 0x00000000e0000000, 0x00000000e5560000)
  from space 21824K,  98% used [0x00000000e6ab0000, 0x00000000e7fab990, 0x00000000e8000000)
  to   space 21824K,   0% used [0x00000000e5560000, 0x00000000e5560000, 0x00000000e6ab0000)
 concurrent mark-sweep generation total 393216K, used 0K [0x00000000e8000000, 0x0000000100000000, 0x0000000100000000)
 Metaspace       used 30973K, capacity 31802K, committed 32072K, reserved 1077248K
  class space    used 3894K, capacity 4133K, committed 4168K, reserved 1048576K
}
2019-04-08T13:46:56.590+0800: 23.695: Total time for which application threads were stopped: 0.0138276 seconds, Stopping threads took: 0.0000482 seconds
2019-04-08T13:46:56.606+0800: 23.712: Total time for which application threads were stopped: 0.0001272 seconds, Stopping threads took: 0.0000620 seconds
2019-04-08T13:46:56.622+0800: 23.724: Total time for which application threads were stopped: 0.0001118 seconds, Stopping threads took: 0.0000379 seconds
2019-04-08T13:46:56.622+0800: 23.725: Total time for which application threads were stopped: 0.0001011 seconds, Stopping threads took: 0.0000221 seconds
2019-04-08T13:46:56.622+0800: 23.725: Total time for which application threads were stopped: 0.0001027 seconds, Stopping threads took: 0.0000296 seconds
2019-04-08T13:46:56.622+0800: 23.725: Total time for which application threads were stopped: 0.0000913 seconds, Stopping threads took: 0.0000233 seconds
2019-04-08T13:46:56.622+0800: 23.727: Total time for which application threads were stopped: 0.0001158 seconds, Stopping threads took: 0.0000292 seconds
2019-04-08T13:46:56.622+0800: 23.729: Total time for which application threads were stopped: 0.0001719 seconds, Stopping threads took: 0.0000363 seconds
2019-04-08T13:46:56.637+0800: 23.736: Total time for which application threads were stopped: 0.0001181 seconds, Stopping threads took: 0.0000348 seconds
2019-04-08T13:46:56.637+0800: 23.736: Total time for which application threads were stopped: 0.0000952 seconds, Stopping threads took: 0.0000209 seconds
2019-04-08T13:46:56.637+0800: 23.737: Total time for which application threads were stopped: 0.0000683 seconds, Stopping threads took: 0.0000186 seconds
2019-04-08T13:46:56.637+0800: 23.737: Total time for which application threads were stopped: 0.0000703 seconds, Stopping threads took: 0.0000190 seconds
2019-04-08T13:46:56.637+0800: 23.737: Total time for which application threads were stopped: 0.0000849 seconds, Stopping threads took: 0.0000201 seconds
2019-04-08T13:46:56.637+0800: 23.737: Total time for which application threads were stopped: 0.0000841 seconds, Stopping threads took: 0.0000186 seconds
2019-04-08T13:46:56.637+0800: 23.737: Total time for which application threads were stopped: 0.0000731 seconds, Stopping threads took: 0.0000178 seconds
2019-04-08T13:46:56.637+0800: 23.737: Total time for which application threads were stopped: 0.0000747 seconds, Stopping threads took: 0.0000182 seconds
2019-04-08T13:46:56.637+0800: 23.739: Total time for which application threads were stopped: 0.0001075 seconds, Stopping threads took: 0.0000292 seconds
2019-04-08T13:46:56.637+0800: 23.740: Total time for which application threads were stopped: 0.0001067 seconds, Stopping threads took: 0.0000233 seconds
2019-04-08T13:46:56.637+0800: 23.741: Total time for which application threads were stopped: 0.0001185 seconds, Stopping threads took: 0.0000292 seconds
2019-04-08T13:46:56.637+0800: 23.744: Total time for which application threads were stopped: 0.0001347 seconds, Stopping threads took: 0.0000502 seconds
2019-04-08T13:46:56.653+0800: 23.750: Total time for which application threads were stopped: 0.0001051 seconds, Stopping threads took: 0.0000328 seconds
2019-04-08T13:46:56.653+0800: 23.750: Total time for which application threads were stopped: 0.0001023 seconds, Stopping threads took: 0.0000304 seconds
2019-04-08T13:46:56.653+0800: 23.750: Total time for which application threads were stopped: 0.0001691 seconds, Stopping threads took: 0.0000280 seconds
2019-04-08T13:46:56.653+0800: 23.752: Total time for which application threads were stopped: 0.0001584 seconds, Stopping threads took: 0.0000324 seconds
2019-04-08T13:46:56.684+0800: 23.782: Total time for which application threads were stopped: 0.0001130 seconds, Stopping threads took: 0.0000328 seconds
2019-04-08T13:46:56.715+0800: 23.815: Total time for which application threads were stopped: 0.0002078 seconds, Stopping threads took: 0.0000648 seconds
{Heap before GC invocations=5 (full 1):
 par new generation   total 109248K, used 108910K [0x00000000e0000000, 0x00000000e8000000, 0x00000000e8000000)
  eden space 87424K, 100% used [0x00000000e0000000, 0x00000000e5560000, 0x00000000e5560000)
  from space 21824K,  98% used [0x00000000e6ab0000, 0x00000000e7fab990, 0x00000000e8000000)
  to   space 21824K,   0% used [0x00000000e5560000, 0x00000000e5560000, 0x00000000e6ab0000)
 concurrent mark-sweep generation total 393216K, used 0K [0x00000000e8000000, 0x0000000100000000, 0x0000000100000000)
 Metaspace       used 31627K, capacity 32492K, committed 32712K, reserved 1077248K
  class space    used 3988K, capacity 4232K, committed 4296K, reserved 1048576K
2019-04-08T13:46:56.731+0800: 23.839: [GC (Allocation Failure) 2019-04-08T13:46:56.731+0800: 23.839: [ParNew
Desired survivor size 20112992 bytes, new threshold 8 (max 8)
- age   1:    1177056 bytes,    1177056 total
- age   2:    1432896 bytes,    2609952 total
- age   3:    2623352 bytes,    5233304 total
- age   4:    1570664 bytes,    6803968 total
- age   5:    2187808 bytes,    8991776 total
- age   6:    5264024 bytes,   14255800 total
: 108910K->17759K(109248K), 0.0104059 secs] 108910K->17759K(502464K), 0.0106133 secs] [Times: user=0.06 sys=0.00, real=0.02 secs] 
Heap after GC invocations=6 (full 1):
 par new generation   total 109248K, used 17759K [0x00000000e0000000, 0x00000000e8000000, 0x00000000e8000000)
  eden space 87424K,   0% used [0x00000000e0000000, 0x00000000e0000000, 0x00000000e5560000)
  from space 21824K,  81% used [0x00000000e5560000, 0x00000000e66b7cf8, 0x00000000e6ab0000)
  to   space 21824K,   0% used [0x00000000e6ab0000, 0x00000000e6ab0000, 0x00000000e8000000)
 concurrent mark-sweep generation total 393216K, used 0K [0x00000000e8000000, 0x0000000100000000, 0x0000000100000000)
 Metaspace       used 31627K, capacity 32492K, committed 32712K, reserved 1077248K
  class space    used 3988K, capacity 4232K, committed 4296K, reserved 1048576K
}
2019-04-08T13:46:56.747+0800: 23.849: Total time for which application threads were stopped: 0.0110432 seconds, Stopping threads took: 0.0000612 seconds
{Heap before GC invocations=6 (full 1):
 par new generation   total 109248K, used 105183K [0x00000000e0000000, 0x00000000e8000000, 0x00000000e8000000)
  eden space 87424K, 100% used [0x00000000e0000000, 0x00000000e5560000, 0x00000000e5560000)
  from space 21824K,  81% used [0x00000000e5560000, 0x00000000e66b7cf8, 0x00000000e6ab0000)
  to   space 21824K,   0% used [0x00000000e6ab0000, 0x00000000e6ab0000, 0x00000000e8000000)
 concurrent mark-sweep generation total 393216K, used 0K [0x00000000e8000000, 0x0000000100000000, 0x0000000100000000)
 Metaspace       used 31808K, capacity 32638K, committed 32968K, reserved 1077248K
  class space    used 4008K, capacity 4235K, committed 4296K, reserved 1048576K
2019-04-08T13:46:56.825+0800: 23.929: [GC (Allocation Failure) 2019-04-08T13:46:56.825+0800: 23.929: [ParNew
Desired survivor size 20112992 bytes, new threshold 8 (max 8)
- age   1:     428528 bytes,     428528 total
- age   2:     278200 bytes,     706728 total
- age   3:    1432800 bytes,    2139528 total
- age   4:    2622352 bytes,    4761880 total
- age   5:    1570664 bytes,    6332544 total
- age   6:    2187680 bytes,    8520224 total
- age   7:    5263920 bytes,   13784144 total
: 105183K->21097K(109248K), 0.0103949 secs] 105183K->21097K(502464K), 0.0104695 secs] [Times: user=0.06 sys=0.00, real=0.01 secs] 
Heap after GC invocations=7 (full 1):
 par new generation   total 109248K, used 21097K [0x00000000e0000000, 0x00000000e8000000, 0x00000000e8000000)
  eden space 87424K,   0% used [0x00000000e0000000, 0x00000000e0000000, 0x00000000e5560000)
  from space 21824K,  96% used [0x00000000e6ab0000, 0x00000000e7f4a480, 0x00000000e8000000)
  to   space 21824K,   0% used [0x00000000e5560000, 0x00000000e5560000, 0x00000000e6ab0000)
 concurrent mark-sweep generation total 393216K, used 0K [0x00000000e8000000, 0x0000000100000000, 0x0000000100000000)
 Metaspace       used 31808K, capacity 32638K, committed 32968K, reserved 1077248K
  class space    used 4008K, capacity 4235K, committed 4296K, reserved 1048576K
}
2019-04-08T13:46:56.840+0800: 23.940: Total time for which application threads were stopped: 0.0113687 seconds, Stopping threads took: 0.0006380 seconds
2019-04-08T13:46:56.856+0800: 23.960: Total time for which application threads were stopped: 0.0001489 seconds, Stopping threads took: 0.0000549 seconds
2019-04-08T13:46:56.887+0800: 23.987: Total time for which application threads were stopped: 0.0001616 seconds, Stopping threads took: 0.0000363 seconds
{Heap before GC invocations=7 (full 1):
 par new generation   total 109248K, used 108521K [0x00000000e0000000, 0x00000000e8000000, 0x00000000e8000000)
  eden space 87424K, 100% used [0x00000000e0000000, 0x00000000e5560000, 0x00000000e5560000)
  from space 21824K,  96% used [0x00000000e6ab0000, 0x00000000e7f4a480, 0x00000000e8000000)
  to   space 21824K,   0% used [0x00000000e5560000, 0x00000000e5560000, 0x00000000e6ab0000)
 concurrent mark-sweep generation total 393216K, used 0K [0x00000000e8000000, 0x0000000100000000, 0x0000000100000000)
 Metaspace       used 32062K, capacity 32938K, committed 33224K, reserved 1079296K
  class space    used 4040K, capacity 4271K, committed 4296K, reserved 1048576K
2019-04-08T13:46:56.918+0800: 24.026: [GC (Allocation Failure) 2019-04-08T13:46:56.918+0800: 24.026: [ParNew
Desired survivor size 20112992 bytes, new threshold 8 (max 8)
- age   1:     331624 bytes,     331624 total
- age   2:     148200 bytes,     479824 total
- age   3:     277320 bytes,     757144 total
- age   4:    1432624 bytes,    2189768 total
- age   5:    2621888 bytes,    4811656 total
- age   6:    1570568 bytes,    6382224 total
- age   7:    2187768 bytes,    8569992 total
- age   8:    5265008 bytes,   13835000 total
: 108521K->15947K(109248K), 0.0107180 secs] 108521K->15947K(502464K), 0.0107986 secs] [Times: user=0.06 sys=0.00, real=0.02 secs] 
Heap after GC invocations=8 (full 1):
 par new generation   total 109248K, used 15947K [0x00000000e0000000, 0x00000000e8000000, 0x00000000e8000000)
  eden space 87424K,   0% used [0x00000000e0000000, 0x00000000e0000000, 0x00000000e5560000)
  from space 21824K,  73% used [0x00000000e5560000, 0x00000000e64f2ea0, 0x00000000e6ab0000)
  to   space 21824K,   0% used [0x00000000e6ab0000, 0x00000000e6ab0000, 0x00000000e8000000)
 concurrent mark-sweep generation total 393216K, used 0K [0x00000000e8000000, 0x0000000100000000, 0x0000000100000000)
 Metaspace       used 32062K, capacity 32938K, committed 33224K, reserved 1079296K
  class space    used 4040K, capacity 4271K, committed 4296K, reserved 1048576K
}
2019-04-08T13:46:56.934+0800: 24.037: Total time for which application threads were stopped: 0.0114035 seconds, Stopping threads took: 0.0003295 seconds
2019-04-08T13:46:56.934+0800: 24.043: Total time for which application threads were stopped: 0.0001774 seconds, Stopping threads took: 0.0000553 seconds
2019-04-08T13:46:56.934+0800: 24.043: Total time for which application threads were stopped: 0.0001399 seconds, Stopping threads took: 0.0000490 seconds
2019-04-08T13:46:56.934+0800: 24.044: Total time for which application threads were stopped: 0.0001549 seconds, Stopping threads took: 0.0000581 seconds
2019-04-08T13:46:56.996+0800: 24.103: Total time for which application threads were stopped: 0.0003319 seconds, Stopping threads took: 0.0000498 seconds
2019-04-08T13:46:57.073+0800: 24.168: Total time for which application threads were stopped: 0.0001383 seconds, Stopping threads took: 0.0000431 seconds
2019-04-08T13:46:57.073+0800: 24.170: Total time for which application threads were stopped: 0.0001225 seconds, Stopping threads took: 0.0000288 seconds
2019-04-08T13:46:57.166+0800: 24.265: Total time for which application threads were stopped: 0.0005468 seconds, Stopping threads took: 0.0000328 seconds
2019-04-08T13:46:57.526+0800: 24.622: Total time for which application threads were stopped: 0.0001643 seconds, Stopping threads took: 0.0000391 seconds
2019-04-08T13:46:57.541+0800: 24.647: Total time for which application threads were stopped: 0.0001015 seconds, Stopping threads took: 0.0000470 seconds
2019-04-08T13:46:57.541+0800: 24.647: Total time for which application threads were stopped: 0.0000632 seconds, Stopping threads took: 0.0000209 seconds
2019-04-08T13:46:57.541+0800: 24.647: Total time for which application threads were stopped: 0.0000774 seconds, Stopping threads took: 0.0000300 seconds
2019-04-08T13:46:57.541+0800: 24.652: Total time for which application threads were stopped: 0.0001098 seconds, Stopping threads took: 0.0000549 seconds
2019-04-08T13:46:57.541+0800: 24.652: Total time for which application threads were stopped: 0.0000928 seconds, Stopping threads took: 0.0000395 seconds
2019-04-08T13:46:57.573+0800: 24.668: Total time for which application threads were stopped: 0.0004583 seconds, Stopping threads took: 0.0000446 seconds
2019-04-08T13:46:57.588+0800: 24.697: Total time for which application threads were stopped: 0.0001272 seconds, Stopping threads took: 0.0000573 seconds
2019-04-08T13:46:57.604+0800: 24.700: Total time for which application threads were stopped: 0.0001118 seconds, Stopping threads took: 0.0000466 seconds
2019-04-08T13:46:57.604+0800: 24.700: Total time for which application threads were stopped: 0.0000992 seconds, Stopping threads took: 0.0000466 seconds
2019-04-08T13:46:57.604+0800: 24.701: Total time for which application threads were stopped: 0.0000861 seconds, Stopping threads took: 0.0000225 seconds
2019-04-08T13:46:57.604+0800: 24.701: Total time for which application threads were stopped: 0.0000703 seconds, Stopping threads took: 0.0000178 seconds
2019-04-08T13:46:57.604+0800: 24.703: Total time for which application threads were stopped: 0.0001383 seconds, Stopping threads took: 0.0000537 seconds
2019-04-08T13:46:57.604+0800: 24.704: Total time for which application threads were stopped: 0.0001237 seconds, Stopping threads took: 0.0000399 seconds
{Heap before GC invocations=8 (full 1):
 par new generation   total 109248K, used 103371K [0x00000000e0000000, 0x00000000e8000000, 0x00000000e8000000)
  eden space 87424K, 100% used [0x00000000e0000000, 0x00000000e5560000, 0x00000000e5560000)
  from space 21824K,  73% used [0x00000000e5560000, 0x00000000e64f2ea0, 0x00000000e6ab0000)
  to   space 21824K,   0% used [0x00000000e6ab0000, 0x00000000e6ab0000, 0x00000000e8000000)
 concurrent mark-sweep generation total 393216K, used 0K [0x00000000e8000000, 0x0000000100000000, 0x0000000100000000)
 Metaspace       used 34669K, capacity 35630K, committed 35656K, reserved 1081344K
  class space    used 4395K, capacity 4665K, committed 4680K, reserved 1048576K
2019-04-08T13:46:57.682+0800: 24.782: [GC (Allocation Failure) 2019-04-08T13:46:57.682+0800: 24.782: [ParNew
Desired survivor size 20112992 bytes, new threshold 8 (max 8)
- age   1:    3683208 bytes,    3683208 total
- age   2:     125192 bytes,    3808400 total
- age   3:     147008 bytes,    3955408 total
- age   4:     269072 bytes,    4224480 total
- age   5:     310472 bytes,    4534952 total
- age   6:    2619016 bytes,    7153968 total
- age   7:    1569800 bytes,    8723768 total
- age   8:    2187360 bytes,   10911128 total
: 103371K->14658K(109248K), 0.0277752 secs] 103371K->20319K(502464K), 0.0282777 secs] [Times: user=0.06 sys=0.02, real=0.03 secs] 
Heap after GC invocations=9 (full 1):
 par new generation   total 109248K, used 14658K [0x00000000e0000000, 0x00000000e8000000, 0x00000000e8000000)
  eden space 87424K,   0% used [0x00000000e0000000, 0x00000000e0000000, 0x00000000e5560000)
  from space 21824K,  67% used [0x00000000e6ab0000, 0x00000000e7900948, 0x00000000e8000000)
  to   space 21824K,   0% used [0x00000000e5560000, 0x00000000e5560000, 0x00000000e6ab0000)
 concurrent mark-sweep generation total 393216K, used 5661K [0x00000000e8000000, 0x0000000100000000, 0x0000000100000000)
 Metaspace       used 34669K, capacity 35630K, committed 35656K, reserved 1081344K
  class space    used 4395K, capacity 4665K, committed 4680K, reserved 1048576K
}
2019-04-08T13:46:57.713+0800: 24.810: Total time for which application threads were stopped: 0.0285495 seconds, Stopping threads took: 0.0000442 seconds
2019-04-08T13:46:57.869+0800: 24.970: Total time for which application threads were stopped: 0.0001035 seconds, Stopping threads took: 0.0000273 seconds
2019-04-08T13:46:57.869+0800: 24.970: Total time for which application threads were stopped: 0.0000644 seconds, Stopping threads took: 0.0000296 seconds
2019-04-08T13:46:57.947+0800: 25.046: Total time for which application threads were stopped: 0.0001252 seconds, Stopping threads took: 0.0000431 seconds
2019-04-08T13:46:57.963+0800: 25.067: Total time for which application threads were stopped: 0.0001478 seconds, Stopping threads took: 0.0000569 seconds
2019-04-08T13:46:58.041+0800: 25.149: Total time for which application threads were stopped: 0.0000920 seconds, Stopping threads took: 0.0000324 seconds
2019-04-08T13:46:58.057+0800: 25.156: Total time for which application threads were stopped: 0.0001497 seconds, Stopping threads took: 0.0000545 seconds
2019-04-08T13:46:58.057+0800: 25.166: Total time for which application threads were stopped: 0.0001418 seconds, Stopping threads took: 0.0000435 seconds
{Heap before GC invocations=9 (full 1):
 par new generation   total 109248K, used 102082K [0x00000000e0000000, 0x00000000e8000000, 0x00000000e8000000)
  eden space 87424K, 100% used [0x00000000e0000000, 0x00000000e5560000, 0x00000000e5560000)
  from space 21824K,  67% used [0x00000000e6ab0000, 0x00000000e7900948, 0x00000000e8000000)
  to   space 21824K,   0% used [0x00000000e5560000, 0x00000000e5560000, 0x00000000e6ab0000)
 concurrent mark-sweep generation total 393216K, used 5661K [0x00000000e8000000, 0x0000000100000000, 0x0000000100000000)
 Metaspace       used 36053K, capacity 37002K, committed 37192K, reserved 1081344K
  class space    used 4545K, capacity 4843K, committed 4936K, reserved 1048576K
2019-04-08T13:46:58.104+0800: 25.214: [GC (Allocation Failure) 2019-04-08T13:46:58.104+0800: 25.214: [ParNew
Desired survivor size 20112992 bytes, new threshold 8 (max 8)
- age   1:    4242224 bytes,    4242224 total
- age   2:    1726384 bytes,    5968608 total
- age   3:     125096 bytes,    6093704 total
- age   4:     146096 bytes,    6239800 total
- age   5:     263000 bytes,    6502800 total
- age   6:     305224 bytes,    6808024 total
- age   7:    2584600 bytes,    9392624 total
- age   8:    1567112 bytes,   10959736 total
: 102082K->13854K(109248K), 0.0150167 secs] 107743K->21701K(502464K), 0.0151099 secs] [Times: user=0.06 sys=0.00, real=0.01 secs] 
Heap after GC invocations=10 (full 1):
 par new generation   total 109248K, used 13854K [0x00000000e0000000, 0x00000000e8000000, 0x00000000e8000000)
  eden space 87424K,   0% used [0x00000000e0000000, 0x00000000e0000000, 0x00000000e5560000)
  from space 21824K,  63% used [0x00000000e5560000, 0x00000000e62e7b80, 0x00000000e6ab0000)
  to   space 21824K,   0% used [0x00000000e6ab0000, 0x00000000e6ab0000, 0x00000000e8000000)
 concurrent mark-sweep generation total 393216K, used 7846K [0x00000000e8000000, 0x0000000100000000, 0x0000000100000000)
 Metaspace       used 36053K, capacity 37002K, committed 37192K, reserved 1081344K
  class space    used 4545K, capacity 4843K, committed 4936K, reserved 1048576K
}
2019-04-08T13:46:58.119+0800: 25.229: Total time for which application threads were stopped: 0.0154390 seconds, Stopping threads took: 0.0000521 seconds
2019-04-08T13:46:58.182+0800: 25.288: Total time for which application threads were stopped: 0.0001177 seconds, Stopping threads took: 0.0000383 seconds
{Heap before GC invocations=10 (full 1):
 par new generation   total 109248K, used 101278K [0x00000000e0000000, 0x00000000e8000000, 0x00000000e8000000)
  eden space 87424K, 100% used [0x00000000e0000000, 0x00000000e5560000, 0x00000000e5560000)
  from space 21824K,  63% used [0x00000000e5560000, 0x00000000e62e7b80, 0x00000000e6ab0000)
  to   space 21824K,   0% used [0x00000000e6ab0000, 0x00000000e6ab0000, 0x00000000e8000000)
 concurrent mark-sweep generation total 393216K, used 7846K [0x00000000e8000000, 0x0000000100000000, 0x0000000100000000)
 Metaspace       used 37598K, capacity 38630K, committed 38984K, reserved 1083392K
  class space    used 4794K, capacity 5077K, committed 5192K, reserved 1048576K
2019-04-08T13:46:58.432+0800: 25.541: [GC (Allocation Failure) 2019-04-08T13:46:58.432+0800: 25.541: [ParNew
Desired survivor size 20112992 bytes, new threshold 8 (max 8)
- age   1:    2742240 bytes,    2742240 total
- age   2:    2441880 bytes,    5184120 total
- age   3:    1725328 bytes,    6909448 total
- age   4:     125096 bytes,    7034544 total
- age   5:     146000 bytes,    7180544 total
- age   6:     262744 bytes,    7443288 total
- age   7:     304872 bytes,    7748160 total
- age   8:    2571288 bytes,   10319448 total
: 101278K->14363K(109248K), 0.0109645 secs] 109125K->23822K(502464K), 0.0110546 secs] [Times: user=0.06 sys=0.00, real=0.02 secs] 
Heap after GC invocations=11 (full 1):
 par new generation   total 109248K, used 14363K [0x00000000e0000000, 0x00000000e8000000, 0x00000000e8000000)
  eden space 87424K,   0% used [0x00000000e0000000, 0x00000000e0000000, 0x00000000e5560000)
  from space 21824K,  65% used [0x00000000e6ab0000, 0x00000000e78b6e60, 0x00000000e8000000)
  to   space 21824K,   0% used [0x00000000e5560000, 0x00000000e5560000, 0x00000000e6ab0000)
 concurrent mark-sweep generation total 393216K, used 9459K [0x00000000e8000000, 0x0000000100000000, 0x0000000100000000)
 Metaspace       used 37598K, capacity 38630K, committed 38984K, reserved 1083392K
  class space    used 4794K, capacity 5077K, committed 5192K, reserved 1048576K
}
2019-04-08T13:46:58.447+0800: 25.553: Total time for which application threads were stopped: 0.0118519 seconds, Stopping threads took: 0.0003860 seconds
2019-04-08T13:46:58.479+0800: 25.586: Total time for which application threads were stopped: 0.0006250 seconds, Stopping threads took: 0.0005199 seconds
2019-04-08T13:46:58.479+0800: 25.586: Total time for which application threads were stopped: 0.0001035 seconds, Stopping threads took: 0.0000213 seconds
2019-04-08T13:46:58.494+0800: 25.597: Total time for which application threads were stopped: 0.0005499 seconds, Stopping threads took: 0.0000360 seconds
2019-04-08T13:46:58.541+0800: 25.648: Total time for which application threads were stopped: 0.0004567 seconds, Stopping threads took: 0.0000348 seconds
2019-04-08T13:46:58.604+0800: 25.711: Total time for which application threads were stopped: 0.0005112 seconds, Stopping threads took: 0.0000320 seconds
2019-04-08T13:46:58.635+0800: 25.734: Total time for which application threads were stopped: 0.0001442 seconds, Stopping threads took: 0.0000620 seconds
2019-04-08T13:46:58.635+0800: 25.743: Total time for which application threads were stopped: 0.0004152 seconds, Stopping threads took: 0.0003243 seconds
2019-04-08T13:46:58.682+0800: 25.792: Total time for which application threads were stopped: 0.0004867 seconds, Stopping threads took: 0.0000450 seconds
2019-04-08T13:46:58.729+0800: 25.832: Total time for which application threads were stopped: 0.0004373 seconds, Stopping threads took: 0.0000316 seconds
2019-04-08T13:46:58.822+0800: 25.933: Total time for which application threads were stopped: 0.0005013 seconds, Stopping threads took: 0.0000427 seconds
2019-04-08T13:46:58.947+0800: 26.043: Total time for which application threads were stopped: 0.0007336 seconds, Stopping threads took: 0.0005748 seconds
2019-04-08T13:46:59.019+0800: 26.129: Total time for which application threads were stopped: 0.0001564 seconds, Stopping threads took: 0.0000640 seconds
2019-04-08T13:46:59.019+0800: 26.129: Total time for which application threads were stopped: 0.0001047 seconds, Stopping threads took: 0.0000585 seconds
2019-04-08T13:46:59.019+0800: 26.129: Total time for which application threads were stopped: 0.0000924 seconds, Stopping threads took: 0.0000435 seconds
2019-04-08T13:46:59.035+0800: 26.132: Total time for which application threads were stopped: 0.0000913 seconds, Stopping threads took: 0.0000407 seconds
2019-04-08T13:47:00.038+0800: 27.133: Total time for which application threads were stopped: 0.0001442 seconds, Stopping threads took: 0.0000502 seconds
2019-04-08T13:47:50.565+0800: 77.664: Total time for which application threads were stopped: 0.0004429 seconds, Stopping threads took: 0.0000300 seconds
2019-04-08T13:47:50.565+0800: 77.676: Total time for which application threads were stopped: 0.0002181 seconds, Stopping threads took: 0.0001023 seconds
2019-04-08T13:47:50.628+0800: 77.724: Total time for which application threads were stopped: 0.0000687 seconds, Stopping threads took: 0.0000245 seconds
2019-04-08T13:47:50.644+0800: 77.751: Total time for which application threads were stopped: 0.0004504 seconds, Stopping threads took: 0.0000328 seconds
2019-04-08T13:47:50.659+0800: 77.766: Total time for which application threads were stopped: 0.0000881 seconds, Stopping threads took: 0.0000308 seconds
2019-04-08T13:47:50.675+0800: 77.771: Total time for which application threads were stopped: 0.0001604 seconds, Stopping threads took: 0.0000632 seconds
2019-04-08T13:47:51.679+0800: 78.774: Total time for which application threads were stopped: 0.0001082 seconds, Stopping threads took: 0.0000336 seconds
2019-04-08T13:48:22.178+0800: 109.280: Total time for which application threads were stopped: 0.0000762 seconds, Stopping threads took: 0.0000237 seconds
2019-04-08T13:48:22.194+0800: 109.292: Total time for which application threads were stopped: 0.0001158 seconds, Stopping threads took: 0.0000549 seconds
2019-04-08T13:48:48.400+0800: 135.495: Total time for which application threads were stopped: 0.0000909 seconds, Stopping threads took: 0.0000269 seconds
2019-04-08T13:48:51.415+0800: 138.511: Total time for which application threads were stopped: 0.0001181 seconds, Stopping threads took: 0.0000379 seconds
2019-04-08T13:49:16.756+0800: 163.852: Total time for which application threads were stopped: 0.0001296 seconds, Stopping threads took: 0.0000403 seconds
2019-04-08T13:49:16.756+0800: 163.852: Total time for which application threads were stopped: 0.0001043 seconds, Stopping threads took: 0.0000209 seconds
2019-04-08T13:49:16.756+0800: 163.852: Total time for which application threads were stopped: 0.0000755 seconds, Stopping threads took: 0.0000182 seconds
2019-04-08T13:49:16.756+0800: 163.852: Total time for which application threads were stopped: 0.0000972 seconds, Stopping threads took: 0.0000316 seconds
2019-04-08T13:49:51.137+0800: 198.232: Total time for which application threads were stopped: 0.0001331 seconds, Stopping threads took: 0.0000664 seconds
2019-04-08T13:50:51.810+0800: 258.905: Total time for which application threads were stopped: 0.0001517 seconds, Stopping threads took: 0.0000502 seconds
2019-04-08T13:51:51.383+0800: 318.478: Total time for which application threads were stopped: 0.0001300 seconds, Stopping threads took: 0.0000391 seconds
2019-04-08T13:52:51.913+0800: 379.009: Total time for which application threads were stopped: 0.0001679 seconds, Stopping threads took: 0.0000525 seconds
2019-04-08T13:53:05.754+0800: 392.861: Total time for which application threads were stopped: 0.0000806 seconds, Stopping threads took: 0.0000209 seconds
{Heap before GC invocations=11 (full 1):
 par new generation   total 109248K, used 101787K [0x00000000e0000000, 0x00000000e8000000, 0x00000000e8000000)
  eden space 87424K, 100% used [0x00000000e0000000, 0x00000000e5560000, 0x00000000e5560000)
  from space 21824K,  65% used [0x00000000e6ab0000, 0x00000000e78b6e60, 0x00000000e8000000)
  to   space 21824K,   0% used [0x00000000e5560000, 0x00000000e5560000, 0x00000000e6ab0000)
 concurrent mark-sweep generation total 393216K, used 9459K [0x00000000e8000000, 0x0000000100000000, 0x0000000100000000)
 Metaspace       used 40684K, capacity 41942K, committed 42184K, reserved 1085440K
  class space    used 5175K, capacity 5471K, committed 5576K, reserved 1048576K
2019-04-08T13:53:05.754+0800: 392.862: [GC (Allocation Failure) 2019-04-08T13:53:05.754+0800: 392.862: [ParNew
Desired survivor size 20112992 bytes, new threshold 4 (max 8)
- age   1:   16573384 bytes,   16573384 total
- age   2:     771176 bytes,   17344560 total
- age   3:    2411400 bytes,   19755960 total
- age   4:    1720168 bytes,   21476128 total
- age   5:     125032 bytes,   21601160 total
- age   6:     145888 bytes,   21747048 total
- age   7:     261880 bytes,   22008928 total
- age   8:     304088 bytes,   22313016 total
: 101787K->21824K(109248K), 0.0329758 secs] 111246K->38204K(502464K), 0.0330505 secs] [Times: user=0.13 sys=0.00, real=0.03 secs] 
Heap after GC invocations=12 (full 1):
 par new generation   total 109248K, used 21824K [0x00000000e0000000, 0x00000000e8000000, 0x00000000e8000000)
  eden space 87424K,   0% used [0x00000000e0000000, 0x00000000e0000000, 0x00000000e5560000)
  from space 21824K, 100% used [0x00000000e5560000, 0x00000000e6ab0000, 0x00000000e6ab0000)
  to   space 21824K,   0% used [0x00000000e6ab0000, 0x00000000e6ab0000, 0x00000000e8000000)
 concurrent mark-sweep generation total 393216K, used 16380K [0x00000000e8000000, 0x0000000100000000, 0x0000000100000000)
 Metaspace       used 40684K, capacity 41942K, committed 42184K, reserved 1085440K
  class space    used 5175K, capacity 5471K, committed 5576K, reserved 1048576K
}
2019-04-08T13:53:05.785+0800: 392.895: Total time for which application threads were stopped: 0.0332520 seconds, Stopping threads took: 0.0000174 seconds
2019-04-08T13:53:05.785+0800: 392.896: Total time for which application threads were stopped: 0.0000782 seconds, Stopping threads took: 0.0000324 seconds
2019-04-08T13:53:05.785+0800: 392.896: Total time for which application threads were stopped: 0.0000865 seconds, Stopping threads took: 0.0000498 seconds
2019-04-08T13:53:05.832+0800: 392.934: Total time for which application threads were stopped: 0.0000727 seconds, Stopping threads took: 0.0000225 seconds
2019-04-08T13:53:06.834+0800: 393.929: Total time for which application threads were stopped: 0.0001845 seconds, Stopping threads took: 0.0000948 seconds
2019-04-08T13:53:50.315+0800: 437.410: Total time for which application threads were stopped: 0.0001102 seconds, Stopping threads took: 0.0000399 seconds
2019-04-08T13:53:51.330+0800: 438.425: Total time for which application threads were stopped: 0.0002410 seconds, Stopping threads took: 0.0001201 seconds
2019-04-08T13:53:52.341+0800: 439.436: Total time for which application threads were stopped: 0.0001320 seconds, Stopping threads took: 0.0000352 seconds
2019-04-08T13:54:06.517+0800: 453.612: Total time for which application threads were stopped: 0.0001371 seconds, Stopping threads took: 0.0000474 seconds
2019-04-08T13:54:13.612+0800: 460.708: Total time for which application threads were stopped: 0.0001177 seconds, Stopping threads took: 0.0000360 seconds
2019-04-08T13:54:21.667+0800: 468.763: Total time for which application threads were stopped: 0.0001588 seconds, Stopping threads took: 0.0000600 seconds
2019-04-08T13:54:27.702+0800: 474.797: Total time for which application threads were stopped: 0.0002070 seconds, Stopping threads took: 0.0001276 seconds
2019-04-08T13:54:37.787+0800: 484.882: Total time for which application threads were stopped: 0.0001146 seconds, Stopping threads took: 0.0000367 seconds
2019-04-08T13:54:45.861+0800: 492.957: Total time for which application threads were stopped: 0.0003117 seconds, Stopping threads took: 0.0001090 seconds
2019-04-08T13:54:51.924+0800: 499.019: Total time for which application threads were stopped: 0.0001134 seconds, Stopping threads took: 0.0000344 seconds
2019-04-08T13:55:11.115+0800: 518.210: Total time for which application threads were stopped: 0.0001418 seconds, Stopping threads took: 0.0000541 seconds
2019-04-08T13:55:27.300+0800: 534.396: Total time for which application threads were stopped: 0.0001422 seconds, Stopping threads took: 0.0000525 seconds
2019-04-08T13:55:57.636+0800: 564.731: Total time for which application threads were stopped: 0.0001300 seconds, Stopping threads took: 0.0000462 seconds
2019-04-08T13:56:00.664+0800: 567.760: Total time for which application threads were stopped: 0.0001880 seconds, Stopping threads took: 0.0000375 seconds
2019-04-08T13:56:03.696+0800: 570.791: Total time for which application threads were stopped: 0.0001059 seconds, Stopping threads took: 0.0000324 seconds
2019-04-08T13:56:05.702+0800: 572.798: Total time for which application threads were stopped: 0.0001079 seconds, Stopping threads took: 0.0000340 seconds
2019-04-08T13:56:36.116+0800: 603.211: Total time for which application threads were stopped: 0.0001446 seconds, Stopping threads took: 0.0000474 seconds
2019-04-08T13:56:52.304+0800: 619.400: Total time for which application threads were stopped: 0.0002027 seconds, Stopping threads took: 0.0001075 seconds
2019-04-08T13:57:24.128+0800: 651.231: Total time for which application threads were stopped: 0.0002015 seconds, Stopping threads took: 0.0000225 seconds
2019-04-08T13:57:25.142+0800: 652.238: Total time for which application threads were stopped: 0.0001466 seconds, Stopping threads took: 0.0000340 seconds
2019-04-08T13:57:51.454+0800: 678.549: Total time for which application threads were stopped: 0.0001197 seconds, Stopping threads took: 0.0000352 seconds
2019-04-08T13:59:51.847+0800: 798.942: Total time for which application threads were stopped: 0.0001114 seconds, Stopping threads took: 0.0000348 seconds
2019-04-08T14:00:12.115+0800: 819.210: Total time for which application threads were stopped: 0.0001695 seconds, Stopping threads took: 0.0000759 seconds
2019-04-08T14:00:52.322+0800: 859.417: Total time for which application threads were stopped: 0.0001462 seconds, Stopping threads took: 0.0000715 seconds
2019-04-08T14:01:11.520+0800: 878.616: Total time for which application threads were stopped: 0.0001209 seconds, Stopping threads took: 0.0000521 seconds
2019-04-08T14:01:51.999+0800: 919.094: Total time for which application threads were stopped: 0.0001402 seconds, Stopping threads took: 0.0000423 seconds
2019-04-08T14:04:04.477+0800: 1051.587: Total time for which application threads were stopped: 0.0007881 seconds, Stopping threads took: 0.0000356 seconds
2019-04-08T14:04:04.570+0800: 1051.672: Total time for which application threads were stopped: 0.0005258 seconds, Stopping threads took: 0.0000435 seconds
2019-04-08T14:04:04.586+0800: 1051.689: Total time for which application threads were stopped: 0.0000735 seconds, Stopping threads took: 0.0000277 seconds
2019-04-08T14:04:04.586+0800: 1051.690: Total time for which application threads were stopped: 0.0000636 seconds, Stopping threads took: 0.0000312 seconds
2019-04-08T14:04:04.602+0800: 1051.707: Total time for which application threads were stopped: 0.0000723 seconds, Stopping threads took: 0.0000229 seconds
2019-04-08T14:04:04.617+0800: 1051.720: Total time for which application threads were stopped: 0.0000680 seconds, Stopping threads took: 0.0000205 seconds
2019-04-08T14:04:04.617+0800: 1051.722: Total time for which application threads were stopped: 0.0000600 seconds, Stopping threads took: 0.0000182 seconds
2019-04-08T14:04:04.633+0800: 1051.736: Total time for which application threads were stopped: 0.0000695 seconds, Stopping threads took: 0.0000213 seconds
2019-04-08T14:04:04.633+0800: 1051.740: Total time for which application threads were stopped: 0.0001193 seconds, Stopping threads took: 0.0000486 seconds
2019-04-08T14:04:04.633+0800: 1051.740: Total time for which application threads were stopped: 0.0000782 seconds, Stopping threads took: 0.0000399 seconds
2019-04-08T14:04:04.633+0800: 1051.740: Total time for which application threads were stopped: 0.0000759 seconds, Stopping threads took: 0.0000332 seconds
2019-04-08T14:04:04.648+0800: 1051.755: Total time for which application threads were stopped: 0.0004693 seconds, Stopping threads took: 0.0000387 seconds
2019-04-08T14:04:04.695+0800: 1051.792: Total time for which application threads were stopped: 0.0001853 seconds, Stopping threads took: 0.0001047 seconds
2019-04-08T14:04:04.695+0800: 1051.794: Total time for which application threads were stopped: 0.0000988 seconds, Stopping threads took: 0.0000419 seconds
2019-04-08T14:04:04.695+0800: 1051.794: Total time for which application threads were stopped: 0.0000838 seconds, Stopping threads took: 0.0000348 seconds
2019-04-08T14:04:04.695+0800: 1051.794: Total time for which application threads were stopped: 0.0000901 seconds, Stopping threads took: 0.0000332 seconds
2019-04-08T14:04:04.695+0800: 1051.794: Total time for which application threads were stopped: 0.0000770 seconds, Stopping threads took: 0.0000332 seconds
2019-04-08T14:04:04.805+0800: 1051.904: Total time for which application threads were stopped: 0.0000853 seconds, Stopping threads took: 0.0000371 seconds
2019-04-08T14:04:04.805+0800: 1051.904: Total time for which application threads were stopped: 0.0000873 seconds, Stopping threads took: 0.0000360 seconds
2019-04-08T14:04:04.805+0800: 1051.911: Total time for which application threads were stopped: 0.0001414 seconds, Stopping threads took: 0.0000940 seconds
2019-04-08T14:04:04.805+0800: 1051.912: Total time for which application threads were stopped: 0.0001079 seconds, Stopping threads took: 0.0000521 seconds
2019-04-08T14:04:04.820+0800: 1051.916: Total time for which application threads were stopped: 0.0001387 seconds, Stopping threads took: 0.0000565 seconds
2019-04-08T14:04:04.820+0800: 1051.916: Total time for which application threads were stopped: 0.0000913 seconds, Stopping threads took: 0.0000431 seconds
2019-04-08T14:04:04.820+0800: 1051.918: Total time for which application threads were stopped: 0.0001193 seconds, Stopping threads took: 0.0000541 seconds
2019-04-08T14:04:04.820+0800: 1051.918: Total time for which application threads were stopped: 0.0001173 seconds, Stopping threads took: 0.0000371 seconds
2019-04-08T14:04:04.820+0800: 1051.919: Total time for which application threads were stopped: 0.0001375 seconds, Stopping threads took: 0.0000972 seconds
2019-04-08T14:04:04.820+0800: 1051.924: Total time for which application threads were stopped: 0.0001229 seconds, Stopping threads took: 0.0000521 seconds
2019-04-08T14:04:04.836+0800: 1051.932: Total time for which application threads were stopped: 0.0000964 seconds, Stopping threads took: 0.0000439 seconds
2019-04-08T14:04:04.836+0800: 1051.932: Total time for which application threads were stopped: 0.0000897 seconds, Stopping threads took: 0.0000395 seconds
2019-04-08T14:04:04.836+0800: 1051.933: Total time for which application threads were stopped: 0.0001079 seconds, Stopping threads took: 0.0000352 seconds
2019-04-08T14:04:04.836+0800: 1051.933: Total time for which application threads were stopped: 0.0000968 seconds, Stopping threads took: 0.0000363 seconds
2019-04-08T14:04:05.841+0800: 1052.936: Total time for which application threads were stopped: 0.0002359 seconds, Stopping threads took: 0.0001339 seconds
2019-04-08T14:04:06.856+0800: 1053.956: Total time for which application threads were stopped: 0.0002070 seconds, Stopping threads took: 0.0000715 seconds
2019-04-08T14:04:06.856+0800: 1053.959: Total time for which application threads were stopped: 0.0001628 seconds, Stopping threads took: 0.0000845 seconds
2019-04-08T14:04:06.856+0800: 1053.960: Total time for which application threads were stopped: 0.0001438 seconds, Stopping threads took: 0.0000656 seconds
2019-04-08T14:04:06.856+0800: 1053.965: Total time for which application threads were stopped: 0.0001663 seconds, Stopping threads took: 0.0000620 seconds
2019-04-08T14:04:06.856+0800: 1053.965: Total time for which application threads were stopped: 0.0000853 seconds, Stopping threads took: 0.0000304 seconds
2019-04-08T14:04:06.997+0800: 1054.102: Total time for which application threads were stopped: 0.0001090 seconds, Stopping threads took: 0.0000407 seconds
2019-04-08T14:04:06.997+0800: 1054.106: Total time for which application threads were stopped: 0.0001351 seconds, Stopping threads took: 0.0000482 seconds
2019-04-08T14:04:07.012+0800: 1054.109: Total time for which application threads were stopped: 0.0001327 seconds, Stopping threads took: 0.0000589 seconds
2019-04-08T14:04:07.012+0800: 1054.109: Total time for which application threads were stopped: 0.0000786 seconds, Stopping threads took: 0.0000304 seconds
2019-04-08T14:04:07.012+0800: 1054.110: Total time for which application threads were stopped: 0.0001169 seconds, Stopping threads took: 0.0000672 seconds
2019-04-08T14:04:07.012+0800: 1054.117: Total time for which application threads were stopped: 0.0001260 seconds, Stopping threads took: 0.0000561 seconds
2019-04-08T14:04:07.012+0800: 1054.118: Total time for which application threads were stopped: 0.0001003 seconds, Stopping threads took: 0.0000423 seconds
2019-04-08T14:04:07.012+0800: 1054.118: Total time for which application threads were stopped: 0.0000940 seconds, Stopping threads took: 0.0000399 seconds
2019-04-08T14:04:07.012+0800: 1054.118: Total time for which application threads were stopped: 0.0000881 seconds, Stopping threads took: 0.0000391 seconds
2019-04-08T14:04:09.043+0800: 1056.151: Total time for which application threads were stopped: 0.0002118 seconds, Stopping threads took: 0.0001446 seconds
2019-04-08T14:04:09.184+0800: 1056.282: Total time for which application threads were stopped: 0.0001240 seconds, Stopping threads took: 0.0000482 seconds
2019-04-08T14:04:09.184+0800: 1056.283: Total time for which application threads were stopped: 0.0001268 seconds, Stopping threads took: 0.0000755 seconds
2019-04-08T14:04:09.184+0800: 1056.283: Total time for which application threads were stopped: 0.0000893 seconds, Stopping threads took: 0.0000494 seconds
2019-04-08T14:04:09.184+0800: 1056.284: Total time for which application threads were stopped: 0.0001276 seconds, Stopping threads took: 0.0000766 seconds
2019-04-08T14:04:09.184+0800: 1056.286: Total time for which application threads were stopped: 0.0001173 seconds, Stopping threads took: 0.0000593 seconds
2019-04-08T14:04:09.184+0800: 1056.286: Total time for which application threads were stopped: 0.0001237 seconds, Stopping threads took: 0.0000529 seconds
2019-04-08T14:04:09.184+0800: 1056.286: Total time for which application threads were stopped: 0.0001007 seconds, Stopping threads took: 0.0000502 seconds
2019-04-08T14:04:09.184+0800: 1056.287: Total time for which application threads were stopped: 0.0002335 seconds, Stopping threads took: 0.0001738 seconds
{Heap before GC invocations=12 (full 1):
 par new generation   total 109248K, used 108781K [0x00000000e0000000, 0x00000000e8000000, 0x00000000e8000000)
  eden space 87424K,  99% used [0x00000000e0000000, 0x00000000e54eb528, 0x00000000e5560000)
  from space 21824K, 100% used [0x00000000e5560000, 0x00000000e6ab0000, 0x00000000e6ab0000)
  to   space 21824K,   0% used [0x00000000e6ab0000, 0x00000000e6ab0000, 0x00000000e8000000)
 concurrent mark-sweep generation total 393216K, used 16380K [0x00000000e8000000, 0x0000000100000000, 0x0000000100000000)
 Metaspace       used 42810K, capacity 44226K, committed 44488K, reserved 1087488K
  class space    used 5427K, capacity 5728K, committed 5832K, reserved 1048576K
2019-04-08T14:04:11.204+0800: 1058.307: [GC (Allocation Failure) 2019-04-08T14:04:11.204+0800: 1058.307: [ParNew
Desired survivor size 20112992 bytes, new threshold 4 (max 8)
- age   1:    3562424 bytes,    3562424 total
- age   2:   15341224 bytes,   18903648 total
- age   3:     771176 bytes,   19674824 total
- age   4:    2411144 bytes,   22085968 total
: 108781K->21824K(109248K), 0.0236970 secs] 125162K->41676K(502464K), 0.0237823 secs] [Times: user=0.06 sys=0.00, real=0.02 secs] 
Heap after GC invocations=13 (full 1):
 par new generation   total 109248K, used 21824K [0x00000000e0000000, 0x00000000e8000000, 0x00000000e8000000)
  eden space 87424K,   0% used [0x00000000e0000000, 0x00000000e0000000, 0x00000000e5560000)
  from space 21824K, 100% used [0x00000000e6ab0000, 0x00000000e8000000, 0x00000000e8000000)
  to   space 21824K,   0% used [0x00000000e5560000, 0x00000000e5560000, 0x00000000e6ab0000)
 concurrent mark-sweep generation total 393216K, used 19852K [0x00000000e8000000, 0x0000000100000000, 0x0000000100000000)
 Metaspace       used 42810K, capacity 44226K, committed 44488K, reserved 1087488K
  class space    used 5427K, capacity 5728K, committed 5832K, reserved 1048576K
}
2019-04-08T14:04:11.220+0800: 1058.331: Total time for which application threads were stopped: 0.0240668 seconds, Stopping threads took: 0.0000624 seconds
2019-04-08T14:04:11.235+0800: 1058.334: Total time for which application threads were stopped: 0.0001363 seconds, Stopping threads took: 0.0000557 seconds
2019-04-08T14:04:11.360+0800: 1058.459: Total time for which application threads were stopped: 0.0001221 seconds, Stopping threads took: 0.0000431 seconds
2019-04-08T14:04:11.360+0800: 1058.461: Total time for which application threads were stopped: 0.0001181 seconds, Stopping threads took: 0.0000687 seconds
2019-04-08T14:04:11.360+0800: 1058.461: Total time for which application threads were stopped: 0.0000920 seconds, Stopping threads took: 0.0000482 seconds
2019-04-08T14:04:11.360+0800: 1058.461: Total time for which application threads were stopped: 0.0000944 seconds, Stopping threads took: 0.0000415 seconds
2019-04-08T14:04:11.360+0800: 1058.463: Total time for which application threads were stopped: 0.0002291 seconds, Stopping threads took: 0.0000439 seconds
2019-04-08T14:04:13.383+0800: 1060.490: Total time for which application threads were stopped: 0.0001355 seconds, Stopping threads took: 0.0000565 seconds
2019-04-08T14:04:13.524+0800: 1060.634: Total time for which application threads were stopped: 0.0002355 seconds, Stopping threads took: 0.0001426 seconds
2019-04-08T14:04:13.524+0800: 1060.634: Total time for which application threads were stopped: 0.0000873 seconds, Stopping threads took: 0.0000300 seconds
2019-04-08T14:04:13.539+0800: 1060.635: Total time for which application threads were stopped: 0.0002714 seconds, Stopping threads took: 0.0002102 seconds
2019-04-08T14:04:15.554+0800: 1062.660: Total time for which application threads were stopped: 0.0001821 seconds, Stopping threads took: 0.0000988 seconds
2019-04-08T14:04:15.695+0800: 1062.794: Total time for which application threads were stopped: 0.0001572 seconds, Stopping threads took: 0.0000636 seconds
2019-04-08T14:04:15.695+0800: 1062.794: Total time for which application threads were stopped: 0.0001221 seconds, Stopping threads took: 0.0000561 seconds
2019-04-08T14:04:15.695+0800: 1062.796: Total time for which application threads were stopped: 0.0001213 seconds, Stopping threads took: 0.0000597 seconds
2019-04-08T14:04:15.695+0800: 1062.796: Total time for which application threads were stopped: 0.0001118 seconds, Stopping threads took: 0.0000593 seconds
2019-04-08T14:04:15.695+0800: 1062.797: Total time for which application threads were stopped: 0.0001434 seconds, Stopping threads took: 0.0000976 seconds
2019-04-08T14:04:15.695+0800: 1062.799: Total time for which application threads were stopped: 0.0001438 seconds, Stopping threads took: 0.0000723 seconds
2019-04-08T14:04:15.695+0800: 1062.799: Total time for which application threads were stopped: 0.0001142 seconds, Stopping threads took: 0.0000624 seconds
2019-04-08T14:04:15.695+0800: 1062.799: Total time for which application threads were stopped: 0.0001098 seconds, Stopping threads took: 0.0000612 seconds
2019-04-08T14:04:15.695+0800: 1062.800: Total time for which application threads were stopped: 0.0001304 seconds, Stopping threads took: 0.0000537 seconds
2019-04-08T14:04:16.710+0800: 1063.806: Total time for which application threads were stopped: 0.0001912 seconds, Stopping threads took: 0.0000759 seconds
2019-04-08T14:04:17.726+0800: 1064.833: Total time for which application threads were stopped: 0.0001576 seconds, Stopping threads took: 0.0000557 seconds
2019-04-08T14:04:17.882+0800: 1064.978: Total time for which application threads were stopped: 0.0001316 seconds, Stopping threads took: 0.0000557 seconds
2019-04-08T14:04:17.882+0800: 1064.980: Total time for which application threads were stopped: 0.0001205 seconds, Stopping threads took: 0.0000585 seconds
2019-04-08T14:04:17.882+0800: 1064.980: Total time for which application threads were stopped: 0.0001264 seconds, Stopping threads took: 0.0000644 seconds
2019-04-08T14:04:17.882+0800: 1064.980: Total time for which application threads were stopped: 0.0000909 seconds, Stopping threads took: 0.0000458 seconds
2019-04-08T14:04:17.882+0800: 1064.982: Total time for which application threads were stopped: 0.0001268 seconds, Stopping threads took: 0.0000411 seconds
2019-04-08T14:04:17.882+0800: 1064.982: Total time for which application threads were stopped: 0.0000948 seconds, Stopping threads took: 0.0000510 seconds
2019-04-08T14:04:17.882+0800: 1064.982: Total time for which application threads were stopped: 0.0000984 seconds, Stopping threads took: 0.0000494 seconds
2019-04-08T14:04:17.882+0800: 1064.982: Total time for which application threads were stopped: 0.0001766 seconds, Stopping threads took: 0.0000683 seconds
2019-04-08T14:04:19.913+0800: 1067.008: Total time for which application threads were stopped: 0.0001640 seconds, Stopping threads took: 0.0000865 seconds
2019-04-08T14:04:20.397+0800: 1067.503: Total time for which application threads were stopped: 0.0001201 seconds, Stopping threads took: 0.0000569 seconds
2019-04-08T14:04:20.553+0800: 1067.649: Total time for which application threads were stopped: 0.0002050 seconds, Stopping threads took: 0.0000569 seconds
2019-04-08T14:04:20.553+0800: 1067.651: Total time for which application threads were stopped: 0.0001466 seconds, Stopping threads took: 0.0000707 seconds
2019-04-08T14:04:20.553+0800: 1067.653: Total time for which application threads were stopped: 0.0002872 seconds, Stopping threads took: 0.0002264 seconds
2019-04-08T14:04:20.553+0800: 1067.654: Total time for which application threads were stopped: 0.0002039 seconds, Stopping threads took: 0.0001643 seconds
2019-04-08T14:04:20.569+0800: 1067.665: Total time for which application threads were stopped: 0.0006005 seconds, Stopping threads took: 0.0005108 seconds
2019-04-08T14:04:20.569+0800: 1067.666: Total time for which application threads were stopped: 0.0001703 seconds, Stopping threads took: 0.0000502 seconds
2019-04-08T14:04:20.569+0800: 1067.679: Total time for which application threads were stopped: 0.0001936 seconds, Stopping threads took: 0.0000810 seconds
2019-04-08T14:04:20.584+0800: 1067.680: Total time for which application threads were stopped: 0.0001367 seconds, Stopping threads took: 0.0000340 seconds
2019-04-08T14:04:20.584+0800: 1067.690: Total time for which application threads were stopped: 0.0006325 seconds, Stopping threads took: 0.0000616 seconds
2019-04-08T14:04:21.600+0800: 1068.695: Total time for which application threads were stopped: 0.0001888 seconds, Stopping threads took: 0.0000715 seconds
2019-04-08T14:04:22.602+0800: 1069.707: Total time for which application threads were stopped: 0.0001217 seconds, Stopping threads took: 0.0000525 seconds
2019-04-08T14:04:22.602+0800: 1069.707: Total time for which application threads were stopped: 0.0000818 seconds, Stopping threads took: 0.0000427 seconds
2019-04-08T14:04:22.602+0800: 1069.707: Total time for which application threads were stopped: 0.0000759 seconds, Stopping threads took: 0.0000415 seconds
2019-04-08T14:04:22.602+0800: 1069.707: Total time for which application threads were stopped: 0.0000711 seconds, Stopping threads took: 0.0000395 seconds
2019-04-08T14:04:22.602+0800: 1069.707: Total time for which application threads were stopped: 0.0000695 seconds, Stopping threads took: 0.0000395 seconds
2019-04-08T14:04:22.602+0800: 1069.708: Total time for which application threads were stopped: 0.0000680 seconds, Stopping threads took: 0.0000375 seconds
2019-04-08T14:04:22.602+0800: 1069.708: Total time for which application threads were stopped: 0.0001043 seconds, Stopping threads took: 0.0000502 seconds
2019-04-08T14:04:22.602+0800: 1069.708: Total time for which application threads were stopped: 0.0000798 seconds, Stopping threads took: 0.0000442 seconds
2019-04-08T14:04:22.602+0800: 1069.709: Total time for which application threads were stopped: 0.0002090 seconds, Stopping threads took: 0.0001379 seconds
2019-04-08T14:04:22.602+0800: 1069.709: Total time for which application threads were stopped: 0.0000869 seconds, Stopping threads took: 0.0000541 seconds
2019-04-08T14:04:22.602+0800: 1069.709: Total time for which application threads were stopped: 0.0000656 seconds, Stopping threads took: 0.0000308 seconds
2019-04-08T14:04:22.602+0800: 1069.709: Total time for which application threads were stopped: 0.0000802 seconds, Stopping threads took: 0.0000494 seconds
2019-04-08T14:04:22.602+0800: 1069.710: Total time for which application threads were stopped: 0.0002844 seconds, Stopping threads took: 0.0002125 seconds
2019-04-08T14:04:22.602+0800: 1069.710: Total time for which application threads were stopped: 0.0002114 seconds, Stopping threads took: 0.0001391 seconds
2019-04-08T14:04:22.711+0800: 1069.808: Total time for which application threads were stopped: 0.0001130 seconds, Stopping threads took: 0.0000431 seconds
2019-04-08T14:04:22.805+0800: 1069.901: Total time for which application threads were stopped: 0.0001474 seconds, Stopping threads took: 0.0000755 seconds
2019-04-08T14:04:22.805+0800: 1069.902: Total time for which application threads were stopped: 0.0012279 seconds, Stopping threads took: 0.0011706 seconds
2019-04-08T14:04:22.805+0800: 1069.903: Total time for which application threads were stopped: 0.0001217 seconds, Stopping threads took: 0.0000545 seconds
2019-04-08T14:04:22.805+0800: 1069.907: Total time for which application threads were stopped: 0.0002042 seconds, Stopping threads took: 0.0000577 seconds
2019-04-08T14:04:22.805+0800: 1069.907: Total time for which application threads were stopped: 0.0001126 seconds, Stopping threads took: 0.0000446 seconds
2019-04-08T14:04:22.805+0800: 1069.908: Total time for which application threads were stopped: 0.0001193 seconds, Stopping threads took: 0.0000597 seconds
2019-04-08T14:04:22.805+0800: 1069.908: Total time for which application threads were stopped: 0.0002102 seconds, Stopping threads took: 0.0000411 seconds
2019-04-08T14:04:22.805+0800: 1069.909: Total time for which application threads were stopped: 0.0001161 seconds, Stopping threads took: 0.0000494 seconds
2019-04-08T14:04:22.805+0800: 1069.910: Total time for which application threads were stopped: 0.0001229 seconds, Stopping threads took: 0.0000600 seconds
2019-04-08T14:04:22.805+0800: 1069.910: Total time for which application threads were stopped: 0.0000774 seconds, Stopping threads took: 0.0000312 seconds
2019-04-08T14:04:22.805+0800: 1069.911: Total time for which application threads were stopped: 0.0001466 seconds, Stopping threads took: 0.0000407 seconds
2019-04-08T14:04:22.805+0800: 1069.913: Total time for which application threads were stopped: 0.0001422 seconds, Stopping threads took: 0.0000561 seconds
2019-04-08T14:04:22.805+0800: 1069.913: Total time for which application threads were stopped: 0.0001304 seconds, Stopping threads took: 0.0000624 seconds
2019-04-08T14:04:22.805+0800: 1069.914: Total time for which application threads were stopped: 0.0001446 seconds, Stopping threads took: 0.0000644 seconds
2019-04-08T14:04:22.805+0800: 1069.915: Total time for which application threads were stopped: 0.0002141 seconds, Stopping threads took: 0.0000948 seconds
2019-04-08T14:04:22.805+0800: 1069.916: Total time for which application threads were stopped: 0.0001189 seconds, Stopping threads took: 0.0000683 seconds
2019-04-08T14:04:23.821+0800: 1070.916: Total time for which application threads were stopped: 0.0001363 seconds, Stopping threads took: 0.0000680 seconds
2019-04-08T14:04:25.497+0800: 1072.601: Total time for which application threads were stopped: 0.0003516 seconds, Stopping threads took: 0.0002366 seconds
2019-04-08T14:04:25.637+0800: 1072.739: Total time for which application threads were stopped: 0.0001663 seconds, Stopping threads took: 0.0000691 seconds
2019-04-08T14:04:25.637+0800: 1072.739: Total time for which application threads were stopped: 0.0001067 seconds, Stopping threads took: 0.0000668 seconds
2019-04-08T14:04:25.637+0800: 1072.739: Total time for which application threads were stopped: 0.0001138 seconds, Stopping threads took: 0.0000470 seconds
{Heap before GC invocations=13 (full 1):
 par new generation   total 109248K, used 109248K [0x00000000e0000000, 0x00000000e8000000, 0x00000000e8000000)
  eden space 87424K, 100% used [0x00000000e0000000, 0x00000000e5560000, 0x00000000e5560000)
  from space 21824K, 100% used [0x00000000e6ab0000, 0x00000000e8000000, 0x00000000e8000000)
  to   space 21824K,   0% used [0x00000000e5560000, 0x00000000e5560000, 0x00000000e6ab0000)
 concurrent mark-sweep generation total 393216K, used 19852K [0x00000000e8000000, 0x0000000100000000, 0x0000000100000000)
 Metaspace       used 43523K, capacity 45008K, committed 45256K, reserved 1089536K
  class space    used 5499K, capacity 5809K, committed 5832K, reserved 1048576K
2019-04-08T14:04:27.658+0800: 1074.758: [GC (Allocation Failure) 2019-04-08T14:04:27.658+0800: 1074.758: [ParNew
Desired survivor size 20112992 bytes, new threshold 4 (max 8)
- age   1:    1595472 bytes,    1595472 total
- age   2:    1346536 bytes,    2942008 total
- age   3:   17143632 bytes,   20085640 total
- age   4:     766128 bytes,   20851768 total
: 109248K->21824K(109248K), 0.0198645 secs] 129100K->44108K(502464K), 0.0199451 secs] [Times: user=0.06 sys=0.00, real=0.02 secs] 
Heap after GC invocations=14 (full 1):
 par new generation   total 109248K, used 21824K [0x00000000e0000000, 0x00000000e8000000, 0x00000000e8000000)
  eden space 87424K,   0% used [0x00000000e0000000, 0x00000000e0000000, 0x00000000e5560000)
  from space 21824K, 100% used [0x00000000e5560000, 0x00000000e6ab0000, 0x00000000e6ab0000)
  to   space 21824K,   0% used [0x00000000e6ab0000, 0x00000000e6ab0000, 0x00000000e8000000)
 concurrent mark-sweep generation total 393216K, used 22284K [0x00000000e8000000, 0x0000000100000000, 0x0000000100000000)
 Metaspace       used 43523K, capacity 45008K, committed 45256K, reserved 1089536K
  class space    used 5499K, capacity 5809K, committed 5832K, reserved 1048576K
}
2019-04-08T14:04:27.673+0800: 1074.778: Total time for which application threads were stopped: 0.0202394 seconds, Stopping threads took: 0.0000608 seconds
2019-04-08T14:04:27.673+0800: 1074.783: Total time for which application threads were stopped: 0.0001138 seconds, Stopping threads took: 0.0000506 seconds
2019-04-08T14:04:27.814+0800: 1074.911: Total time for which application threads were stopped: 0.0001272 seconds, Stopping threads took: 0.0000411 seconds
2019-04-08T14:04:27.814+0800: 1074.912: Total time for which application threads were stopped: 0.0001296 seconds, Stopping threads took: 0.0000585 seconds
2019-04-08T14:04:27.814+0800: 1074.913: Total time for which application threads were stopped: 0.0001158 seconds, Stopping threads took: 0.0000589 seconds
2019-04-08T14:04:27.814+0800: 1074.917: Total time for which application threads were stopped: 0.0001055 seconds, Stopping threads took: 0.0000427 seconds
2019-04-08T14:04:29.829+0800: 1076.935: Total time for which application threads were stopped: 0.0001256 seconds, Stopping threads took: 0.0000557 seconds
2019-04-08T14:04:29.970+0800: 1077.071: Total time for which application threads were stopped: 0.0001849 seconds, Stopping threads took: 0.0000597 seconds
2019-04-08T14:04:29.970+0800: 1077.071: Total time for which application threads were stopped: 0.0001027 seconds, Stopping threads took: 0.0000506 seconds
2019-04-08T14:04:29.970+0800: 1077.077: Total time for which application threads were stopped: 0.0001225 seconds, Stopping threads took: 0.0000561 seconds
2019-04-08T14:04:31.997+0800: 1079.101: Total time for which application threads were stopped: 0.0003192 seconds, Stopping threads took: 0.0001944 seconds
2019-04-08T14:04:32.137+0800: 1079.236: Total time for which application threads were stopped: 0.0001323 seconds, Stopping threads took: 0.0000561 seconds
2019-04-08T14:04:34.159+0800: 1081.263: Total time for which application threads were stopped: 0.0001667 seconds, Stopping threads took: 0.0001035 seconds
2019-04-08T14:04:34.299+0800: 1081.399: Total time for which application threads were stopped: 0.0001422 seconds, Stopping threads took: 0.0000600 seconds
2019-04-08T14:04:36.866+0800: 1083.970: Total time for which application threads were stopped: 0.0001383 seconds, Stopping threads took: 0.0000577 seconds
2019-04-08T14:04:37.008+0800: 1084.118: Total time for which application threads were stopped: 0.0001189 seconds, Stopping threads took: 0.0000525 seconds
2019-04-08T14:04:39.039+0800: 1086.142: Total time for which application threads were stopped: 0.0001371 seconds, Stopping threads took: 0.0000608 seconds
2019-04-08T14:04:39.195+0800: 1086.302: Total time for which application threads were stopped: 0.0001588 seconds, Stopping threads took: 0.0000521 seconds
2019-04-08T14:04:40.210+0800: 1087.306: Total time for which application threads were stopped: 0.0003267 seconds, Stopping threads took: 0.0002493 seconds
2019-04-08T14:04:41.226+0800: 1088.329: Total time for which application threads were stopped: 0.0002536 seconds, Stopping threads took: 0.0000632 seconds
2019-04-08T14:04:41.366+0800: 1088.465: Total time for which application threads were stopped: 0.0001975 seconds, Stopping threads took: 0.0000778 seconds
2019-04-08T14:04:41.366+0800: 1088.465: Total time for which application threads were stopped: 0.0001387 seconds, Stopping threads took: 0.0000304 seconds
2019-04-08T14:04:41.398+0800: 1088.508: Total time for which application threads were stopped: 0.0001604 seconds, Stopping threads took: 0.0000506 seconds
2019-04-08T14:04:42.413+0800: 1089.508: Total time for which application threads were stopped: 0.0001501 seconds, Stopping threads took: 0.0000715 seconds
{Heap before GC invocations=14 (full 1):
 par new generation   total 109248K, used 108832K [0x00000000e0000000, 0x00000000e8000000, 0x00000000e8000000)
  eden space 87424K,  99% used [0x00000000e0000000, 0x00000000e54f82c0, 0x00000000e5560000)
  from space 21824K, 100% used [0x00000000e5560000, 0x00000000e6ab0000, 0x00000000e6ab0000)
  to   space 21824K,   0% used [0x00000000e6ab0000, 0x00000000e6ab0000, 0x00000000e8000000)
 concurrent mark-sweep generation total 393216K, used 22284K [0x00000000e8000000, 0x0000000100000000, 0x0000000100000000)
 Metaspace       used 43762K, capacity 45204K, committed 45256K, reserved 1089536K
  class space    used 5499K, capacity 5809K, committed 5832K, reserved 1048576K
2019-04-08T14:04:43.428+0800: 1090.532: [GC (Allocation Failure) 2019-04-08T14:04:43.428+0800: 1090.532: [ParNew
Desired survivor size 20112992 bytes, new threshold 8 (max 8)
- age   1:    1306112 bytes,    1306112 total
- age   2:     412384 bytes,    1718496 total
- age   3:    1074632 bytes,    2793128 total
- age   4:   16916256 bytes,   19709384 total
: 108832K->21824K(109248K), 0.0171816 secs] 131117K->45115K(502464K), 0.0172737 secs] [Times: user=0.06 sys=0.00, real=0.02 secs] 
Heap after GC invocations=15 (full 1):
 par new generation   total 109248K, used 21824K [0x00000000e0000000, 0x00000000e8000000, 0x00000000e8000000)
  eden space 87424K,   0% used [0x00000000e0000000, 0x00000000e0000000, 0x00000000e5560000)
  from space 21824K, 100% used [0x00000000e6ab0000, 0x00000000e8000000, 0x00000000e8000000)
  to   space 21824K,   0% used [0x00000000e5560000, 0x00000000e5560000, 0x00000000e6ab0000)
 concurrent mark-sweep generation total 393216K, used 23291K [0x00000000e8000000, 0x0000000100000000, 0x0000000100000000)
 Metaspace       used 43762K, capacity 45204K, committed 45256K, reserved 1089536K
  class space    used 5499K, capacity 5809K, committed 5832K, reserved 1048576K
}
2019-04-08T14:04:43.444+0800: 1090.549: Total time for which application threads were stopped: 0.0176762 seconds, Stopping threads took: 0.0000608 seconds
2019-04-08T14:04:43.444+0800: 1090.552: Total time for which application threads were stopped: 0.0003287 seconds, Stopping threads took: 0.0002370 seconds
2019-04-08T14:04:43.444+0800: 1090.552: Total time for which application threads were stopped: 0.0000885 seconds, Stopping threads took: 0.0000245 seconds
2019-04-08T14:04:43.460+0800: 1090.559: Total time for which application threads were stopped: 0.0001663 seconds, Stopping threads took: 0.0000691 seconds
2019-04-08T14:04:43.460+0800: 1090.559: Total time for which application threads were stopped: 0.0001019 seconds, Stopping threads took: 0.0000577 seconds
2019-04-08T14:04:43.460+0800: 1090.559: Total time for which application threads were stopped: 0.0000952 seconds, Stopping threads took: 0.0000557 seconds
2019-04-08T14:04:43.460+0800: 1090.559: Total time for which application threads were stopped: 0.0001035 seconds, Stopping threads took: 0.0000415 seconds
2019-04-08T14:04:43.460+0800: 1090.560: Total time for which application threads were stopped: 0.0003797 seconds, Stopping threads took: 0.0000458 seconds
2019-04-08T14:04:43.694+0800: 1090.793: Total time for which application threads were stopped: 0.0002272 seconds, Stopping threads took: 0.0000525 seconds
2019-04-08T14:04:43.694+0800: 1090.794: Total time for which application threads were stopped: 0.0002323 seconds, Stopping threads took: 0.0001260 seconds
2019-04-08T14:04:43.694+0800: 1090.794: Total time for which application threads were stopped: 0.0001402 seconds, Stopping threads took: 0.0000514 seconds
2019-04-08T14:04:43.709+0800: 1090.818: Total time for which application threads were stopped: 0.0001363 seconds, Stopping threads took: 0.0000529 seconds
2019-04-08T14:04:43.709+0800: 1090.819: Total time for which application threads were stopped: 0.0001525 seconds, Stopping threads took: 0.0000470 seconds
2019-04-08T14:04:43.709+0800: 1090.819: Total time for which application threads were stopped: 0.0000920 seconds, Stopping threads took: 0.0000399 seconds
2019-04-08T14:04:43.709+0800: 1090.820: Total time for which application threads were stopped: 0.0000794 seconds, Stopping threads took: 0.0000296 seconds
2019-04-08T14:04:43.725+0800: 1090.821: Total time for which application threads were stopped: 0.0003350 seconds, Stopping threads took: 0.0002280 seconds
2019-04-08T14:04:43.725+0800: 1090.825: Total time for which application threads were stopped: 0.0001454 seconds, Stopping threads took: 0.0000462 seconds
2019-04-08T14:04:43.725+0800: 1090.832: Total time for which application threads were stopped: 0.0023238 seconds, Stopping threads took: 0.0022586 seconds
2019-04-08T14:04:43.725+0800: 1090.833: Total time for which application threads were stopped: 0.0001608 seconds, Stopping threads took: 0.0000427 seconds
2019-04-08T14:04:43.725+0800: 1090.833: Total time for which application threads were stopped: 0.0001011 seconds, Stopping threads took: 0.0000478 seconds
2019-04-08T14:04:43.725+0800: 1090.834: Total time for which application threads were stopped: 0.0001075 seconds, Stopping threads took: 0.0000537 seconds
2019-04-08T14:04:43.725+0800: 1090.835: Total time for which application threads were stopped: 0.0000841 seconds, Stopping threads took: 0.0000356 seconds
2019-04-08T14:04:43.725+0800: 1090.835: Total time for which application threads were stopped: 0.0002042 seconds, Stopping threads took: 0.0000324 seconds
2019-04-08T14:04:43.756+0800: 1090.860: Total time for which application threads were stopped: 0.0001252 seconds, Stopping threads took: 0.0000616 seconds
2019-04-08T14:04:44.772+0800: 1091.867: Total time for which application threads were stopped: 0.0002536 seconds, Stopping threads took: 0.0001746 seconds
2019-04-08T14:04:45.459+0800: 1092.555: [GC (CMS Initial Mark) [1 CMS-initial-mark: 23291K(393216K)] 50978K(502464K), 0.0062744 secs] [Times: user=0.00 sys=0.00, real=0.00 secs] 
2019-04-08T14:04:45.459+0800: 1092.561: Total time for which application threads were stopped: 0.0064691 seconds, Stopping threads took: 0.0000652 seconds
2019-04-08T14:04:45.459+0800: 1092.561: [CMS-concurrent-mark-start]
2019-04-08T14:04:45.475+0800: 1092.573: [CMS-concurrent-mark: 0.012/0.012 secs] [Times: user=0.06 sys=0.00, real=0.02 secs] 
2019-04-08T14:04:45.475+0800: 1092.573: [CMS-concurrent-preclean-start]
2019-04-08T14:04:45.475+0800: 1092.574: [CMS-concurrent-preclean: 0.001/0.001 secs] [Times: user=0.00 sys=0.00, real=0.00 secs] 
2019-04-08T14:04:45.475+0800: 1092.574: [CMS-concurrent-abortable-preclean-start]
 CMS: abort preclean due to time 2019-04-08T14:04:51.598+0800: 1098.708: [CMS-concurrent-abortable-preclean: 3.777/6.133 secs] [Times: user=9.56 sys=0.00, real=6.12 secs] 
2019-04-08T14:04:51.598+0800: 1098.708: [GC (CMS Final Remark) [YG occupancy: 28560 K (109248 K)]{Heap before GC invocations=15 (full 2):
 par new generation   total 109248K, used 28560K [0x00000000e0000000, 0x00000000e8000000, 0x00000000e8000000)
  eden space 87424K,   7% used [0x00000000e0000000, 0x00000000e0694390, 0x00000000e5560000)
  from space 21824K, 100% used [0x00000000e6ab0000, 0x00000000e8000000, 0x00000000e8000000)
  to   space 21824K,   0% used [0x00000000e5560000, 0x00000000e5560000, 0x00000000e6ab0000)
 concurrent mark-sweep generation total 393216K, used 23291K [0x00000000e8000000, 0x0000000100000000, 0x0000000100000000)
 Metaspace       used 43788K, capacity 45304K, committed 45584K, reserved 1089536K
  class space    used 5500K, capacity 5841K, committed 5904K, reserved 1048576K
2019-04-08T14:04:51.598+0800: 1098.708: [GC (CMS Final Remark) 2019-04-08T14:04:51.598+0800: 1098.708: [ParNew
Desired survivor size 20112992 bytes, new threshold 8 (max 8)
- age   1:      96856 bytes,      96856 total
- age   2:     608976 bytes,     705832 total
- age   3:     282216 bytes,     988048 total
- age   4:    1074568 bytes,    2062616 total
- age   5:   16882248 bytes,   18944864 total
: 28560K->21824K(109248K), 0.0135293 secs] 51852K->45115K(502464K), 0.0135960 secs] [Times: user=0.06 sys=0.00, real=0.02 secs] 
Heap after GC invocations=16 (full 2):
 par new generation   total 109248K, used 21824K [0x00000000e0000000, 0x00000000e8000000, 0x00000000e8000000)
  eden space 87424K,   0% used [0x00000000e0000000, 0x00000000e0000000, 0x00000000e5560000)
  from space 21824K, 100% used [0x00000000e5560000, 0x00000000e6ab0000, 0x00000000e6ab0000)
  to   space 21824K,   0% used [0x00000000e6ab0000, 0x00000000e6ab0000, 0x00000000e8000000)
 concurrent mark-sweep generation total 393216K, used 23291K [0x00000000e8000000, 0x0000000100000000, 0x0000000100000000)
 Metaspace       used 43788K, capacity 45304K, committed 45584K, reserved 1089536K
  class space    used 5500K, capacity 5841K, committed 5904K, reserved 1048576K
}
2019-04-08T14:04:51.614+0800: 1098.722: [Rescan (parallel) , 0.0052488 secs]2019-04-08T14:04:51.629+0800: 1098.727: [weak refs processing, 0.0006617 secs]2019-04-08T14:04:51.629+0800: 1098.728: [class unloading, 0.0084512 secs]2019-04-08T14:04:51.629+0800: 1098.736: [scrub symbol table, 0.0063534 secs]2019-04-08T14:04:51.645+0800: 1098.743: [scrub string table, 0.0004930 secs][1 CMS-remark: 23291K(393216K)] 45115K(502464K), 0.0361134 secs] [Times: user=0.14 sys=0.00, real=0.05 secs] 
2019-04-08T14:04:51.645+0800: 1098.744: Total time for which application threads were stopped: 0.0362639 seconds, Stopping threads took: 0.0000636 seconds
2019-04-08T14:04:51.645+0800: 1098.744: [CMS-concurrent-sweep-start]
2019-04-08T14:04:51.661+0800: 1098.757: [CMS-concurrent-sweep: 0.012/0.012 secs] [Times: user=0.03 sys=0.00, real=0.02 secs] 
2019-04-08T14:04:51.661+0800: 1098.757: [CMS-concurrent-reset-start]
2019-04-08T14:04:51.661+0800: 1098.758: [CMS-concurrent-reset: 0.001/0.001 secs] [Times: user=0.00 sys=0.00, real=0.00 secs] 
2019-04-08T14:04:52.650+0800: 1099.745: Total time for which application threads were stopped: 0.0002754 seconds, Stopping threads took: 0.0000581 seconds
2019-04-08T14:04:58.429+0800: 1105.530: Total time for which application threads were stopped: 0.0000932 seconds, Stopping threads took: 0.0000213 seconds
2019-04-08T14:05:03.494+0800: 1110.594: Total time for which application threads were stopped: 0.0002295 seconds, Stopping threads took: 0.0000462 seconds
2019-04-08T14:05:03.494+0800: 1110.602: Total time for which application threads were stopped: 0.0002390 seconds, Stopping threads took: 0.0000332 seconds
2019-04-08T14:05:03.666+0800: 1110.769: Total time for which application threads were stopped: 0.0002892 seconds, Stopping threads took: 0.0000510 seconds
2019-04-08T14:05:04.682+0800: 1111.777: Total time for which application threads were stopped: 0.0001628 seconds, Stopping threads took: 0.0000557 seconds
2019-04-08T14:05:04.697+0800: 1111.801: Total time for which application threads were stopped: 0.0001229 seconds, Stopping threads took: 0.0000435 seconds
2019-04-08T14:05:04.838+0800: 1111.942: Total time for which application threads were stopped: 0.0001331 seconds, Stopping threads took: 0.0000502 seconds
2019-04-08T14:05:04.838+0800: 1111.945: Total time for which application threads were stopped: 0.0001280 seconds, Stopping threads took: 0.0000553 seconds
2019-04-08T14:05:04.838+0800: 1111.945: Total time for which application threads were stopped: 0.0001126 seconds, Stopping threads took: 0.0000597 seconds
2019-04-08T14:05:04.838+0800: 1111.945: Total time for which application threads were stopped: 0.0001509 seconds, Stopping threads took: 0.0000474 seconds
2019-04-08T14:05:05.853+0800: 1112.949: Total time for which application threads were stopped: 0.0001758 seconds, Stopping threads took: 0.0000561 seconds
2019-04-08T14:05:05.869+0800: 1112.973: Total time for which application threads were stopped: 0.0002600 seconds, Stopping threads took: 0.0001560 seconds
2019-04-08T14:05:06.011+0800: 1113.109: Total time for which application threads were stopped: 0.0002588 seconds, Stopping threads took: 0.0001549 seconds
2019-04-08T14:05:07.014+0800: 1114.109: Total time for which application threads were stopped: 0.0001754 seconds, Stopping threads took: 0.0000841 seconds
2019-04-08T14:05:07.030+0800: 1114.132: Total time for which application threads were stopped: 0.0001233 seconds, Stopping threads took: 0.0000557 seconds
2019-04-08T14:05:07.170+0800: 1114.273: Total time for which application threads were stopped: 0.0001292 seconds, Stopping threads took: 0.0000620 seconds
2019-04-08T14:05:07.170+0800: 1114.273: Total time for which application threads were stopped: 0.0001102 seconds, Stopping threads took: 0.0000593 seconds
2019-04-08T14:05:07.170+0800: 1114.273: Total time for which application threads were stopped: 0.0001130 seconds, Stopping threads took: 0.0000391 seconds
2019-04-08T14:05:08.206+0800: 1115.310: Total time for which application threads were stopped: 0.0001616 seconds, Stopping threads took: 0.0000964 seconds
2019-04-08T14:05:08.347+0800: 1115.448: Total time for which application threads were stopped: 0.0001608 seconds, Stopping threads took: 0.0000612 seconds
2019-04-08T14:05:09.362+0800: 1116.457: Total time for which application threads were stopped: 0.0002082 seconds, Stopping threads took: 0.0001272 seconds
2019-04-08T14:05:09.378+0800: 1116.481: Total time for which application threads were stopped: 0.0001268 seconds, Stopping threads took: 0.0000573 seconds
2019-04-08T14:05:09.503+0800: 1116.612: Total time for which application threads were stopped: 0.0001355 seconds, Stopping threads took: 0.0000577 seconds
2019-04-08T14:05:09.503+0800: 1116.612: Total time for which application threads were stopped: 0.0000905 seconds, Stopping threads took: 0.0000423 seconds
2019-04-08T14:05:09.503+0800: 1116.612: Total time for which application threads were stopped: 0.0002351 seconds, Stopping threads took: 0.0000589 seconds
2019-04-08T14:05:10.507+0800: 1117.602: Total time for which application threads were stopped: 0.0002015 seconds, Stopping threads took: 0.0000778 seconds
2019-04-08T14:05:10.538+0800: 1117.643: Total time for which application threads were stopped: 0.0001509 seconds, Stopping threads took: 0.0000632 seconds
2019-04-08T14:05:10.694+0800: 1117.803: Total time for which application threads were stopped: 0.0001525 seconds, Stopping threads took: 0.0000719 seconds
2019-04-08T14:05:11.709+0800: 1118.805: Total time for which application threads were stopped: 0.0002714 seconds, Stopping threads took: 0.0001734 seconds
2019-04-08T14:05:12.287+0800: 1119.391: Total time for which application threads were stopped: 0.0001478 seconds, Stopping threads took: 0.0000549 seconds
2019-04-08T14:05:12.444+0800: 1119.541: Total time for which application threads were stopped: 0.0001557 seconds, Stopping threads took: 0.0000593 seconds
2019-04-08T14:05:12.444+0800: 1119.543: Total time for which application threads were stopped: 0.0001489 seconds, Stopping threads took: 0.0000561 seconds
2019-04-08T14:05:12.444+0800: 1119.544: Total time for which application threads were stopped: 0.0001513 seconds, Stopping threads took: 0.0000683 seconds
2019-04-08T14:05:12.444+0800: 1119.544: Total time for which application threads were stopped: 0.0001430 seconds, Stopping threads took: 0.0000683 seconds
{Heap before GC invocations=16 (full 2):
 par new generation   total 109248K, used 109248K [0x00000000e0000000, 0x00000000e8000000, 0x00000000e8000000)
  eden space 87424K, 100% used [0x00000000e0000000, 0x00000000e5560000, 0x00000000e5560000)
  from space 21824K, 100% used [0x00000000e5560000, 0x00000000e6ab0000, 0x00000000e6ab0000)
  to   space 21824K,   0% used [0x00000000e6ab0000, 0x00000000e6ab0000, 0x00000000e8000000)
 concurrent mark-sweep generation total 393216K, used 18009K [0x00000000e8000000, 0x0000000100000000, 0x0000000100000000)
 Metaspace       used 43789K, capacity 45184K, committed 45584K, reserved 1089536K
  class space    used 5474K, capacity 5795K, committed 5904K, reserved 1048576K
2019-04-08T14:05:12.459+0800: 1119.563: [GC (Allocation Failure) 2019-04-08T14:05:12.459+0800: 1119.564: [ParNew
Desired survivor size 20112992 bytes, new threshold 8 (max 8)
- age   1:    1108136 bytes,    1108136 total
- age   2:      59176 bytes,    1167312 total
- age   3:     262984 bytes,    1430296 total
- age   4:     145480 bytes,    1575776 total
- age   5:     971040 bytes,    2546816 total
- age   6:   16881128 bytes,   19427944 total
: 109248K->21824K(109248K), 0.0140203 secs] 127257K->39833K(502464K), 0.0141203 secs] [Times: user=0.06 sys=0.00, real=0.02 secs] 
Heap after GC invocations=17 (full 2):
 par new generation   total 109248K, used 21824K [0x00000000e0000000, 0x00000000e8000000, 0x00000000e8000000)
  eden space 87424K,   0% used [0x00000000e0000000, 0x00000000e0000000, 0x00000000e5560000)
  from space 21824K, 100% used [0x00000000e6ab0000, 0x00000000e8000000, 0x00000000e8000000)
  to   space 21824K,   0% used [0x00000000e5560000, 0x00000000e5560000, 0x00000000e6ab0000)
 concurrent mark-sweep generation total 393216K, used 18009K [0x00000000e8000000, 0x0000000100000000, 0x0000000100000000)
 Metaspace       used 43789K, capacity 45184K, committed 45584K, reserved 1089536K
  class space    used 5474K, capacity 5795K, committed 5904K, reserved 1048576K
}
2019-04-08T14:05:12.475+0800: 1119.578: Total time for which application threads were stopped: 0.0146896 seconds, Stopping threads took: 0.0002426 seconds
2019-04-08T14:05:13.481+0800: 1120.576: Total time for which application threads were stopped: 0.0001462 seconds, Stopping threads took: 0.0000498 seconds
2019-04-08T14:05:20.543+0800: 1127.639: Total time for which application threads were stopped: 0.0001620 seconds, Stopping threads took: 0.0000924 seconds
2019-04-08T14:05:27.288+0800: 1134.388: Total time for which application threads were stopped: 0.0000857 seconds, Stopping threads took: 0.0000237 seconds
2019-04-08T14:05:51.962+0800: 1159.063: Total time for which application threads were stopped: 0.0000917 seconds, Stopping threads took: 0.0000225 seconds
2019-04-08T14:05:51.962+0800: 1159.063: Total time for which application threads were stopped: 0.0000794 seconds, Stopping threads took: 0.0000170 seconds
2019-04-08T14:05:51.962+0800: 1159.063: Total time for which application threads were stopped: 0.0000431 seconds, Stopping threads took: 0.0000130 seconds
2019-04-08T14:05:51.962+0800: 1159.063: Total time for which application threads were stopped: 0.0000395 seconds, Stopping threads took: 0.0000119 seconds
2019-04-08T14:05:51.962+0800: 1159.064: Total time for which application threads were stopped: 0.0000383 seconds, Stopping threads took: 0.0000111 seconds
2019-04-08T14:05:51.962+0800: 1159.064: Total time for which application threads were stopped: 0.0000383 seconds, Stopping threads took: 0.0000119 seconds
2019-04-08T14:05:51.962+0800: 1159.064: Total time for which application threads were stopped: 0.0000383 seconds, Stopping threads took: 0.0000119 seconds
2019-04-08T14:05:51.962+0800: 1159.064: Total time for which application threads were stopped: 0.0000379 seconds, Stopping threads took: 0.0000115 seconds
2019-04-08T14:05:51.962+0800: 1159.064: Total time for which application threads were stopped: 0.0000375 seconds, Stopping threads took: 0.0000115 seconds
2019-04-08T14:05:51.962+0800: 1159.064: Total time for which application threads were stopped: 0.0000565 seconds, Stopping threads took: 0.0000130 seconds
2019-04-08T14:05:51.962+0800: 1159.064: Total time for which application threads were stopped: 0.0000565 seconds, Stopping threads took: 0.0000134 seconds
2019-04-08T14:05:51.962+0800: 1159.064: Total time for which application threads were stopped: 0.0000569 seconds, Stopping threads took: 0.0000130 seconds
2019-04-08T14:05:51.962+0800: 1159.064: Total time for which application threads were stopped: 0.0000565 seconds, Stopping threads took: 0.0000269 seconds
2019-04-08T14:05:51.962+0800: 1159.065: Total time for which application threads were stopped: 0.0000431 seconds, Stopping threads took: 0.0000130 seconds
2019-04-08T14:06:52.615+0800: 1219.710: Total time for which application threads were stopped: 0.0001505 seconds, Stopping threads took: 0.0000439 seconds
2019-04-08T14:07:52.317+0800: 1279.412: Total time for which application threads were stopped: 0.0001580 seconds, Stopping threads took: 0.0000537 seconds
2019-04-08T14:09:52.359+0800: 1399.454: Total time for which application threads were stopped: 0.0001102 seconds, Stopping threads took: 0.0000292 seconds
2019-04-08T14:10:52.651+0800: 1459.746: Total time for which application threads were stopped: 0.0001545 seconds, Stopping threads took: 0.0000446 seconds
2019-04-08T14:11:28.767+0800: 1495.863: Total time for which application threads were stopped: 0.0001312 seconds, Stopping threads took: 0.0000375 seconds
2019-04-08T14:11:32.788+0800: 1499.884: Total time for which application threads were stopped: 0.0002110 seconds, Stopping threads took: 0.0000952 seconds
2019-04-08T14:11:52.800+0800: 1519.896: Total time for which application threads were stopped: 0.0001525 seconds, Stopping threads took: 0.0000589 seconds
2019-04-08T14:14:54.316+0800: 1701.412: Total time for which application threads were stopped: 0.0001944 seconds, Stopping threads took: 0.0000909 seconds
2019-04-08T14:16:40.763+0800: 1807.859: Total time for which application threads were stopped: 0.0001240 seconds, Stopping threads took: 0.0000518 seconds
2019-04-08T14:16:52.935+0800: 1820.031: Total time for which application threads were stopped: 0.0001035 seconds, Stopping threads took: 0.0000332 seconds
2019-04-08T14:18:15.887+0800: 1902.983: Total time for which application threads were stopped: 0.0001837 seconds, Stopping threads took: 0.0000458 seconds
2019-04-08T14:18:26.025+0800: 1913.120: Total time for which application threads were stopped: 0.0001252 seconds, Stopping threads took: 0.0000363 seconds
2019-04-08T14:18:53.367+0800: 1940.462: Total time for which application threads were stopped: 0.0001351 seconds, Stopping threads took: 0.0000616 seconds
2019-04-08T14:19:52.995+0800: 2000.091: Total time for which application threads were stopped: 0.0001750 seconds, Stopping threads took: 0.0000802 seconds
2019-04-08T14:20:11.073+0800: 2018.168: Total time for which application threads were stopped: 0.0001217 seconds, Stopping threads took: 0.0000316 seconds
2019-04-08T14:20:53.433+0800: 2060.529: Total time for which application threads were stopped: 0.0001493 seconds, Stopping threads took: 0.0000387 seconds
2019-04-08T14:21:53.217+0800: 2120.312: Total time for which application threads were stopped: 0.0001185 seconds, Stopping threads took: 0.0000340 seconds
2019-04-08T14:23:53.359+0800: 2240.454: Total time for which application threads were stopped: 0.0001446 seconds, Stopping threads took: 0.0000660 seconds
2019-04-08T14:24:51.001+0800: 2298.096: Total time for which application threads were stopped: 0.0001892 seconds, Stopping threads took: 0.0000932 seconds
2019-04-08T14:24:54.011+0800: 2301.107: Total time for which application threads were stopped: 0.0001252 seconds, Stopping threads took: 0.0000320 seconds
2019-04-08T14:25:53.634+0800: 2360.729: Total time for which application threads were stopped: 0.0001900 seconds, Stopping threads took: 0.0000794 seconds
2019-04-08T14:26:54.208+0800: 2421.303: Total time for which application threads were stopped: 0.0001248 seconds, Stopping threads took: 0.0000458 seconds
2019-04-08T14:30:11.293+0800: 2618.389: Total time for which application threads were stopped: 0.0002418 seconds, Stopping threads took: 0.0000834 seconds
2019-04-08T14:30:53.914+0800: 2661.009: Total time for which application threads were stopped: 0.0001600 seconds, Stopping threads took: 0.0000715 seconds
2019-04-08T14:31:51.580+0800: 2718.676: Total time for which application threads were stopped: 0.0001154 seconds, Stopping threads took: 0.0000407 seconds
2019-04-08T14:31:54.604+0800: 2721.699: Total time for which application threads were stopped: 0.0001489 seconds, Stopping threads took: 0.0000371 seconds
2019-04-08T14:32:27.914+0800: 2755.010: Total time for which application threads were stopped: 0.0002390 seconds, Stopping threads took: 0.0000367 seconds
2019-04-08T14:34:33.966+0800: 2881.062: Total time for which application threads were stopped: 0.0005669 seconds, Stopping threads took: 0.0000419 seconds
2019-04-08T14:34:54.203+0800: 2901.299: Total time for which application threads were stopped: 0.0001201 seconds, Stopping threads took: 0.0000375 seconds
2019-04-08T14:35:34.623+0800: 2941.719: Total time for which application threads were stopped: 0.0001572 seconds, Stopping threads took: 0.0000466 seconds
2019-04-08T14:35:38.594+0800: 2945.693: Total time for which application threads were stopped: 0.0002718 seconds, Stopping threads took: 0.0000458 seconds
2019-04-08T14:35:54.753+0800: 2961.849: Total time for which application threads were stopped: 0.0001869 seconds, Stopping threads took: 0.0000762 seconds
2019-04-08T14:38:54.984+0800: 3142.079: Total time for which application threads were stopped: 0.0001865 seconds, Stopping threads took: 0.0000885 seconds
2019-04-08T14:39:23.092+0800: 3170.189: Total time for which application threads were stopped: 0.0001316 seconds, Stopping threads took: 0.0000454 seconds
2019-04-08T14:39:23.093+0800: 3170.189: Total time for which application threads were stopped: 0.0001667 seconds, Stopping threads took: 0.0000699 seconds
2019-04-08T14:39:23.346+0800: 3170.442: Total time for which application threads were stopped: 0.0001387 seconds, Stopping threads took: 0.0000352 seconds
2019-04-08T14:39:23.346+0800: 3170.442: Total time for which application threads were stopped: 0.0001086 seconds, Stopping threads took: 0.0000383 seconds
2019-04-08T14:39:23.347+0800: 3170.442: Total time for which application threads were stopped: 0.0000897 seconds, Stopping threads took: 0.0000221 seconds
2019-04-08T14:39:23.347+0800: 3170.442: Total time for which application threads were stopped: 0.0000917 seconds, Stopping threads took: 0.0000190 seconds
2019-04-08T14:39:23.347+0800: 3170.442: Total time for which application threads were stopped: 0.0000814 seconds, Stopping threads took: 0.0000201 seconds
2019-04-08T14:39:23.348+0800: 3170.444: Total time for which application threads were stopped: 0.0001331 seconds, Stopping threads took: 0.0000510 seconds
2019-04-08T14:39:23.348+0800: 3170.444: Total time for which application threads were stopped: 0.0002572 seconds, Stopping threads took: 0.0000308 seconds
2019-04-08T14:39:24.349+0800: 3171.444: Total time for which application threads were stopped: 0.0000822 seconds, Stopping threads took: 0.0000253 seconds
2019-04-08T14:39:25.510+0800: 3172.606: Total time for which application threads were stopped: 0.0001580 seconds, Stopping threads took: 0.0000648 seconds
2019-04-08T14:39:25.510+0800: 3172.606: Total time for which application threads were stopped: 0.0001082 seconds, Stopping threads took: 0.0000344 seconds
2019-04-08T14:39:25.510+0800: 3172.606: Total time for which application threads were stopped: 0.0001090 seconds, Stopping threads took: 0.0000383 seconds
2019-04-08T14:39:25.511+0800: 3172.606: Total time for which application threads were stopped: 0.0001256 seconds, Stopping threads took: 0.0000450 seconds
2019-04-08T14:39:25.511+0800: 3172.606: Total time for which application threads were stopped: 0.0000924 seconds, Stopping threads took: 0.0000209 seconds
2019-04-08T14:39:25.511+0800: 3172.607: Total time for which application threads were stopped: 0.0001359 seconds, Stopping threads took: 0.0000205 seconds
2019-04-08T14:39:25.511+0800: 3172.607: Total time for which application threads were stopped: 0.0001505 seconds, Stopping threads took: 0.0000399 seconds
2019-04-08T14:39:26.511+0800: 3173.606: Total time for which application threads were stopped: 0.0001513 seconds, Stopping threads took: 0.0000648 seconds
2019-04-08T14:39:27.521+0800: 3174.616: Total time for which application threads were stopped: 0.0001553 seconds, Stopping threads took: 0.0000442 seconds
2019-04-08T14:39:28.400+0800: 3175.496: Total time for which application threads were stopped: 0.0001019 seconds, Stopping threads took: 0.0000209 seconds
2019-04-08T14:39:28.400+0800: 3175.496: Total time for which application threads were stopped: 0.0000727 seconds, Stopping threads took: 0.0000292 seconds
2019-04-08T14:39:29.401+0800: 3176.496: Total time for which application threads were stopped: 0.0001466 seconds, Stopping threads took: 0.0000514 seconds
2019-04-08T14:41:26.428+0800: 3293.524: Total time for which application threads were stopped: 0.0002137 seconds, Stopping threads took: 0.0000834 seconds
2019-04-08T14:42:55.308+0800: 3382.404: Total time for which application threads were stopped: 0.0001458 seconds, Stopping threads took: 0.0000506 seconds
2019-04-08T14:43:54.918+0800: 3442.013: Total time for which application threads were stopped: 0.0001817 seconds, Stopping threads took: 0.0000889 seconds
2019-04-08T14:45:11.119+0800: 3518.214: Total time for which application threads were stopped: 0.0001244 seconds, Stopping threads took: 0.0000336 seconds
2019-04-08T14:45:55.219+0800: 3562.314: Total time for which application threads were stopped: 0.0001470 seconds, Stopping threads took: 0.0000597 seconds
2019-04-08T14:47:51.268+0800: 3678.364: Total time for which application threads were stopped: 0.0001695 seconds, Stopping threads took: 0.0000541 seconds
2019-04-08T14:47:55.318+0800: 3682.414: Total time for which application threads were stopped: 0.0001327 seconds, Stopping threads took: 0.0000348 seconds
2019-04-08T14:55:55.508+0800: 4162.603: Total time for which application threads were stopped: 0.0001675 seconds, Stopping threads took: 0.0000435 seconds
2019-04-08T15:01:56.628+0800: 4523.723: Total time for which application threads were stopped: 0.0001568 seconds, Stopping threads took: 0.0000415 seconds
2019-04-08T15:02:56.108+0800: 4583.204: Total time for which application threads were stopped: 0.0001399 seconds, Stopping threads took: 0.0000367 seconds
2019-04-08T15:03:56.768+0800: 4643.863: Total time for which application threads were stopped: 0.0001588 seconds, Stopping threads took: 0.0000367 seconds
2019-04-08T15:05:48.798+0800: 4755.894: Total time for which application threads were stopped: 0.0000992 seconds, Stopping threads took: 0.0000332 seconds
2019-04-08T15:07:20.698+0800: 4847.793: Total time for which application threads were stopped: 0.0001501 seconds, Stopping threads took: 0.0000525 seconds
2019-04-08T15:07:32.858+0800: 4859.954: Total time for which application threads were stopped: 0.0001525 seconds, Stopping threads took: 0.0000510 seconds
2019-04-08T15:09:17.848+0800: 4964.943: Total time for which application threads were stopped: 0.0001244 seconds, Stopping threads took: 0.0000356 seconds
2019-04-08T15:12:56.828+0800: 5183.924: Total time for which application threads were stopped: 0.0001525 seconds, Stopping threads took: 0.0000379 seconds
2019-04-08T15:13:57.248+0800: 5244.344: Total time for which application threads were stopped: 0.0001114 seconds, Stopping threads took: 0.0000403 seconds
2019-04-08T15:25:57.988+0800: 5965.084: Total time for which application threads were stopped: 0.0001857 seconds, Stopping threads took: 0.0000616 seconds
2019-04-08T15:30:58.494+0800: 6265.590: Total time for which application threads were stopped: 0.0001632 seconds, Stopping threads took: 0.0000442 seconds
2019-04-08T15:31:58.570+0800: 6325.666: Total time for which application threads were stopped: 0.0001244 seconds, Stopping threads took: 0.0000656 seconds
2019-04-08T15:34:51.929+0800: 6499.025: Total time for which application threads were stopped: 0.0001774 seconds, Stopping threads took: 0.0000565 seconds
2019-04-08T15:35:39.953+0800: 6547.049: Total time for which application threads were stopped: 0.0001430 seconds, Stopping threads took: 0.0000340 seconds
2019-04-08T15:35:41.604+0800: 6548.700: Total time for which application threads were stopped: 0.0001738 seconds, Stopping threads took: 0.0000324 seconds
2019-04-08T15:35:42.604+0800: 6549.700: Total time for which application threads were stopped: 0.0001201 seconds, Stopping threads took: 0.0000498 seconds
2019-04-08T15:35:46.606+0800: 6553.702: Total time for which application threads were stopped: 0.0001517 seconds, Stopping threads took: 0.0000253 seconds
2019-04-08T15:35:58.871+0800: 6565.967: Total time for which application threads were stopped: 0.0002868 seconds, Stopping threads took: 0.0000557 seconds
2019-04-08T15:35:59.872+0800: 6566.967: Total time for which application threads were stopped: 0.0000913 seconds, Stopping threads took: 0.0000296 seconds
2019-04-08T15:36:35.886+0800: 6602.982: Total time for which application threads were stopped: 0.0001023 seconds, Stopping threads took: 0.0000308 seconds
2019-04-08T15:36:51.921+0800: 6619.017: Total time for which application threads were stopped: 0.0002039 seconds, Stopping threads took: 0.0000304 seconds
2019-04-08T15:36:59.925+0800: 6627.021: Total time for which application threads were stopped: 0.0001481 seconds, Stopping threads took: 0.0000328 seconds
2019-04-08T15:38:30.915+0800: 6718.010: Total time for which application threads were stopped: 0.0001458 seconds, Stopping threads took: 0.0000462 seconds
2019-04-08T15:38:54.928+0800: 6742.023: Total time for which application threads were stopped: 0.0001126 seconds, Stopping threads took: 0.0000273 seconds
2019-04-08T15:40:12.298+0800: 6819.394: Total time for which application threads were stopped: 0.0001841 seconds, Stopping threads took: 0.0000632 seconds
2019-04-08T15:41:01.908+0800: 6869.003: Total time for which application threads were stopped: 0.0001268 seconds, Stopping threads took: 0.0000454 seconds
2019-04-08T15:42:07.598+0800: 6934.694: Total time for which application threads were stopped: 0.0001213 seconds, Stopping threads took: 0.0000360 seconds
2019-04-08T15:42:59.208+0800: 6986.303: Total time for which application threads were stopped: 0.0001280 seconds, Stopping threads took: 0.0000553 seconds
2019-04-08T15:43:23.481+0800: 7010.577: Total time for which application threads were stopped: 0.0001640 seconds, Stopping threads took: 0.0000672 seconds
{Heap before GC invocations=17 (full 2):
 par new generation   total 109248K, used 109248K [0x00000000e0000000, 0x00000000e8000000, 0x00000000e8000000)
  eden space 87424K, 100% used [0x00000000e0000000, 0x00000000e5560000, 0x00000000e5560000)
  from space 21824K, 100% used [0x00000000e6ab0000, 0x00000000e8000000, 0x00000000e8000000)
  to   space 21824K,   0% used [0x00000000e5560000, 0x00000000e5560000, 0x00000000e6ab0000)
 concurrent mark-sweep generation total 393216K, used 18009K [0x00000000e8000000, 0x0000000100000000, 0x0000000100000000)
 Metaspace       used 44334K, capacity 45788K, committed 46096K, reserved 1089536K
  class space    used 5492K, capacity 5835K, committed 5904K, reserved 1048576K
2019-04-08T15:43:24.132+0800: 7011.232: [GC (Allocation Failure) 2019-04-08T15:43:24.136+0800: 7011.232: [ParNew
Desired survivor size 20112992 bytes, new threshold 8 (max 8)
- age   1:     596184 bytes,     596184 total
- age   2:     906400 bytes,    1502584 total
- age   3:      57736 bytes,    1560320 total
- age   4:     194472 bytes,    1754792 total
- age   5:     143296 bytes,    1898088 total
- age   6:     965072 bytes,    2863160 total
- age   7:   16754920 bytes,   19618080 total
: 109248K->21824K(109248K), 0.0505533 secs] 127257K->39967K(502464K), 0.0507081 secs] [Times: user=0.06 sys=0.13, real=0.05 secs] 
Heap after GC invocations=18 (full 2):
 par new generation   total 109248K, used 21824K [0x00000000e0000000, 0x00000000e8000000, 0x00000000e8000000)
  eden space 87424K,   0% used [0x00000000e0000000, 0x00000000e0000000, 0x00000000e5560000)
  from space 21824K, 100% used [0x00000000e5560000, 0x00000000e6ab0000, 0x00000000e6ab0000)
  to   space 21824K,   0% used [0x00000000e6ab0000, 0x00000000e6ab0000, 0x00000000e8000000)
 concurrent mark-sweep generation total 393216K, used 18143K [0x00000000e8000000, 0x0000000100000000, 0x0000000100000000)
 Metaspace       used 44334K, capacity 45788K, committed 46096K, reserved 1089536K
  class space    used 5492K, capacity 5835K, committed 5904K, reserved 1048576K
}
2019-04-08T15:43:24.186+0800: 7011.282: Total time for which application threads were stopped: 0.0511368 seconds, Stopping threads took: 0.0000521 seconds
2019-04-08T15:43:24.578+0800: 7011.677: Total time for which application threads were stopped: 0.0001655 seconds, Stopping threads took: 0.0000593 seconds
2019-04-08T15:43:24.578+0800: 7011.678: Total time for which application threads were stopped: 0.0001722 seconds, Stopping threads took: 0.0000395 seconds
2019-04-08T15:43:24.592+0800: 7011.690: Total time for which application threads were stopped: 0.0001892 seconds, Stopping threads took: 0.0000514 seconds
2019-04-08T15:43:24.598+0800: 7011.694: Total time for which application threads were stopped: 0.0001304 seconds, Stopping threads took: 0.0000537 seconds
2019-04-08T15:43:24.601+0800: 7011.697: Total time for which application threads were stopped: 0.0001651 seconds, Stopping threads took: 0.0000600 seconds
2019-04-08T15:43:24.601+0800: 7011.699: Total time for which application threads were stopped: 0.0001248 seconds, Stopping threads took: 0.0000478 seconds
2019-04-08T15:43:24.601+0800: 7011.700: Total time for which application threads were stopped: 0.0001462 seconds, Stopping threads took: 0.0000427 seconds
2019-04-08T15:43:24.608+0800: 7011.705: Total time for which application threads were stopped: 0.0001410 seconds, Stopping threads took: 0.0000624 seconds
2019-04-08T15:43:24.611+0800: 7011.706: Total time for which application threads were stopped: 0.0001308 seconds, Stopping threads took: 0.0000502 seconds
2019-04-08T15:43:24.611+0800: 7011.707: Total time for which application threads were stopped: 0.0001229 seconds, Stopping threads took: 0.0000435 seconds
2019-04-08T15:43:25.613+0800: 7012.709: Total time for which application threads were stopped: 0.0001892 seconds, Stopping threads took: 0.0000759 seconds
2019-04-08T15:43:25.701+0800: 7012.800: Total time for which application threads were stopped: 0.0001730 seconds, Stopping threads took: 0.0000585 seconds
2019-04-08T15:43:25.912+0800: 7013.010: Total time for which application threads were stopped: 0.0002651 seconds, Stopping threads took: 0.0001533 seconds
2019-04-08T15:43:25.912+0800: 7013.010: Total time for which application threads were stopped: 0.0002801 seconds, Stopping threads took: 0.0000486 seconds
2019-04-08T15:43:26.928+0800: 7014.023: Total time for which application threads were stopped: 0.0002125 seconds, Stopping threads took: 0.0000992 seconds
2019-04-08T15:43:26.988+0800: 7014.086: Total time for which application threads were stopped: 0.0001592 seconds, Stopping threads took: 0.0000628 seconds
2019-04-08T15:43:27.198+0800: 7014.295: Total time for which application threads were stopped: 0.0001833 seconds, Stopping threads took: 0.0000893 seconds
2019-04-08T15:43:27.198+0800: 7014.296: Total time for which application threads were stopped: 0.0002493 seconds, Stopping threads took: 0.0000751 seconds
2019-04-08T15:43:28.228+0800: 7015.325: Total time for which application threads were stopped: 0.0001924 seconds, Stopping threads took: 0.0000885 seconds
2019-04-08T15:43:28.398+0800: 7015.495: Total time for which application threads were stopped: 0.0001225 seconds, Stopping threads took: 0.0000478 seconds
2019-04-08T15:43:29.418+0800: 7016.521: Total time for which application threads were stopped: 0.0001794 seconds, Stopping threads took: 0.0001082 seconds
2019-04-08T15:43:29.558+0800: 7016.661: Total time for which application threads were stopped: 0.0003520 seconds, Stopping threads took: 0.0001071 seconds
2019-04-08T15:43:30.583+0800: 7017.683: Total time for which application threads were stopped: 0.0001264 seconds, Stopping threads took: 0.0000604 seconds
2019-04-08T15:43:30.731+0800: 7017.829: Total time for which application threads were stopped: 0.0001489 seconds, Stopping threads took: 0.0000652 seconds
2019-04-08T15:43:31.738+0800: 7018.834: Total time for which application threads were stopped: 0.0002094 seconds, Stopping threads took: 0.0000960 seconds
2019-04-08T15:43:31.762+0800: 7018.862: Total time for which application threads were stopped: 0.0001481 seconds, Stopping threads took: 0.0000545 seconds
2019-04-08T15:43:31.901+0800: 7018.998: Total time for which application threads were stopped: 0.0002011 seconds, Stopping threads took: 0.0000585 seconds
2019-04-08T15:43:32.928+0800: 7020.026: Total time for which application threads were stopped: 0.0003034 seconds, Stopping threads took: 0.0002015 seconds
2019-04-08T15:43:33.083+0800: 7020.180: Total time for which application threads were stopped: 0.0001746 seconds, Stopping threads took: 0.0000703 seconds
2019-04-08T15:43:34.108+0800: 7021.203: Total time for which application threads were stopped: 0.0002133 seconds, Stopping threads took: 0.0001169 seconds
2019-04-08T15:43:34.271+0800: 7021.367: Total time for which application threads were stopped: 0.0002524 seconds, Stopping threads took: 0.0000573 seconds
2019-04-08T15:43:34.271+0800: 7021.367: Total time for which application threads were stopped: 0.0002035 seconds, Stopping threads took: 0.0000486 seconds
2019-04-08T15:43:34.271+0800: 7021.368: Total time for which application threads were stopped: 0.0001588 seconds, Stopping threads took: 0.0000486 seconds
{Heap before GC invocations=18 (full 2):
 par new generation   total 109248K, used 109225K [0x00000000e0000000, 0x00000000e8000000, 0x00000000e8000000)
  eden space 87424K,  99% used [0x00000000e0000000, 0x00000000e555a4b0, 0x00000000e5560000)
  from space 21824K, 100% used [0x00000000e5560000, 0x00000000e6ab0000, 0x00000000e6ab0000)
  to   space 21824K,   0% used [0x00000000e6ab0000, 0x00000000e6ab0000, 0x00000000e8000000)
 concurrent mark-sweep generation total 393216K, used 18143K [0x00000000e8000000, 0x0000000100000000, 0x0000000100000000)
 Metaspace       used 44489K, capacity 46012K, committed 46352K, reserved 1089536K
  class space    used 5492K, capacity 5835K, committed 5904K, reserved 1048576K
2019-04-08T15:43:34.311+0800: 7021.409: [GC (Allocation Failure) 2019-04-08T15:43:34.311+0800: 7021.409: [ParNew
Desired survivor size 20112992 bytes, new threshold 8 (max 8)
- age   1:    1661672 bytes,    1661672 total
- age   2:     498024 bytes,    2159696 total
- age   3:     176520 bytes,    2336216 total
- age   4:      26736 bytes,    2362952 total
- age   5:      56880 bytes,    2419832 total
- age   6:      70224 bytes,    2490056 total
- age   7:     961296 bytes,    3451352 total
- age   8:   14513568 bytes,   17964920 total
: 109225K->21824K(109248K), 0.0169643 secs] 127368K->39981K(502464K), 0.0170813 secs] [Times: user=0.06 sys=0.00, real=0.02 secs] 
Heap after GC invocations=19 (full 2):
 par new generation   total 109248K, used 21824K [0x00000000e0000000, 0x00000000e8000000, 0x00000000e8000000)
  eden space 87424K,   0% used [0x00000000e0000000, 0x00000000e0000000, 0x00000000e5560000)
  from space 21824K, 100% used [0x00000000e6ab0000, 0x00000000e8000000, 0x00000000e8000000)
  to   space 21824K,   0% used [0x00000000e5560000, 0x00000000e5560000, 0x00000000e6ab0000)
 concurrent mark-sweep generation total 393216K, used 18157K [0x00000000e8000000, 0x0000000100000000, 0x0000000100000000)
 Metaspace       used 44489K, capacity 46012K, committed 46352K, reserved 1089536K
  class space    used 5492K, capacity 5835K, committed 5904K, reserved 1048576K
}
2019-04-08T15:43:34.329+0800: 7021.426: Total time for which application threads were stopped: 0.0190274 seconds, Stopping threads took: 0.0014989 seconds
2019-04-08T15:43:34.331+0800: 7021.430: Total time for which application threads were stopped: 0.0001817 seconds, Stopping threads took: 0.0000778 seconds
2019-04-08T15:43:35.338+0800: 7022.434: Total time for which application threads were stopped: 0.0001841 seconds, Stopping threads took: 0.0000826 seconds
2019-04-08T15:43:35.362+0800: 7022.462: Total time for which application threads were stopped: 0.0002185 seconds, Stopping threads took: 0.0001268 seconds
2019-04-08T15:43:35.362+0800: 7022.462: Total time for which application threads were stopped: 0.0001774 seconds, Stopping threads took: 0.0000557 seconds
2019-04-08T15:43:35.362+0800: 7022.462: Total time for which application threads were stopped: 0.0000751 seconds, Stopping threads took: 0.0000387 seconds
2019-04-08T15:43:35.362+0800: 7022.462: Total time for which application threads were stopped: 0.0000976 seconds, Stopping threads took: 0.0000506 seconds
2019-04-08T15:43:35.362+0800: 7022.463: Total time for which application threads were stopped: 0.0000841 seconds, Stopping threads took: 0.0000379 seconds
2019-04-08T15:43:35.362+0800: 7022.463: Total time for which application threads were stopped: 0.0000830 seconds, Stopping threads took: 0.0000363 seconds
2019-04-08T15:43:35.368+0800: 7022.463: Total time for which application threads were stopped: 0.0002374 seconds, Stopping threads took: 0.0000632 seconds
2019-04-08T15:43:35.591+0800: 7022.687: Total time for which application threads were stopped: 0.0001541 seconds, Stopping threads took: 0.0000585 seconds
2019-04-08T15:43:35.591+0800: 7022.688: Total time for which application threads were stopped: 0.0001418 seconds, Stopping threads took: 0.0000747 seconds
2019-04-08T15:43:35.591+0800: 7022.689: Total time for which application threads were stopped: 0.0001707 seconds, Stopping threads took: 0.0000644 seconds
2019-04-08T15:43:35.591+0800: 7022.690: Total time for which application threads were stopped: 0.0001434 seconds, Stopping threads took: 0.0000648 seconds
2019-04-08T15:43:35.591+0800: 7022.691: Total time for which application threads were stopped: 0.0001347 seconds, Stopping threads took: 0.0000604 seconds
2019-04-08T15:43:35.591+0800: 7022.691: Total time for which application threads were stopped: 0.0001205 seconds, Stopping threads took: 0.0000399 seconds
2019-04-08T15:43:35.591+0800: 7022.692: Total time for which application threads were stopped: 0.0000948 seconds, Stopping threads took: 0.0000415 seconds
2019-04-08T15:43:35.591+0800: 7022.692: Total time for which application threads were stopped: 0.0001327 seconds, Stopping threads took: 0.0000680 seconds
2019-04-08T15:43:35.591+0800: 7022.693: Total time for which application threads were stopped: 0.0000984 seconds, Stopping threads took: 0.0000403 seconds
2019-04-08T15:43:35.591+0800: 7022.693: Total time for which application threads were stopped: 0.0001158 seconds, Stopping threads took: 0.0000379 seconds
2019-04-08T15:43:35.598+0800: 7022.694: Total time for which application threads were stopped: 0.0001557 seconds, Stopping threads took: 0.0000557 seconds
2019-04-08T15:43:35.611+0800: 7022.709: Total time for which application threads were stopped: 0.0001604 seconds, Stopping threads took: 0.0000604 seconds
2019-04-08T15:43:35.611+0800: 7022.711: Total time for which application threads were stopped: 0.0001355 seconds, Stopping threads took: 0.0000482 seconds
2019-04-08T15:43:36.618+0800: 7023.713: Total time for which application threads were stopped: 0.0002090 seconds, Stopping threads took: 0.0001165 seconds
2019-04-08T15:43:36.701+0800: 7023.802: Total time for which application threads were stopped: 0.0001474 seconds, Stopping threads took: 0.0000486 seconds
2019-04-08T15:43:36.843+0800: 7023.940: Total time for which application threads were stopped: 0.0001588 seconds, Stopping threads took: 0.0000518 seconds
2019-04-08T15:43:37.871+0800: 7024.972: Total time for which application threads were stopped: 0.0001604 seconds, Stopping threads took: 0.0000656 seconds
2019-04-08T15:43:38.031+0800: 7025.127: Total time for which application threads were stopped: 0.0001857 seconds, Stopping threads took: 0.0000806 seconds
2019-04-08T15:43:38.031+0800: 7025.128: Total time for which application threads were stopped: 0.0001936 seconds, Stopping threads took: 0.0000213 seconds
2019-04-08T15:43:38.031+0800: 7025.133: Total time for which application threads were stopped: 0.0001699 seconds, Stopping threads took: 0.0000561 seconds
2019-04-08T15:43:39.952+0800: 7027.048: Total time for which application threads were stopped: 0.0004294 seconds, Stopping threads took: 0.0001023 seconds
2019-04-08T15:43:39.958+0800: 7027.054: Total time for which application threads were stopped: 0.0003800 seconds, Stopping threads took: 0.0000881 seconds
2019-04-08T15:43:40.148+0800: 7027.244: Total time for which application threads were stopped: 0.0001395 seconds, Stopping threads took: 0.0000514 seconds
2019-04-08T15:43:41.163+0800: 7028.261: Total time for which application threads were stopped: 0.0001304 seconds, Stopping threads took: 0.0000521 seconds
2019-04-08T15:43:41.311+0800: 7028.413: Total time for which application threads were stopped: 0.0001272 seconds, Stopping threads took: 0.0000593 seconds
2019-04-08T15:43:41.311+0800: 7028.413: Total time for which application threads were stopped: 0.0001031 seconds, Stopping threads took: 0.0000454 seconds
2019-04-08T15:43:41.321+0800: 7028.420: Total time for which application threads were stopped: 0.0001786 seconds, Stopping threads took: 0.0000502 seconds
2019-04-08T15:43:42.341+0800: 7029.439: Total time for which application threads were stopped: 0.0001726 seconds, Stopping threads took: 0.0000691 seconds
2019-04-08T15:43:42.481+0800: 7029.580: Total time for which application threads were stopped: 0.0001604 seconds, Stopping threads took: 0.0000644 seconds
2019-04-08T15:43:42.481+0800: 7029.581: Total time for which application threads were stopped: 0.0001284 seconds, Stopping threads took: 0.0000474 seconds
2019-04-08T15:43:43.498+0800: 7030.594: Total time for which application threads were stopped: 0.0004069 seconds, Stopping threads took: 0.0002698 seconds
2019-04-08T15:43:43.502+0800: 7030.601: Total time for which application threads were stopped: 0.0001264 seconds, Stopping threads took: 0.0000442 seconds
2019-04-08T15:43:43.638+0800: 7030.734: Total time for which application threads were stopped: 0.0001430 seconds, Stopping threads took: 0.0000723 seconds
2019-04-08T15:43:43.638+0800: 7030.734: Total time for which application threads were stopped: 0.0001485 seconds, Stopping threads took: 0.0000628 seconds
2019-04-08T15:43:43.638+0800: 7030.734: Total time for which application threads were stopped: 0.0000897 seconds, Stopping threads took: 0.0000474 seconds
2019-04-08T15:43:43.641+0800: 7030.741: Total time for which application threads were stopped: 0.0001817 seconds, Stopping threads took: 0.0000581 seconds
2019-04-08T15:43:44.653+0800: 7031.749: Total time for which application threads were stopped: 0.0007846 seconds, Stopping threads took: 0.0007127 seconds
2019-04-08T15:43:44.668+0800: 7031.765: Total time for which application threads were stopped: 0.0013377 seconds, Stopping threads took: 0.0012417 seconds
2019-04-08T15:43:44.848+0800: 7031.944: Total time for which application threads were stopped: 0.0001493 seconds, Stopping threads took: 0.0000557 seconds
2019-04-08T15:43:44.848+0800: 7031.944: Total time for which application threads were stopped: 0.0001383 seconds, Stopping threads took: 0.0000624 seconds
2019-04-08T15:43:44.850+0800: 7031.951: Total time for which application threads were stopped: 0.0001707 seconds, Stopping threads took: 0.0000707 seconds
{Heap before GC invocations=19 (full 2):
 par new generation   total 109248K, used 108757K [0x00000000e0000000, 0x00000000e8000000, 0x00000000e8000000)
  eden space 87424K,  99% used [0x00000000e0000000, 0x00000000e54e56d8, 0x00000000e5560000)
  from space 21824K, 100% used [0x00000000e6ab0000, 0x00000000e8000000, 0x00000000e8000000)
  to   space 21824K,   0% used [0x00000000e5560000, 0x00000000e5560000, 0x00000000e6ab0000)
 concurrent mark-sweep generation total 393216K, used 18157K [0x00000000e8000000, 0x0000000100000000, 0x0000000100000000)
 Metaspace       used 44591K, capacity 46098K, committed 46352K, reserved 1089536K
  class space    used 5493K, capacity 5836K, committed 5904K, reserved 1048576K
2019-04-08T15:43:45.868+0800: 7032.969: [GC (Allocation Failure) 2019-04-08T15:43:45.868+0800: 7032.969: [ParNew
Desired survivor size 20112992 bytes, new threshold 8 (max 8)
- age   1:    1802360 bytes,    1802360 total
- age   2:     203440 bytes,    2005800 total
- age   3:     389184 bytes,    2394984 total
- age   4:       9456 bytes,    2404440 total
- age   5:      26736 bytes,    2431176 total
- age   6:      56880 bytes,    2488056 total
- age   7:      70224 bytes,    2558280 total
- age   8:     961296 bytes,    3519576 total
: 108757K->16491K(109248K), 0.0395160 secs] 126915K->51987K(502464K), 0.0395852 secs] [Times: user=0.06 sys=0.02, real=0.04 secs] 
Heap after GC invocations=20 (full 2):
 par new generation   total 109248K, used 16491K [0x00000000e0000000, 0x00000000e8000000, 0x00000000e8000000)
  eden space 87424K,   0% used [0x00000000e0000000, 0x00000000e0000000, 0x00000000e5560000)
  from space 21824K,  75% used [0x00000000e5560000, 0x00000000e657aea0, 0x00000000e6ab0000)
  to   space 21824K,   0% used [0x00000000e6ab0000, 0x00000000e6ab0000, 0x00000000e8000000)
 concurrent mark-sweep generation total 393216K, used 35495K [0x00000000e8000000, 0x0000000100000000, 0x0000000100000000)
 Metaspace       used 44591K, capacity 46098K, committed 46352K, reserved 1089536K
  class space    used 5493K, capacity 5836K, committed 5904K, reserved 1048576K
}
2019-04-08T15:43:45.910+0800: 7033.009: Total time for which application threads were stopped: 0.0398349 seconds, Stopping threads took: 0.0000439 seconds
2019-04-08T15:43:45.910+0800: 7033.011: Total time for which application threads were stopped: 0.0001517 seconds, Stopping threads took: 0.0000557 seconds
2019-04-08T15:43:46.068+0800: 7033.167: Total time for which application threads were stopped: 0.0001620 seconds, Stopping threads took: 0.0000680 seconds
2019-04-08T15:43:46.068+0800: 7033.167: Total time for which application threads were stopped: 0.0001406 seconds, Stopping threads took: 0.0000462 seconds
2019-04-08T15:43:46.101+0800: 7033.201: Total time for which application threads were stopped: 0.0002580 seconds, Stopping threads took: 0.0000549 seconds
2019-04-08T15:43:47.139+0800: 7034.235: Total time for which application threads were stopped: 0.0001363 seconds, Stopping threads took: 0.0000537 seconds
2019-04-08T15:43:47.139+0800: 7034.235: Total time for which application threads were stopped: 0.0001177 seconds, Stopping threads took: 0.0000419 seconds
2019-04-08T15:43:47.139+0800: 7034.235: Total time for which application threads were stopped: 0.0000980 seconds, Stopping threads took: 0.0000395 seconds
2019-04-08T15:43:47.139+0800: 7034.235: Total time for which application threads were stopped: 0.0001276 seconds, Stopping threads took: 0.0000593 seconds
2019-04-08T15:43:47.139+0800: 7034.236: Total time for which application threads were stopped: 0.0000913 seconds, Stopping threads took: 0.0000450 seconds
2019-04-08T15:43:47.139+0800: 7034.236: Total time for which application threads were stopped: 0.0001098 seconds, Stopping threads took: 0.0000360 seconds
2019-04-08T15:43:47.139+0800: 7034.236: Total time for which application threads were stopped: 0.0001371 seconds, Stopping threads took: 0.0000549 seconds
2019-04-08T15:43:47.139+0800: 7034.236: Total time for which application threads were stopped: 0.0000790 seconds, Stopping threads took: 0.0000403 seconds
2019-04-08T15:43:47.139+0800: 7034.236: Total time for which application threads were stopped: 0.0000711 seconds, Stopping threads took: 0.0000367 seconds
2019-04-08T15:43:47.139+0800: 7034.236: Total time for which application threads were stopped: 0.0000715 seconds, Stopping threads took: 0.0000375 seconds
2019-04-08T15:43:47.139+0800: 7034.237: Total time for which application threads were stopped: 0.0000707 seconds, Stopping threads took: 0.0000371 seconds
2019-04-08T15:43:47.139+0800: 7034.237: Total time for which application threads were stopped: 0.0000703 seconds, Stopping threads took: 0.0000375 seconds
2019-04-08T15:43:47.139+0800: 7034.237: Total time for which application threads were stopped: 0.0000711 seconds, Stopping threads took: 0.0000367 seconds
2019-04-08T15:43:47.139+0800: 7034.237: Total time for which application threads were stopped: 0.0000723 seconds, Stopping threads took: 0.0000375 seconds
2019-04-08T15:43:47.183+0800: 7034.281: Total time for which application threads were stopped: 0.0001256 seconds, Stopping threads took: 0.0000514 seconds
2019-04-08T15:43:47.381+0800: 7034.477: Total time for which application threads were stopped: 0.0001304 seconds, Stopping threads took: 0.0000561 seconds
2019-04-08T15:43:47.381+0800: 7034.478: Total time for which application threads were stopped: 0.0001019 seconds, Stopping threads took: 0.0000439 seconds
2019-04-08T15:43:47.381+0800: 7034.479: Total time for which application threads were stopped: 0.0001849 seconds, Stopping threads took: 0.0000589 seconds
2019-04-08T15:43:47.381+0800: 7034.482: Total time for which application threads were stopped: 0.0003461 seconds, Stopping threads took: 0.0000913 seconds
2019-04-08T15:43:48.388+0800: 7035.483: Total time for which application threads were stopped: 0.0001813 seconds, Stopping threads took: 0.0000897 seconds
2019-04-08T15:43:52.408+0800: 7039.504: Total time for which application threads were stopped: 0.0001406 seconds, Stopping threads took: 0.0000723 seconds
2019-04-08T15:44:02.128+0800: 7049.231: Total time for which application threads were stopped: 0.0001999 seconds, Stopping threads took: 0.0000383 seconds
2019-04-08T15:44:58.698+0800: 7105.794: Total time for which application threads were stopped: 0.0001726 seconds, Stopping threads took: 0.0000490 seconds
2019-04-08T15:45:11.848+0800: 7118.944: Total time for which application threads were stopped: 0.0001738 seconds, Stopping threads took: 0.0000660 seconds
2019-04-08T15:45:34.208+0800: 7141.304: Total time for which application threads were stopped: 0.0001991 seconds, Stopping threads took: 0.0000687 seconds
2019-04-08T15:46:27.809+0800: 7194.904: Total time for which application threads were stopped: 0.0001300 seconds, Stopping threads took: 0.0000324 seconds
2019-04-08T15:46:55.538+0800: 7222.634: Total time for which application threads were stopped: 0.0003149 seconds, Stopping threads took: 0.0000581 seconds
2019-04-08T15:46:55.562+0800: 7222.658: Total time for which application threads were stopped: 0.0001758 seconds, Stopping threads took: 0.0000352 seconds
2019-04-08T15:46:55.563+0800: 7222.659: Total time for which application threads were stopped: 0.0001300 seconds, Stopping threads took: 0.0000245 seconds
2019-04-08T15:46:55.563+0800: 7222.659: Total time for which application threads were stopped: 0.0001383 seconds, Stopping threads took: 0.0000221 seconds
2019-04-08T15:46:55.563+0800: 7222.659: Total time for which application threads were stopped: 0.0002283 seconds, Stopping threads took: 0.0001367 seconds
2019-04-08T15:46:55.563+0800: 7222.659: Total time for which application threads were stopped: 0.0001628 seconds, Stopping threads took: 0.0000415 seconds
2019-04-08T15:46:55.564+0800: 7222.660: Total time for which application threads were stopped: 0.0001470 seconds, Stopping threads took: 0.0000284 seconds
2019-04-08T15:46:55.564+0800: 7222.660: Total time for which application threads were stopped: 0.0001142 seconds, Stopping threads took: 0.0000249 seconds
2019-04-08T15:46:55.565+0800: 7222.661: Total time for which application threads were stopped: 0.0001181 seconds, Stopping threads took: 0.0000201 seconds
2019-04-08T15:46:55.565+0800: 7222.661: Total time for which application threads were stopped: 0.0001173 seconds, Stopping threads took: 0.0000367 seconds
2019-04-08T15:46:55.565+0800: 7222.661: Total time for which application threads were stopped: 0.0001489 seconds, Stopping threads took: 0.0000612 seconds
2019-04-08T15:46:55.565+0800: 7222.661: Total time for which application threads were stopped: 0.0001161 seconds, Stopping threads took: 0.0000328 seconds
2019-04-08T15:46:55.565+0800: 7222.661: Total time for which application threads were stopped: 0.0001276 seconds, Stopping threads took: 0.0000375 seconds
2019-04-08T15:46:55.565+0800: 7222.662: Total time for which application threads were stopped: 0.0001209 seconds, Stopping threads took: 0.0000379 seconds
2019-04-08T15:46:57.266+0800: 7224.362: Total time for which application threads were stopped: 0.0009572 seconds, Stopping threads took: 0.0000371 seconds
2019-04-08T15:46:57.310+0800: 7224.406: Total time for which application threads were stopped: 0.0001327 seconds, Stopping threads took: 0.0000427 seconds
2019-04-08T15:46:57.310+0800: 7224.406: Total time for which application threads were stopped: 0.0000948 seconds, Stopping threads took: 0.0000225 seconds
2019-04-08T15:46:59.313+0800: 7226.408: Total time for which application threads were stopped: 0.0001252 seconds, Stopping threads took: 0.0000375 seconds
2019-04-08T15:47:14.349+0800: 7241.444: Total time for which application threads were stopped: 0.0001331 seconds, Stopping threads took: 0.0000604 seconds
2019-04-08T15:47:15.352+0800: 7242.447: Total time for which application threads were stopped: 0.0001264 seconds, Stopping threads took: 0.0000399 seconds
2019-04-08T15:47:17.122+0800: 7244.218: Total time for which application threads were stopped: 0.0001410 seconds, Stopping threads took: 0.0000336 seconds
2019-04-08T15:47:18.123+0800: 7245.218: Total time for which application threads were stopped: 0.0004354 seconds, Stopping threads took: 0.0003311 seconds
2019-04-08T15:47:18.156+0800: 7245.251: Total time for which application threads were stopped: 0.0001612 seconds, Stopping threads took: 0.0000541 seconds
2019-04-08T15:47:32.168+0800: 7259.264: Total time for which application threads were stopped: 0.0001920 seconds, Stopping threads took: 0.0000371 seconds
2019-04-08T15:47:32.168+0800: 7259.264: Total time for which application threads were stopped: 0.0000810 seconds, Stopping threads took: 0.0000296 seconds
2019-04-08T15:47:32.168+0800: 7259.264: Total time for which application threads were stopped: 0.0000494 seconds, Stopping threads took: 0.0000130 seconds
2019-04-08T15:47:32.168+0800: 7259.264: Total time for which application threads were stopped: 0.0000612 seconds, Stopping threads took: 0.0000261 seconds
2019-04-08T15:47:32.168+0800: 7259.264: Total time for which application threads were stopped: 0.0000446 seconds, Stopping threads took: 0.0000119 seconds
2019-04-08T15:47:32.171+0800: 7259.268: Total time for which application threads were stopped: 0.0000988 seconds, Stopping threads took: 0.0000205 seconds
2019-04-08T15:48:06.608+0800: 7293.703: Total time for which application threads were stopped: 0.0001225 seconds, Stopping threads took: 0.0000395 seconds
2019-04-08T15:48:56.168+0800: 7343.263: Total time for which application threads were stopped: 0.0001438 seconds, Stopping threads took: 0.0000395 seconds
2019-04-08T15:49:58.988+0800: 7406.084: Total time for which application threads were stopped: 0.0001952 seconds, Stopping threads took: 0.0000577 seconds
2019-04-08T15:50:46.488+0800: 7453.584: Total time for which application threads were stopped: 0.0001707 seconds, Stopping threads took: 0.0000608 seconds
2019-04-08T15:51:14.758+0800: 7481.854: Total time for which application threads were stopped: 0.0001612 seconds, Stopping threads took: 0.0000585 seconds
2019-04-08T15:51:17.818+0800: 7484.914: Total time for which application threads were stopped: 0.0001560 seconds, Stopping threads took: 0.0000391 seconds
2019-04-08T15:55:00.088+0800: 7707.183: Total time for which application threads were stopped: 0.0001541 seconds, Stopping threads took: 0.0000336 seconds
2019-04-08T15:56:57.866+0800: 7824.961: Total time for which application threads were stopped: 0.0002252 seconds, Stopping threads took: 0.0000822 seconds
2019-04-08T15:57:35.306+0800: 7862.401: Total time for which application threads were stopped: 0.0001213 seconds, Stopping threads took: 0.0000363 seconds
2019-04-08T15:58:56.083+0800: 7943.178: Total time for which application threads were stopped: 0.0001537 seconds, Stopping threads took: 0.0000553 seconds
2019-04-08T15:59:49.673+0800: 7996.768: Total time for which application threads were stopped: 0.0001130 seconds, Stopping threads took: 0.0000320 seconds
2019-04-08T15:59:55.742+0800: 8002.838: Total time for which application threads were stopped: 0.0001185 seconds, Stopping threads took: 0.0000332 seconds
2019-04-08T16:07:41.555+0800: 8468.651: Total time for which application threads were stopped: 0.0002189 seconds, Stopping threads took: 0.0001098 seconds
2019-04-08T16:07:47.444+0800: 8474.542: Total time for which application threads were stopped: 0.0002777 seconds, Stopping threads took: 0.0000280 seconds
2019-04-08T16:07:48.456+0800: 8475.551: Total time for which application threads were stopped: 0.0001442 seconds, Stopping threads took: 0.0000624 seconds
2019-04-08T16:17:17.505+0800: 9044.600: Total time for which application threads were stopped: 0.0001643 seconds, Stopping threads took: 0.0000577 seconds
2019-04-08T16:18:03.992+0800: 9091.087: Total time for which application threads were stopped: 0.0002066 seconds, Stopping threads took: 0.0000391 seconds
2019-04-08T16:18:12.119+0800: 9099.214: Total time for which application threads were stopped: 0.0001335 seconds, Stopping threads took: 0.0000435 seconds
2019-04-08T16:18:39.882+0800: 9126.978: Total time for which application threads were stopped: 0.0003319 seconds, Stopping threads took: 0.0000928 seconds
2019-04-08T16:18:39.882+0800: 9126.979: Total time for which application threads were stopped: 0.0002544 seconds, Stopping threads took: 0.0000739 seconds
2019-04-08T16:18:39.884+0800: 9126.981: Total time for which application threads were stopped: 0.0006108 seconds, Stopping threads took: 0.0001430 seconds
2019-04-08T16:18:39.884+0800: 9126.982: Total time for which application threads were stopped: 0.0001280 seconds, Stopping threads took: 0.0000371 seconds
2019-04-08T16:18:39.884+0800: 9126.984: Total time for which application threads were stopped: 0.0001304 seconds, Stopping threads took: 0.0000450 seconds
2019-04-08T16:18:39.884+0800: 9126.984: Total time for which application threads were stopped: 0.0001201 seconds, Stopping threads took: 0.0000462 seconds
2019-04-08T16:18:39.892+0800: 9126.991: Total time for which application threads were stopped: 0.0001355 seconds, Stopping threads took: 0.0000466 seconds
2019-04-08T16:18:40.064+0800: 9127.167: Total time for which application threads were stopped: 0.0002106 seconds, Stopping threads took: 0.0000565 seconds
2019-04-08T16:18:40.064+0800: 9127.167: Total time for which application threads were stopped: 0.0001450 seconds, Stopping threads took: 0.0000435 seconds
2019-04-08T16:18:40.075+0800: 9127.172: Total time for which application threads were stopped: 0.0001580 seconds, Stopping threads took: 0.0000537 seconds
2019-04-08T16:18:41.092+0800: 9128.188: Total time for which application threads were stopped: 0.0006424 seconds, Stopping threads took: 0.0004804 seconds
2019-04-08T16:18:41.115+0800: 9128.211: Total time for which application threads were stopped: 0.0001493 seconds, Stopping threads took: 0.0000565 seconds
2019-04-08T16:18:41.115+0800: 9128.211: Total time for which application threads were stopped: 0.0001316 seconds, Stopping threads took: 0.0000450 seconds
2019-04-08T16:18:41.115+0800: 9128.213: Total time for which application threads were stopped: 0.0001655 seconds, Stopping threads took: 0.0000529 seconds
2019-04-08T16:18:41.115+0800: 9128.214: Total time for which application threads were stopped: 0.0001300 seconds, Stopping threads took: 0.0000395 seconds
2019-04-08T16:18:41.124+0800: 9128.220: Total time for which application threads were stopped: 0.0001715 seconds, Stopping threads took: 0.0000514 seconds
2019-04-08T16:18:41.124+0800: 9128.220: Total time for which application threads were stopped: 0.0001636 seconds, Stopping threads took: 0.0000442 seconds
2019-04-08T16:18:41.255+0800: 9128.351: Total time for which application threads were stopped: 0.0001399 seconds, Stopping threads took: 0.0000521 seconds
2019-04-08T16:18:41.255+0800: 9128.355: Total time for which application threads were stopped: 0.0001809 seconds, Stopping threads took: 0.0000549 seconds
2019-04-08T16:18:42.282+0800: 9129.378: Total time for which application threads were stopped: 0.0001410 seconds, Stopping threads took: 0.0000565 seconds
2019-04-08T16:18:43.282+0800: 9130.377: Total time for which application threads were stopped: 0.0001770 seconds, Stopping threads took: 0.0000782 seconds
{Heap before GC invocations=20 (full 2):
 par new generation   total 109248K, used 103857K [0x00000000e0000000, 0x00000000e8000000, 0x00000000e8000000)
  eden space 87424K,  99% used [0x00000000e0000000, 0x00000000e5551900, 0x00000000e5560000)
  from space 21824K,  75% used [0x00000000e5560000, 0x00000000e657aea0, 0x00000000e6ab0000)
  to   space 21824K,   0% used [0x00000000e6ab0000, 0x00000000e6ab0000, 0x00000000e8000000)
 concurrent mark-sweep generation total 393216K, used 35495K [0x00000000e8000000, 0x0000000100000000, 0x0000000100000000)
 Metaspace       used 45434K, capacity 46986K, committed 47248K, reserved 1091584K
  class space    used 5584K, capacity 5924K, committed 6032K, reserved 1048576K
2019-04-08T16:18:43.422+0800: 9130.524: [GC (Allocation Failure) 2019-04-08T16:18:43.422+0800: 9130.524: [ParNew
Desired survivor size 20112992 bytes, new threshold 8 (max 8)
- age   1:    2236664 bytes,    2236664 total
- age   2:     546912 bytes,    2783576 total
- age   3:      22000 bytes,    2805576 total
- age   4:     347456 bytes,    3153032 total
- age   5:       9112 bytes,    3162144 total
- age   6:        864 bytes,    3163008 total
- age   7:       9176 bytes,    3172184 total
- age   8:      70224 bytes,    3242408 total
: 103857K->5613K(109248K), 0.0124614 secs] 139353K->42060K(502464K), 0.0125661 secs] [Times: user=0.03 sys=0.02, real=0.01 secs] 
Heap after GC invocations=21 (full 2):
 par new generation   total 109248K, used 5613K [0x00000000e0000000, 0x00000000e8000000, 0x00000000e8000000)
  eden space 87424K,   0% used [0x00000000e0000000, 0x00000000e0000000, 0x00000000e5560000)
  from space 21824K,  25% used [0x00000000e6ab0000, 0x00000000e702b7c8, 0x00000000e8000000)
  to   space 21824K,   0% used [0x00000000e5560000, 0x00000000e5560000, 0x00000000e6ab0000)
 concurrent mark-sweep generation total 393216K, used 36446K [0x00000000e8000000, 0x0000000100000000, 0x0000000100000000)
 Metaspace       used 45434K, capacity 46986K, committed 47248K, reserved 1091584K
  class space    used 5584K, capacity 5924K, committed 6032K, reserved 1048576K
}
2019-04-08T16:18:43.434+0800: 9130.536: Total time for which application threads were stopped: 0.0131042 seconds, Stopping threads took: 0.0000510 seconds
2019-04-08T16:18:43.442+0800: 9130.538: Total time for which application threads were stopped: 0.0005744 seconds, Stopping threads took: 0.0004662 seconds
2019-04-08T16:18:43.445+0800: 9130.546: Total time for which application threads were stopped: 0.0002390 seconds, Stopping threads took: 0.0001264 seconds
2019-04-08T16:18:44.612+0800: 9131.708: Total time for which application threads were stopped: 0.0001422 seconds, Stopping threads took: 0.0000573 seconds
2019-04-08T16:18:45.622+0800: 9132.718: Total time for which application threads were stopped: 0.0008292 seconds, Stopping threads took: 0.0007403 seconds
2019-04-08T16:18:45.795+0800: 9132.891: Total time for which application threads were stopped: 0.0002307 seconds, Stopping threads took: 0.0000597 seconds
2019-04-08T16:18:46.810+0800: 9133.906: Total time for which application threads were stopped: 0.0007735 seconds, Stopping threads took: 0.0006827 seconds
2019-04-08T16:18:47.002+0800: 9134.099: Total time for which application threads were stopped: 0.0014412 seconds, Stopping threads took: 0.0013132 seconds
2019-04-08T16:18:48.012+0800: 9135.107: Total time for which application threads were stopped: 0.0001549 seconds, Stopping threads took: 0.0000731 seconds
2019-04-08T16:18:48.215+0800: 9135.315: Total time for which application threads were stopped: 0.0001351 seconds, Stopping threads took: 0.0000442 seconds
2019-04-08T16:18:49.232+0800: 9136.327: Total time for which application threads were stopped: 0.0001766 seconds, Stopping threads took: 0.0000944 seconds
2019-04-08T16:18:49.375+0800: 9136.474: Total time for which application threads were stopped: 0.0001715 seconds, Stopping threads took: 0.0000545 seconds
2019-04-08T16:18:50.535+0800: 9137.631: Total time for which application threads were stopped: 0.0001904 seconds, Stopping threads took: 0.0000565 seconds
2019-04-08T16:18:50.704+0800: 9137.804: Total time for which application threads were stopped: 0.0001869 seconds, Stopping threads took: 0.0000569 seconds
2019-04-08T16:18:50.704+0800: 9137.806: Total time for which application threads were stopped: 0.0001707 seconds, Stopping threads took: 0.0000498 seconds
2019-04-08T16:18:50.711+0800: 9137.808: Total time for which application threads were stopped: 0.0001584 seconds, Stopping threads took: 0.0000510 seconds
2019-04-08T16:18:51.732+0800: 9138.827: Total time for which application threads were stopped: 0.0003172 seconds, Stopping threads took: 0.0001896 seconds
2019-04-08T16:18:51.734+0800: 9138.833: Total time for which application threads were stopped: 0.0001268 seconds, Stopping threads took: 0.0000616 seconds
2019-04-08T16:18:51.734+0800: 9138.834: Total time for which application threads were stopped: 0.0001071 seconds, Stopping threads took: 0.0000363 seconds
2019-04-08T16:18:51.734+0800: 9138.835: Total time for which application threads were stopped: 0.0001031 seconds, Stopping threads took: 0.0000478 seconds
2019-04-08T16:18:51.752+0800: 9138.857: Total time for which application threads were stopped: 0.0001268 seconds, Stopping threads took: 0.0000415 seconds
2019-04-08T16:18:51.862+0800: 9138.961: Total time for which application threads were stopped: 0.0001596 seconds, Stopping threads took: 0.0000442 seconds
2019-04-08T16:18:51.862+0800: 9138.961: Total time for which application threads were stopped: 0.0001011 seconds, Stopping threads took: 0.0000363 seconds
2019-04-08T16:18:51.862+0800: 9138.962: Total time for which application threads were stopped: 0.0001161 seconds, Stopping threads took: 0.0000336 seconds
2019-04-08T16:18:51.862+0800: 9138.962: Total time for which application threads were stopped: 0.0000909 seconds, Stopping threads took: 0.0000348 seconds
2019-04-08T16:18:51.862+0800: 9138.963: Total time for which application threads were stopped: 0.0001079 seconds, Stopping threads took: 0.0000320 seconds
2019-04-08T16:18:51.862+0800: 9138.963: Total time for which application threads were stopped: 0.0000877 seconds, Stopping threads took: 0.0000348 seconds
2019-04-08T16:18:51.862+0800: 9138.963: Total time for which application threads were stopped: 0.0001043 seconds, Stopping threads took: 0.0000312 seconds
2019-04-08T16:18:51.862+0800: 9138.964: Total time for which application threads were stopped: 0.0000841 seconds, Stopping threads took: 0.0000320 seconds
2019-04-08T16:18:51.862+0800: 9138.964: Total time for which application threads were stopped: 0.0001130 seconds, Stopping threads took: 0.0000415 seconds
2019-04-08T16:18:51.862+0800: 9138.965: Total time for which application threads were stopped: 0.0001695 seconds, Stopping threads took: 0.0000356 seconds
2019-04-08T16:18:51.862+0800: 9138.965: Total time for which application threads were stopped: 0.0001217 seconds, Stopping threads took: 0.0000656 seconds
{Heap before GC invocations=21 (full 2):
 par new generation   total 109248K, used 93037K [0x00000000e0000000, 0x00000000e8000000, 0x00000000e8000000)
  eden space 87424K, 100% used [0x00000000e0000000, 0x00000000e5560000, 0x00000000e5560000)
  from space 21824K,  25% used [0x00000000e6ab0000, 0x00000000e702b7c8, 0x00000000e8000000)
  to   space 21824K,   0% used [0x00000000e5560000, 0x00000000e5560000, 0x00000000e6ab0000)
 concurrent mark-sweep generation total 393216K, used 36446K [0x00000000e8000000, 0x0000000100000000, 0x0000000100000000)
 Metaspace       used 45496K, capacity 46996K, committed 47248K, reserved 1091584K
  class space    used 5585K, capacity 5925K, committed 6032K, reserved 1048576K
2019-04-08T16:18:52.914+0800: 9140.014: [GC (Allocation Failure) 2019-04-08T16:18:52.914+0800: 9140.014: [ParNew
Desired survivor size 20112992 bytes, new threshold 8 (max 8)
- age   1:     637040 bytes,     637040 total
- age   2:     816184 bytes,    1453224 total
- age   3:     545984 bytes,    1999208 total
- age   4:      22000 bytes,    2021208 total
- age   5:     347432 bytes,    2368640 total
- age   6:       9112 bytes,    2377752 total
- age   7:        864 bytes,    2378616 total
- age   8:       9176 bytes,    2387792 total
: 93037K->3260K(109248K), 0.0041798 secs] 129484K->39776K(502464K), 0.0043267 secs] [Times: user=0.00 sys=0.00, real=0.01 secs] 
Heap after GC invocations=22 (full 2):
 par new generation   total 109248K, used 3260K [0x00000000e0000000, 0x00000000e8000000, 0x00000000e8000000)
  eden space 87424K,   0% used [0x00000000e0000000, 0x00000000e0000000, 0x00000000e5560000)
  from space 21824K,  14% used [0x00000000e5560000, 0x00000000e588f380, 0x00000000e6ab0000)
  to   space 21824K,   0% used [0x00000000e6ab0000, 0x00000000e6ab0000, 0x00000000e8000000)
 concurrent mark-sweep generation total 393216K, used 36515K [0x00000000e8000000, 0x0000000100000000, 0x0000000100000000)
 Metaspace       used 45496K, capacity 46996K, committed 47248K, reserved 1091584K
  class space    used 5585K, capacity 5925K, committed 6032K, reserved 1048576K
}
2019-04-08T16:18:52.923+0800: 9140.018: Total time for which application threads were stopped: 0.0047356 seconds, Stopping threads took: 0.0000668 seconds
2019-04-08T16:18:52.923+0800: 9140.024: Total time for which application threads were stopped: 0.0002118 seconds, Stopping threads took: 0.0000632 seconds
2019-04-08T16:18:53.054+0800: 9140.162: Total time for which application threads were stopped: 0.0001588 seconds, Stopping threads took: 0.0000632 seconds
2019-04-08T16:18:53.054+0800: 9140.163: Total time for which application threads were stopped: 0.0001221 seconds, Stopping threads took: 0.0000589 seconds
2019-04-08T16:18:53.070+0800: 9140.169: Total time for which application threads were stopped: 0.0001395 seconds, Stopping threads took: 0.0000620 seconds
2019-04-08T16:18:54.990+0800: 9142.093: Total time for which application threads were stopped: 0.0001711 seconds, Stopping threads took: 0.0000695 seconds
2019-04-08T16:18:55.128+0800: 9142.230: Total time for which application threads were stopped: 0.0001778 seconds, Stopping threads took: 0.0000901 seconds
2019-04-08T16:18:56.146+0800: 9143.249: Total time for which application threads were stopped: 0.0002524 seconds, Stopping threads took: 0.0001221 seconds
2019-04-08T16:18:56.262+0800: 9143.370: Total time for which application threads were stopped: 0.0001497 seconds, Stopping threads took: 0.0000474 seconds
2019-04-08T16:18:57.296+0800: 9144.394: Total time for which application threads were stopped: 0.0002465 seconds, Stopping threads took: 0.0000423 seconds
2019-04-08T16:18:57.296+0800: 9144.398: Total time for which application threads were stopped: 0.0001323 seconds, Stopping threads took: 0.0000435 seconds
2019-04-08T16:18:57.434+0800: 9144.532: Total time for which application threads were stopped: 0.0001620 seconds, Stopping threads took: 0.0000545 seconds
2019-04-08T16:18:58.456+0800: 9145.560: Total time for which application threads were stopped: 0.0001738 seconds, Stopping threads took: 0.0000593 seconds
2019-04-08T16:18:58.581+0800: 9145.688: Total time for which application threads were stopped: 0.0001438 seconds, Stopping threads took: 0.0000565 seconds
2019-04-08T16:18:59.602+0800: 9146.706: Total time for which application threads were stopped: 0.0006538 seconds, Stopping threads took: 0.0004836 seconds
2019-04-08T16:18:59.789+0800: 9146.899: Total time for which application threads were stopped: 0.0001861 seconds, Stopping threads took: 0.0000648 seconds
2019-04-08T16:19:00.805+0800: 9147.900: Total time for which application threads were stopped: 0.0001932 seconds, Stopping threads took: 0.0000940 seconds
2019-04-08T16:19:00.820+0800: 9147.923: Total time for which application threads were stopped: 0.0002663 seconds, Stopping threads took: 0.0000577 seconds
2019-04-08T16:19:00.976+0800: 9148.079: Total time for which application threads were stopped: 0.0001762 seconds, Stopping threads took: 0.0000529 seconds
2019-04-08T16:19:01.992+0800: 9149.095: Total time for which application threads were stopped: 0.0001450 seconds, Stopping threads took: 0.0000498 seconds
2019-04-08T16:19:02.148+0800: 9149.250: Total time for which application threads were stopped: 0.0002027 seconds, Stopping threads took: 0.0001079 seconds
2019-04-08T16:19:02.148+0800: 9149.252: Total time for which application threads were stopped: 0.0001683 seconds, Stopping threads took: 0.0000648 seconds
2019-04-08T16:19:02.148+0800: 9149.253: Total time for which application threads were stopped: 0.0001541 seconds, Stopping threads took: 0.0000521 seconds
2019-04-08T16:19:02.148+0800: 9149.253: Total time for which application threads were stopped: 0.0001560 seconds, Stopping threads took: 0.0000695 seconds
{Heap before GC invocations=22 (full 2):
 par new generation   total 109248K, used 90684K [0x00000000e0000000, 0x00000000e8000000, 0x00000000e8000000)
  eden space 87424K, 100% used [0x00000000e0000000, 0x00000000e5560000, 0x00000000e5560000)
  from space 21824K,  14% used [0x00000000e5560000, 0x00000000e588f380, 0x00000000e6ab0000)
  to   space 21824K,   0% used [0x00000000e6ab0000, 0x00000000e6ab0000, 0x00000000e8000000)
 concurrent mark-sweep generation total 393216K, used 36515K [0x00000000e8000000, 0x0000000100000000, 0x0000000100000000)
 Metaspace       used 45567K, capacity 47124K, committed 47248K, reserved 1091584K
  class space    used 5585K, capacity 5925K, committed 6032K, reserved 1048576K
2019-04-08T16:19:02.164+0800: 9149.272: [GC (Allocation Failure) 2019-04-08T16:19:02.164+0800: 9149.272: [ParNew
Desired survivor size 20112992 bytes, new threshold 8 (max 8)
- age   1:    1094248 bytes,    1094248 total
- age   2:     310400 bytes,    1404648 total
- age   3:     610960 bytes,    2015608 total
- age   4:     545984 bytes,    2561592 total
- age   5:      22000 bytes,    2583592 total
- age   6:     347432 bytes,    2931024 total
- age   7:       9112 bytes,    2940136 total
- age   8:        864 bytes,    2941000 total
: 90684K->3267K(109248K), 0.0048439 secs] 127200K->39792K(502464K), 0.0049225 secs] [Times: user=0.05 sys=0.00, real=0.01 secs] 
Heap after GC invocations=23 (full 2):
 par new generation   total 109248K, used 3267K [0x00000000e0000000, 0x00000000e8000000, 0x00000000e8000000)
  eden space 87424K,   0% used [0x00000000e0000000, 0x00000000e0000000, 0x00000000e5560000)
  from space 21824K,  14% used [0x00000000e6ab0000, 0x00000000e6de0d20, 0x00000000e8000000)
  to   space 21824K,   0% used [0x00000000e5560000, 0x00000000e5560000, 0x00000000e6ab0000)
 concurrent mark-sweep generation total 393216K, used 36524K [0x00000000e8000000, 0x0000000100000000, 0x0000000100000000)
 Metaspace       used 45567K, capacity 47124K, committed 47248K, reserved 1091584K
  class space    used 5585K, capacity 5925K, committed 6032K, reserved 1048576K
}
2019-04-08T16:19:02.179+0800: 9149.277: Total time for which application threads were stopped: 0.0052575 seconds, Stopping threads took: 0.0000549 seconds
2019-04-08T16:19:02.179+0800: 9149.286: Total time for which application threads were stopped: 0.0001608 seconds, Stopping threads took: 0.0000600 seconds
2019-04-08T16:19:03.186+0800: 9150.281: Total time for which application threads were stopped: 0.0002141 seconds, Stopping threads took: 0.0001082 seconds
2019-04-08T16:19:16.994+0800: 9164.092: Total time for which application threads were stopped: 0.0001877 seconds, Stopping threads took: 0.0000628 seconds
2019-04-08T16:19:24.674+0800: 9171.775: Total time for which application threads were stopped: 0.0000928 seconds, Stopping threads took: 0.0000253 seconds
2019-04-08T16:19:24.681+0800: 9171.777: Total time for which application threads were stopped: 0.0001892 seconds, Stopping threads took: 0.0000360 seconds
2019-04-08T16:19:25.691+0800: 9172.786: Total time for which application threads were stopped: 0.0001229 seconds, Stopping threads took: 0.0000328 seconds
2019-04-08T16:20:00.642+0800: 9207.740: Total time for which application threads were stopped: 0.0002177 seconds, Stopping threads took: 0.0000237 seconds
2019-04-08T16:20:00.642+0800: 9207.740: Total time for which application threads were stopped: 0.0000838 seconds, Stopping threads took: 0.0000296 seconds
2019-04-08T16:20:00.642+0800: 9207.740: Total time for which application threads were stopped: 0.0000557 seconds, Stopping threads took: 0.0000273 seconds
2019-04-08T16:20:17.818+0800: 9224.914: Total time for which application threads were stopped: 0.0002781 seconds, Stopping threads took: 0.0001011 seconds
2019-04-08T16:20:17.818+0800: 9224.914: Total time for which application threads were stopped: 0.0001553 seconds, Stopping threads took: 0.0000348 seconds
2019-04-08T16:20:17.818+0800: 9224.914: Total time for which application threads were stopped: 0.0001371 seconds, Stopping threads took: 0.0000229 seconds
2019-04-08T16:20:17.818+0800: 9224.914: Total time for which application threads were stopped: 0.0001185 seconds, Stopping threads took: 0.0000221 seconds
2019-04-08T16:20:17.819+0800: 9224.914: Total time for which application threads were stopped: 0.0001264 seconds, Stopping threads took: 0.0000225 seconds
2019-04-08T16:20:17.820+0800: 9224.915: Total time for which application threads were stopped: 0.0001355 seconds, Stopping threads took: 0.0000277 seconds
2019-04-08T16:20:17.820+0800: 9224.916: Total time for which application threads were stopped: 0.0004192 seconds, Stopping threads took: 0.0000241 seconds
2019-04-08T16:20:18.821+0800: 9225.916: Total time for which application threads were stopped: 0.0001533 seconds, Stopping threads took: 0.0000344 seconds
2019-04-08T16:20:18.908+0800: 9226.003: Total time for which application threads were stopped: 0.0001628 seconds, Stopping threads took: 0.0000431 seconds
2019-04-08T16:20:18.908+0800: 9226.003: Total time for which application threads were stopped: 0.0001363 seconds, Stopping threads took: 0.0000458 seconds
2019-04-08T16:20:18.908+0800: 9226.003: Total time for which application threads were stopped: 0.0001075 seconds, Stopping threads took: 0.0000537 seconds
2019-04-08T16:20:18.908+0800: 9226.004: Total time for which application threads were stopped: 0.0001142 seconds, Stopping threads took: 0.0000442 seconds
2019-04-08T16:20:18.908+0800: 9226.004: Total time for which application threads were stopped: 0.0000901 seconds, Stopping threads took: 0.0000450 seconds
2019-04-08T16:20:18.909+0800: 9226.004: Total time for which application threads were stopped: 0.0001640 seconds, Stopping threads took: 0.0000356 seconds
2019-04-08T16:20:18.909+0800: 9226.004: Total time for which application threads were stopped: 0.0001110 seconds, Stopping threads took: 0.0000632 seconds
2019-04-08T16:20:18.970+0800: 9226.066: Total time for which application threads were stopped: 0.0001675 seconds, Stopping threads took: 0.0000356 seconds
2019-04-08T16:20:18.970+0800: 9226.066: Total time for which application threads were stopped: 0.0001082 seconds, Stopping threads took: 0.0000174 seconds
2019-04-08T16:20:19.970+0800: 9227.066: Total time for which application threads were stopped: 0.0001130 seconds, Stopping threads took: 0.0000344 seconds
2019-04-08T16:20:20.971+0800: 9228.066: Total time for which application threads were stopped: 0.0001734 seconds, Stopping threads took: 0.0000478 seconds
2019-04-08T16:20:43.541+0800: 9250.637: Total time for which application threads were stopped: 0.0001213 seconds, Stopping threads took: 0.0000312 seconds
2019-04-08T16:20:43.542+0800: 9250.638: Total time for which application threads were stopped: 0.0001106 seconds, Stopping threads took: 0.0000280 seconds
2019-04-08T16:20:43.543+0800: 9250.639: Total time for which application threads were stopped: 0.0001572 seconds, Stopping threads took: 0.0000518 seconds
2019-04-08T16:20:43.544+0800: 9250.640: Total time for which application threads were stopped: 0.0001090 seconds, Stopping threads took: 0.0000296 seconds
2019-04-08T16:20:44.547+0800: 9251.643: Total time for which application threads were stopped: 0.0005886 seconds, Stopping threads took: 0.0004867 seconds
2019-04-08T16:20:44.558+0800: 9251.654: Total time for which application threads were stopped: 0.0001339 seconds, Stopping threads took: 0.0000502 seconds
2019-04-08T16:20:44.559+0800: 9251.656: Total time for which application threads were stopped: 0.0001529 seconds, Stopping threads took: 0.0000470 seconds
2019-04-08T16:20:44.561+0800: 9251.657: Total time for which application threads were stopped: 0.0001675 seconds, Stopping threads took: 0.0000478 seconds
2019-04-08T16:20:44.562+0800: 9251.659: Total time for which application threads were stopped: 0.0001312 seconds, Stopping threads took: 0.0000474 seconds
2019-04-08T16:20:44.562+0800: 9251.660: Total time for which application threads were stopped: 0.0001193 seconds, Stopping threads took: 0.0000541 seconds
2019-04-08T16:20:44.566+0800: 9251.661: Total time for which application threads were stopped: 0.0001861 seconds, Stopping threads took: 0.0000478 seconds
2019-04-08T16:20:44.566+0800: 9251.662: Total time for which application threads were stopped: 0.0001075 seconds, Stopping threads took: 0.0000431 seconds
2019-04-08T16:20:44.566+0800: 9251.662: Total time for which application threads were stopped: 0.0000806 seconds, Stopping threads took: 0.0000324 seconds
2019-04-08T16:20:44.567+0800: 9251.663: Total time for which application threads were stopped: 0.0000881 seconds, Stopping threads took: 0.0000395 seconds
2019-04-08T16:20:44.567+0800: 9251.663: Total time for which application threads were stopped: 0.0003208 seconds, Stopping threads took: 0.0000379 seconds
2019-04-08T16:20:44.568+0800: 9251.663: Total time for which application threads were stopped: 0.0000810 seconds, Stopping threads took: 0.0000340 seconds
2019-04-08T16:20:53.093+0800: 9260.189: Total time for which application threads were stopped: 0.0001900 seconds, Stopping threads took: 0.0000585 seconds
2019-04-08T16:20:53.108+0800: 9260.204: Total time for which application threads were stopped: 0.0001489 seconds, Stopping threads took: 0.0000482 seconds
2019-04-08T16:20:53.111+0800: 9260.207: Total time for which application threads were stopped: 0.0001987 seconds, Stopping threads took: 0.0000529 seconds
2019-04-08T16:20:53.221+0800: 9260.316: Total time for which application threads were stopped: 0.0002137 seconds, Stopping threads took: 0.0000537 seconds
2019-04-08T16:20:53.500+0800: 9260.596: Total time for which application threads were stopped: 0.0007581 seconds, Stopping threads took: 0.0004749 seconds
2019-04-08T16:20:53.500+0800: 9260.596: Total time for which application threads were stopped: 0.0001549 seconds, Stopping threads took: 0.0000632 seconds
2019-04-08T16:20:54.321+0800: 9261.417: Total time for which application threads were stopped: 0.0047107 seconds, Stopping threads took: 0.0043409 seconds
2019-04-08T16:20:54.330+0800: 9261.426: Total time for which application threads were stopped: 0.0020290 seconds, Stopping threads took: 0.0018426 seconds
2019-04-08T16:20:54.418+0800: 9261.514: Total time for which application threads were stopped: 0.0033770 seconds, Stopping threads took: 0.0032095 seconds
2019-04-08T16:20:54.438+0800: 9261.534: Total time for which application threads were stopped: 0.0012950 seconds, Stopping threads took: 0.0011789 seconds
2019-04-08T16:20:54.463+0800: 9261.558: Total time for which application threads were stopped: 0.0019330 seconds, Stopping threads took: 0.0017549 seconds
2019-04-08T16:20:54.491+0800: 9261.587: Total time for which application threads were stopped: 0.0034394 seconds, Stopping threads took: 0.0033075 seconds
2019-04-08T16:20:54.495+0800: 9261.591: Total time for which application threads were stopped: 0.0001588 seconds, Stopping threads took: 0.0000565 seconds
2019-04-08T16:20:54.530+0800: 9261.626: Total time for which application threads were stopped: 0.0030242 seconds, Stopping threads took: 0.0029144 seconds
2019-04-08T16:20:54.538+0800: 9261.634: Total time for which application threads were stopped: 0.0015589 seconds, Stopping threads took: 0.0014574 seconds
2019-04-08T16:20:54.614+0800: 9261.709: Total time for which application threads were stopped: 0.0011157 seconds, Stopping threads took: 0.0009952 seconds
2019-04-08T16:20:54.638+0800: 9261.734: Total time for which application threads were stopped: 0.0038708 seconds, Stopping threads took: 0.0037100 seconds
2019-04-08T16:20:54.668+0800: 9261.763: Total time for which application threads were stopped: 0.0018817 seconds, Stopping threads took: 0.0017774 seconds
{Heap before GC invocations=23 (full 2):
 par new generation   total 109248K, used 90691K [0x00000000e0000000, 0x00000000e8000000, 0x00000000e8000000)
  eden space 87424K, 100% used [0x00000000e0000000, 0x00000000e5560000, 0x00000000e5560000)
  from space 21824K,  14% used [0x00000000e6ab0000, 0x00000000e6de0d20, 0x00000000e8000000)
  to   space 21824K,   0% used [0x00000000e5560000, 0x00000000e5560000, 0x00000000e6ab0000)
 concurrent mark-sweep generation total 393216K, used 36524K [0x00000000e8000000, 0x0000000100000000, 0x0000000100000000)
 Metaspace       used 46260K, capacity 47778K, committed 48016K, reserved 1091584K
  class space    used 5614K, capacity 5926K, committed 6032K, reserved 1048576K
2019-04-08T16:20:54.867+0800: 9261.962: [GC (Allocation Failure) 2019-04-08T16:20:54.867+0800: 9261.962: [ParNew
Desired survivor size 20112992 bytes, new threshold 8 (max 8)
- age   1:    3104104 bytes,    3104104 total
- age   2:     586696 bytes,    3690800 total
- age   3:     172656 bytes,    3863456 total
- age   4:     607464 bytes,    4470920 total
- age   5:     545432 bytes,    5016352 total
- age   6:      22000 bytes,    5038352 total
- age   7:     346848 bytes,    5385200 total
- age   8:       9112 bytes,    5394312 total
: 90691K->6238K(109248K), 0.0063083 secs] 127216K->42764K(502464K), 0.0064431 secs] [Times: user=0.00 sys=0.00, real=0.01 secs] 
Heap after GC invocations=24 (full 2):
 par new generation   total 109248K, used 6238K [0x00000000e0000000, 0x00000000e8000000, 0x00000000e8000000)
  eden space 87424K,   0% used [0x00000000e0000000, 0x00000000e0000000, 0x00000000e5560000)
  from space 21824K,  28% used [0x00000000e5560000, 0x00000000e5b77b40, 0x00000000e6ab0000)
  to   space 21824K,   0% used [0x00000000e6ab0000, 0x00000000e6ab0000, 0x00000000e8000000)
 concurrent mark-sweep generation total 393216K, used 36525K [0x00000000e8000000, 0x0000000100000000, 0x0000000100000000)
 Metaspace       used 46260K, capacity 47778K, committed 48016K, reserved 1091584K
  class space    used 5614K, capacity 5926K, committed 6032K, reserved 1048576K
}
2019-04-08T16:20:54.873+0800: 9261.969: Total time for which application threads were stopped: 0.0068211 seconds, Stopping threads took: 0.0000585 seconds
2019-04-08T16:20:55.300+0800: 9262.396: Total time for which application threads were stopped: 0.0002718 seconds, Stopping threads took: 0.0000581 seconds
2019-04-08T16:20:55.301+0800: 9262.396: Total time for which application threads were stopped: 0.0001805 seconds, Stopping threads took: 0.0000521 seconds
2019-04-08T16:20:55.455+0800: 9262.550: Total time for which application threads were stopped: 0.0037657 seconds, Stopping threads took: 0.0036243 seconds
2019-04-08T16:20:55.497+0800: 9262.593: Total time for which application threads were stopped: 0.0049134 seconds, Stopping threads took: 0.0048079 seconds
2019-04-08T16:20:55.498+0800: 9262.593: Total time for which application threads were stopped: 0.0001383 seconds, Stopping threads took: 0.0000529 seconds
2019-04-08T16:20:55.501+0800: 9262.597: Total time for which application threads were stopped: 0.0025758 seconds, Stopping threads took: 0.0022250 seconds
2019-04-08T16:20:55.708+0800: 9262.804: Total time for which application threads were stopped: 0.0007439 seconds, Stopping threads took: 0.0006341 seconds
2019-04-08T16:20:55.708+0800: 9262.804: Total time for which application threads were stopped: 0.0001264 seconds, Stopping threads took: 0.0000470 seconds
2019-04-08T16:20:55.750+0800: 9262.846: Total time for which application threads were stopped: 0.0064225 seconds, Stopping threads took: 0.0062862 seconds
2019-04-08T16:20:55.768+0800: 9262.863: Total time for which application threads were stopped: 0.0045041 seconds, Stopping threads took: 0.0043883 seconds
2019-04-08T16:20:55.771+0800: 9262.867: Total time for which application threads were stopped: 0.0001434 seconds, Stopping threads took: 0.0000549 seconds
2019-04-08T16:20:55.812+0800: 9262.908: Total time for which application threads were stopped: 0.0069855 seconds, Stopping threads took: 0.0068701 seconds
2019-04-08T16:20:55.815+0800: 9262.911: Total time for which application threads were stopped: 0.0001588 seconds, Stopping threads took: 0.0000565 seconds
2019-04-08T16:20:55.863+0800: 9262.959: Total time for which application threads were stopped: 0.0100338 seconds, Stopping threads took: 0.0098303 seconds
2019-04-08T16:20:55.863+0800: 9262.959: Total time for which application threads were stopped: 0.0001201 seconds, Stopping threads took: 0.0000442 seconds
2019-04-08T16:20:55.909+0800: 9263.005: Total time for which application threads were stopped: 0.0039601 seconds, Stopping threads took: 0.0037946 seconds
2019-04-08T16:20:55.909+0800: 9263.005: Total time for which application threads were stopped: 0.0001667 seconds, Stopping threads took: 0.0000435 seconds
2019-04-08T16:20:56.059+0800: 9263.155: Total time for which application threads were stopped: 0.0018343 seconds, Stopping threads took: 0.0016600 seconds
2019-04-08T16:20:56.059+0800: 9263.155: Total time for which application threads were stopped: 0.0001430 seconds, Stopping threads took: 0.0000395 seconds
{Heap before GC invocations=24 (full 2):
 par new generation   total 109248K, used 93662K [0x00000000e0000000, 0x00000000e8000000, 0x00000000e8000000)
  eden space 87424K, 100% used [0x00000000e0000000, 0x00000000e5560000, 0x00000000e5560000)
  from space 21824K,  28% used [0x00000000e5560000, 0x00000000e5b77b40, 0x00000000e6ab0000)
  to   space 21824K,   0% used [0x00000000e6ab0000, 0x00000000e6ab0000, 0x00000000e8000000)
 concurrent mark-sweep generation total 393216K, used 36525K [0x00000000e8000000, 0x0000000100000000, 0x0000000100000000)
 Metaspace       used 46291K, capacity 47842K, committed 48016K, reserved 1091584K
  class space    used 5614K, capacity 5926K, committed 6032K, reserved 1048576K
2019-04-08T16:20:56.080+0800: 9263.176: [GC (Allocation Failure) 2019-04-08T16:20:56.080+0800: 9263.176: [ParNew
Desired survivor size 20112992 bytes, new threshold 8 (max 8)
- age   1:    3911272 bytes,    3911272 total
- age   2:     750168 bytes,    4661440 total
- age   3:     716744 bytes,    5378184 total
- age   4:     172408 bytes,    5550592 total
- age   5:     607464 bytes,    6158056 total
- age   6:     545432 bytes,    6703488 total
- age   7:      22000 bytes,    6725488 total
- age   8:     346848 bytes,    7072336 total
: 93662K->8983K(109248K), 0.0058169 secs] 130188K->45517K(502464K), 0.0058979 secs] [Times: user=0.02 sys=0.00, real=0.01 secs] 
Heap after GC invocations=25 (full 2):
 par new generation   total 109248K, used 8983K [0x00000000e0000000, 0x00000000e8000000, 0x00000000e8000000)
  eden space 87424K,   0% used [0x00000000e0000000, 0x00000000e0000000, 0x00000000e5560000)
  from space 21824K,  41% used [0x00000000e6ab0000, 0x00000000e7375cd0, 0x00000000e8000000)
  to   space 21824K,   0% used [0x00000000e5560000, 0x00000000e5560000, 0x00000000e6ab0000)
 concurrent mark-sweep generation total 393216K, used 36534K [0x00000000e8000000, 0x0000000100000000, 0x0000000100000000)
 Metaspace       used 46291K, capacity 47842K, committed 48016K, reserved 1091584K
  class space    used 5614K, capacity 5926K, committed 6032K, reserved 1048576K
}
2019-04-08T16:20:56.086+0800: 9263.182: Total time for which application threads were stopped: 0.0103048 seconds, Stopping threads took: 0.0039779 seconds
2019-04-08T16:20:56.120+0800: 9263.216: Total time for which application threads were stopped: 0.0017932 seconds, Stopping threads took: 0.0016565 seconds
2019-04-08T16:20:56.121+0800: 9263.216: Total time for which application threads were stopped: 0.0001647 seconds, Stopping threads took: 0.0000557 seconds
2019-04-08T16:20:56.146+0800: 9263.241: Total time for which application threads were stopped: 0.0024138 seconds, Stopping threads took: 0.0022918 seconds
2019-04-08T16:20:56.244+0800: 9263.340: Total time for which application threads were stopped: 0.0004030 seconds, Stopping threads took: 0.0001288 seconds
2019-04-08T16:20:56.364+0800: 9263.459: Total time for which application threads were stopped: 0.0013211 seconds, Stopping threads took: 0.0012038 seconds
2019-04-08T16:20:56.364+0800: 9263.459: Total time for which application threads were stopped: 0.0001679 seconds, Stopping threads took: 0.0000648 seconds
2019-04-08T16:20:56.364+0800: 9263.460: Total time for which application threads were stopped: 0.0001568 seconds, Stopping threads took: 0.0000557 seconds
2019-04-08T16:20:56.364+0800: 9263.460: Total time for which application threads were stopped: 0.0001272 seconds, Stopping threads took: 0.0000486 seconds
2019-04-08T16:20:56.387+0800: 9263.483: Total time for which application threads were stopped: 0.0001746 seconds, Stopping threads took: 0.0000680 seconds
2019-04-08T16:20:56.387+0800: 9263.483: Total time for which application threads were stopped: 0.0001560 seconds, Stopping threads took: 0.0000486 seconds
2019-04-08T16:20:56.403+0800: 9263.498: Total time for which application threads were stopped: 0.0015945 seconds, Stopping threads took: 0.0014902 seconds
2019-04-08T16:20:56.403+0800: 9263.499: Total time for which application threads were stopped: 0.0003441 seconds, Stopping threads took: 0.0000454 seconds
2019-04-08T16:20:56.582+0800: 9263.677: Total time for which application threads were stopped: 0.0037286 seconds, Stopping threads took: 0.0036148 seconds
2019-04-08T16:20:56.582+0800: 9263.677: Total time for which application threads were stopped: 0.0001181 seconds, Stopping threads took: 0.0000360 seconds
2019-04-08T16:20:56.630+0800: 9263.725: Total time for which application threads were stopped: 0.0057904 seconds, Stopping threads took: 0.0056841 seconds
{Heap before GC invocations=25 (full 2):
 par new generation   total 109248K, used 96407K [0x00000000e0000000, 0x00000000e8000000, 0x00000000e8000000)
  eden space 87424K, 100% used [0x00000000e0000000, 0x00000000e5560000, 0x00000000e5560000)
  from space 21824K,  41% used [0x00000000e6ab0000, 0x00000000e7375cd0, 0x00000000e8000000)
  to   space 21824K,   0% used [0x00000000e5560000, 0x00000000e5560000, 0x00000000e6ab0000)
 concurrent mark-sweep generation total 393216K, used 36534K [0x00000000e8000000, 0x0000000100000000, 0x0000000100000000)
 Metaspace       used 46303K, capacity 47842K, committed 48016K, reserved 1091584K
  class space    used 5614K, capacity 5926K, committed 6032K, reserved 1048576K
2019-04-08T16:20:56.904+0800: 9264.000: [GC (Allocation Failure) 2019-04-08T16:20:56.904+0800: 9264.000: [ParNew
Desired survivor size 20112992 bytes, new threshold 8 (max 8)
- age   1:    3690208 bytes,    3690208 total
- age   2:     844456 bytes,    4534664 total
- age   3:     289336 bytes,    4824000 total
- age   4:     585640 bytes,    5409640 total
- age   5:     171368 bytes,    5581008 total
- age   6:     607352 bytes,    6188360 total
- age   7:     545432 bytes,    6733792 total
- age   8:      22000 bytes,    6755792 total
: 96407K->8600K(109248K), 0.0052326 secs] 132941K->45477K(502464K), 0.0053361 secs] [Times: user=0.00 sys=0.00, real=0.01 secs] 
Heap after GC invocations=26 (full 2):
 par new generation   total 109248K, used 8600K [0x00000000e0000000, 0x00000000e8000000, 0x00000000e8000000)
  eden space 87424K,   0% used [0x00000000e0000000, 0x00000000e0000000, 0x00000000e5560000)
  from space 21824K,  39% used [0x00000000e5560000, 0x00000000e5dc62d0, 0x00000000e6ab0000)
  to   space 21824K,   0% used [0x00000000e6ab0000, 0x00000000e6ab0000, 0x00000000e8000000)
 concurrent mark-sweep generation total 393216K, used 36876K [0x00000000e8000000, 0x0000000100000000, 0x0000000100000000)
 Metaspace       used 46303K, capacity 47842K, committed 48016K, reserved 1091584K
  class space    used 5614K, capacity 5926K, committed 6032K, reserved 1048576K
}
2019-04-08T16:20:56.910+0800: 9264.005: Total time for which application threads were stopped: 0.0087818 seconds, Stopping threads took: 0.0031214 seconds
2019-04-08T16:20:56.967+0800: 9264.062: Total time for which application threads were stopped: 0.0012535 seconds, Stopping threads took: 0.0011299 seconds
2019-04-08T16:20:57.439+0800: 9264.535: Total time for which application threads were stopped: 0.0021973 seconds, Stopping threads took: 0.0020764 seconds
{Heap before GC invocations=26 (full 2):
 par new generation   total 109248K, used 96024K [0x00000000e0000000, 0x00000000e8000000, 0x00000000e8000000)
  eden space 87424K, 100% used [0x00000000e0000000, 0x00000000e5560000, 0x00000000e5560000)
  from space 21824K,  39% used [0x00000000e5560000, 0x00000000e5dc62d0, 0x00000000e6ab0000)
  to   space 21824K,   0% used [0x00000000e6ab0000, 0x00000000e6ab0000, 0x00000000e8000000)
 concurrent mark-sweep generation total 393216K, used 36876K [0x00000000e8000000, 0x0000000100000000, 0x0000000100000000)
 Metaspace       used 46316K, capacity 47842K, committed 48016K, reserved 1091584K
  class space    used 5614K, capacity 5926K, committed 6032K, reserved 1048576K
2019-04-08T16:20:57.625+0800: 9264.721: [GC (Allocation Failure) 2019-04-08T16:20:57.625+0800: 9264.721: [ParNew
Desired survivor size 20112992 bytes, new threshold 8 (max 8)
- age   1:    4026976 bytes,    4026976 total
- age   2:    1035296 bytes,    5062272 total
- age   3:       6896 bytes,    5069168 total
- age   4:     289336 bytes,    5358504 total
- age   5:     585640 bytes,    5944144 total
- age   6:     171368 bytes,    6115512 total
- age   7:     607352 bytes,    6722864 total
- age   8:     545432 bytes,    7268296 total
: 96024K->9135K(109248K), 0.0055941 secs] 132901K->46034K(502464K), 0.0056759 secs] [Times: user=0.00 sys=0.00, real=0.01 secs] 
Heap after GC invocations=27 (full 2):
 par new generation   total 109248K, used 9135K [0x00000000e0000000, 0x00000000e8000000, 0x00000000e8000000)
  eden space 87424K,   0% used [0x00000000e0000000, 0x00000000e0000000, 0x00000000e5560000)
  from space 21824K,  41% used [0x00000000e6ab0000, 0x00000000e739bf60, 0x00000000e8000000)
  to   space 21824K,   0% used [0x00000000e5560000, 0x00000000e5560000, 0x00000000e6ab0000)
 concurrent mark-sweep generation total 393216K, used 36898K [0x00000000e8000000, 0x0000000100000000, 0x0000000100000000)
 Metaspace       used 46316K, capacity 47842K, committed 48016K, reserved 1091584K
  class space    used 5614K, capacity 5926K, committed 6032K, reserved 1048576K
}
2019-04-08T16:20:57.631+0800: 9264.727: Total time for which application threads were stopped: 0.0065640 seconds, Stopping threads took: 0.0005527 seconds
{Heap before GC invocations=27 (full 2):
 par new generation   total 109248K, used 96559K [0x00000000e0000000, 0x00000000e8000000, 0x00000000e8000000)
  eden space 87424K, 100% used [0x00000000e0000000, 0x00000000e5560000, 0x00000000e5560000)
  from space 21824K,  41% used [0x00000000e6ab0000, 0x00000000e739bf60, 0x00000000e8000000)
  to   space 21824K,   0% used [0x00000000e5560000, 0x00000000e5560000, 0x00000000e6ab0000)
 concurrent mark-sweep generation total 393216K, used 36898K [0x00000000e8000000, 0x0000000100000000, 0x0000000100000000)
 Metaspace       used 46321K, capacity 47874K, committed 48016K, reserved 1091584K
  class space    used 5615K, capacity 5958K, committed 6032K, reserved 1048576K
2019-04-08T16:20:58.535+0800: 9265.630: [GC (Allocation Failure) 2019-04-08T16:20:58.535+0800: 9265.630: [ParNew
Desired survivor size 20112992 bytes, new threshold 8 (max 8)
- age   1:    4602488 bytes,    4602488 total
- age   2:    2434768 bytes,    7037256 total
- age   3:    1034240 bytes,    8071496 total
- age   4:       6896 bytes,    8078392 total
- age   5:     289336 bytes,    8367728 total
- age   6:     585640 bytes,    8953368 total
- age   7:     171368 bytes,    9124736 total
- age   8:     607312 bytes,    9732048 total
: 96559K->12308K(109248K), 0.0060741 secs] 133458K->49739K(502464K), 0.0061851 secs] [Times: user=0.05 sys=0.02, real=0.01 secs] 
Heap after GC invocations=28 (full 2):
 par new generation   total 109248K, used 12308K [0x00000000e0000000, 0x00000000e8000000, 0x00000000e8000000)
  eden space 87424K,   0% used [0x00000000e0000000, 0x00000000e0000000, 0x00000000e5560000)
  from space 21824K,  56% used [0x00000000e5560000, 0x00000000e6165040, 0x00000000e6ab0000)
  to   space 21824K,   0% used [0x00000000e6ab0000, 0x00000000e6ab0000, 0x00000000e8000000)
 concurrent mark-sweep generation total 393216K, used 37431K [0x00000000e8000000, 0x0000000100000000, 0x0000000100000000)
 Metaspace       used 46321K, capacity 47874K, committed 48016K, reserved 1091584K
  class space    used 5615K, capacity 5958K, committed 6032K, reserved 1048576K
}
2019-04-08T16:20:58.541+0800: 9265.636: Total time for which application threads were stopped: 0.0080312 seconds, Stopping threads took: 0.0014127 seconds
2019-04-08T16:20:58.617+0800: 9265.713: Total time for which application threads were stopped: 0.0002848 seconds, Stopping threads took: 0.0000944 seconds
2019-04-08T16:20:58.618+0800: 9265.713: Total time for which application threads were stopped: 0.0001367 seconds, Stopping threads took: 0.0000308 seconds
2019-04-08T16:20:58.689+0800: 9265.785: Total time for which application threads were stopped: 0.0065711 seconds, Stopping threads took: 0.0064529 seconds
{Heap before GC invocations=28 (full 2):
 par new generation   total 109248K, used 99732K [0x00000000e0000000, 0x00000000e8000000, 0x00000000e8000000)
  eden space 87424K, 100% used [0x00000000e0000000, 0x00000000e5560000, 0x00000000e5560000)
  from space 21824K,  56% used [0x00000000e5560000, 0x00000000e6165040, 0x00000000e6ab0000)
  to   space 21824K,   0% used [0x00000000e6ab0000, 0x00000000e6ab0000, 0x00000000e8000000)
 concurrent mark-sweep generation total 393216K, used 37431K [0x00000000e8000000, 0x0000000100000000, 0x0000000100000000)
 Metaspace       used 46334K, capacity 47874K, committed 48016K, reserved 1091584K
  class space    used 5615K, capacity 5958K, committed 6032K, reserved 1048576K
2019-04-08T16:20:59.283+0800: 9266.379: [GC (Allocation Failure) 2019-04-08T16:20:59.283+0800: 9266.379: [ParNew
Desired survivor size 20112992 bytes, new threshold 8 (max 8)
- age   1:    4741744 bytes,    4741744 total
- age   2:    1486608 bytes,    6228352 total
- age   3:    1252016 bytes,    7480368 total
- age   4:    1031576 bytes,    8511944 total
- age   5:       6896 bytes,    8518840 total
- age   6:     289336 bytes,    8808176 total
- age   7:     585224 bytes,    9393400 total
- age   8:     171368 bytes,    9564768 total
: 99732K->11480K(109248K), 0.0068030 secs] 137163K->49514K(502464K), 0.0068851 secs] [Times: user=0.06 sys=0.00, real=0.01 secs] 
Heap after GC invocations=29 (full 2):
 par new generation   total 109248K, used 11480K [0x00000000e0000000, 0x00000000e8000000, 0x00000000e8000000)
  eden space 87424K,   0% used [0x00000000e0000000, 0x00000000e0000000, 0x00000000e5560000)
  from space 21824K,  52% used [0x00000000e6ab0000, 0x00000000e75e6280, 0x00000000e8000000)
  to   space 21824K,   0% used [0x00000000e5560000, 0x00000000e5560000, 0x00000000e6ab0000)
 concurrent mark-sweep generation total 393216K, used 38034K [0x00000000e8000000, 0x0000000100000000, 0x0000000100000000)
 Metaspace       used 46334K, capacity 47874K, committed 48016K, reserved 1091584K
  class space    used 5615K, capacity 5958K, committed 6032K, reserved 1048576K
}
2019-04-08T16:20:59.290+0800: 9266.386: Total time for which application threads were stopped: 0.0072312 seconds, Stopping threads took: 0.0000715 seconds
2019-04-08T16:20:59.414+0800: 9266.510: Total time for which application threads were stopped: 0.0002086 seconds, Stopping threads took: 0.0000391 seconds
2019-04-08T16:21:00.108+0800: 9267.204: Total time for which application threads were stopped: 0.0031589 seconds, Stopping threads took: 0.0030199 seconds
2019-04-08T16:21:00.111+0800: 9267.207: Total time for which application threads were stopped: 0.0006495 seconds, Stopping threads took: 0.0004867 seconds
2019-04-08T16:21:00.112+0800: 9267.207: Total time for which application threads were stopped: 0.0001663 seconds, Stopping threads took: 0.0000644 seconds
2019-04-08T16:21:00.116+0800: 9267.212: Total time for which application threads were stopped: 0.0001426 seconds, Stopping threads took: 0.0000549 seconds
2019-04-08T16:21:00.116+0800: 9267.212: Total time for which application threads were stopped: 0.0001967 seconds, Stopping threads took: 0.0001189 seconds
2019-04-08T16:21:00.117+0800: 9267.213: Total time for which application threads were stopped: 0.0001138 seconds, Stopping threads took: 0.0000450 seconds
2019-04-08T16:21:00.230+0800: 9267.326: Total time for which application threads were stopped: 0.0159755 seconds, Stopping threads took: 0.0158479 seconds
2019-04-08T16:21:00.230+0800: 9267.326: Total time for which application threads were stopped: 0.0001454 seconds, Stopping threads took: 0.0000403 seconds
2019-04-08T16:21:00.231+0800: 9267.326: Total time for which application threads were stopped: 0.0001189 seconds, Stopping threads took: 0.0000308 seconds
2019-04-08T16:21:00.250+0800: 9267.345: Total time for which application threads were stopped: 0.0001841 seconds, Stopping threads took: 0.0000612 seconds
2019-04-08T16:21:00.250+0800: 9267.345: Total time for which application threads were stopped: 0.0001363 seconds, Stopping threads took: 0.0000395 seconds
2019-04-08T16:21:00.250+0800: 9267.345: Total time for which application threads were stopped: 0.0001106 seconds, Stopping threads took: 0.0000427 seconds
2019-04-08T16:21:00.256+0800: 9267.351: Total time for which application threads were stopped: 0.0001703 seconds, Stopping threads took: 0.0000561 seconds
2019-04-08T16:21:00.256+0800: 9267.352: Total time for which application threads were stopped: 0.0001288 seconds, Stopping threads took: 0.0000446 seconds
2019-04-08T16:21:00.256+0800: 9267.352: Total time for which application threads were stopped: 0.0001019 seconds, Stopping threads took: 0.0000395 seconds
2019-04-08T16:21:00.262+0800: 9267.357: Total time for which application threads were stopped: 0.0001592 seconds, Stopping threads took: 0.0000585 seconds
2019-04-08T16:21:00.262+0800: 9267.357: Total time for which application threads were stopped: 0.0001019 seconds, Stopping threads took: 0.0000280 seconds
2019-04-08T16:21:00.262+0800: 9267.357: Total time for which application threads were stopped: 0.0001094 seconds, Stopping threads took: 0.0000371 seconds
2019-04-08T16:21:00.270+0800: 9267.365: Total time for which application threads were stopped: 0.0001205 seconds, Stopping threads took: 0.0000336 seconds
2019-04-08T16:21:00.270+0800: 9267.365: Total time for which application threads were stopped: 0.0000913 seconds, Stopping threads took: 0.0000221 seconds
2019-04-08T16:21:00.270+0800: 9267.365: Total time for which application threads were stopped: 0.0000711 seconds, Stopping threads took: 0.0000186 seconds
2019-04-08T16:21:00.282+0800: 9267.380: Total time for which application threads were stopped: 0.0001229 seconds, Stopping threads took: 0.0000352 seconds
2019-04-08T16:21:00.282+0800: 9267.380: Total time for which application threads were stopped: 0.0000909 seconds, Stopping threads took: 0.0000217 seconds
2019-04-08T16:21:00.282+0800: 9267.380: Total time for which application threads were stopped: 0.0001082 seconds, Stopping threads took: 0.0000269 seconds
2019-04-08T16:21:00.289+0800: 9267.386: Total time for which application threads were stopped: 0.0003374 seconds, Stopping threads took: 0.0000407 seconds
2019-04-08T16:21:00.289+0800: 9267.386: Total time for which application threads were stopped: 0.0001027 seconds, Stopping threads took: 0.0000221 seconds
2019-04-08T16:21:00.291+0800: 9267.386: Total time for which application threads were stopped: 0.0003259 seconds, Stopping threads took: 0.0000237 seconds
2019-04-08T16:21:00.291+0800: 9267.392: Total time for which application threads were stopped: 0.0001628 seconds, Stopping threads took: 0.0000320 seconds
2019-04-08T16:21:00.303+0800: 9267.399: Total time for which application threads were stopped: 0.0001604 seconds, Stopping threads took: 0.0000320 seconds
2019-04-08T16:21:00.311+0800: 9267.406: Total time for which application threads were stopped: 0.0001691 seconds, Stopping threads took: 0.0000577 seconds
2019-04-08T16:21:00.312+0800: 9267.408: Total time for which application threads were stopped: 0.0001572 seconds, Stopping threads took: 0.0000644 seconds
2019-04-08T16:21:01.313+0800: 9268.408: Total time for which application threads were stopped: 0.0001762 seconds, Stopping threads took: 0.0000561 seconds
2019-04-08T16:21:01.736+0800: 9268.831: Total time for which application threads were stopped: 0.0003121 seconds, Stopping threads took: 0.0002102 seconds
2019-04-08T16:21:01.737+0800: 9268.833: Total time for which application threads were stopped: 0.0001505 seconds, Stopping threads took: 0.0000521 seconds
2019-04-08T16:21:06.768+0800: 9273.864: Total time for which application threads were stopped: 0.0001647 seconds, Stopping threads took: 0.0000672 seconds
2019-04-08T16:21:13.942+0800: 9281.041: Total time for which application threads were stopped: 0.0001288 seconds, Stopping threads took: 0.0000435 seconds
2019-04-08T16:21:13.942+0800: 9281.041: Total time for which application threads were stopped: 0.0001853 seconds, Stopping threads took: 0.0000845 seconds
2019-04-08T16:21:13.953+0800: 9281.048: Total time for which application threads were stopped: 0.0001098 seconds, Stopping threads took: 0.0000296 seconds
2019-04-08T16:22:01.279+0800: 9328.375: Total time for which application threads were stopped: 0.0001082 seconds, Stopping threads took: 0.0000431 seconds
2019-04-08T16:23:01.717+0800: 9388.814: Total time for which application threads were stopped: 0.0001229 seconds, Stopping threads took: 0.0000352 seconds
2019-04-08T16:23:04.737+0800: 9391.832: Total time for which application threads were stopped: 0.0001801 seconds, Stopping threads took: 0.0000411 seconds
2019-04-08T16:23:49.267+0800: 9436.362: Total time for which application threads were stopped: 0.0001359 seconds, Stopping threads took: 0.0000379 seconds
2019-04-08T16:23:54.327+0800: 9441.422: Total time for which application threads were stopped: 0.0001766 seconds, Stopping threads took: 0.0000656 seconds
2019-04-08T16:23:58.357+0800: 9445.453: Total time for which application threads were stopped: 0.0001079 seconds, Stopping threads took: 0.0000336 seconds
2019-04-08T16:24:42.748+0800: 9489.844: Total time for which application threads were stopped: 0.0001339 seconds, Stopping threads took: 0.0000403 seconds
2019-04-08T16:25:21.647+0800: 9528.743: Total time for which application threads were stopped: 0.0001549 seconds, Stopping threads took: 0.0000241 seconds
2019-04-08T16:25:21.916+0800: 9529.011: Total time for which application threads were stopped: 0.0001971 seconds, Stopping threads took: 0.0000683 seconds
2019-04-08T16:25:22.928+0800: 9530.024: Total time for which application threads were stopped: 0.0001636 seconds, Stopping threads took: 0.0000656 seconds
2019-04-08T16:25:22.958+0800: 9530.055: Total time for which application threads were stopped: 0.0001418 seconds, Stopping threads took: 0.0000494 seconds
{Heap before GC invocations=29 (full 2):
 par new generation   total 109248K, used 98872K [0x00000000e0000000, 0x00000000e8000000, 0x00000000e8000000)
  eden space 87424K,  99% used [0x00000000e0000000, 0x00000000e55580d0, 0x00000000e5560000)
  from space 21824K,  52% used [0x00000000e6ab0000, 0x00000000e75e6280, 0x00000000e8000000)
  to   space 21824K,   0% used [0x00000000e5560000, 0x00000000e5560000, 0x00000000e6ab0000)
 concurrent mark-sweep generation total 393216K, used 38034K [0x00000000e8000000, 0x0000000100000000, 0x0000000100000000)
 Metaspace       used 46408K, capacity 47950K, committed 48272K, reserved 1091584K
  class space    used 5616K, capacity 5960K, committed 6032K, reserved 1048576K
2019-04-08T16:25:24.131+0800: 9531.229: [GC (Allocation Failure) 2019-04-08T16:25:24.131+0800: 9531.229: [ParNew
Desired survivor size 20112992 bytes, new threshold 8 (max 8)
- age   1:    1988904 bytes,    1988904 total
- age   2:    1305568 bytes,    3294472 total
- age   3:    1376168 bytes,    4670640 total
- age   4:    1235008 bytes,    5905648 total
- age   5:    1026240 bytes,    6931888 total
- age   6:       6896 bytes,    6938784 total
- age   7:     106920 bytes,    7045704 total
- age   8:       9248 bytes,    7054952 total
: 98872K->14491K(109248K), 0.0067662 secs] 136906K->52557K(502464K), 0.0068764 secs] [Times: user=0.05 sys=0.00, real=0.01 secs] 
Heap after GC invocations=30 (full 2):
 par new generation   total 109248K, used 14491K [0x00000000e0000000, 0x00000000e8000000, 0x00000000e8000000)
  eden space 87424K,   0% used [0x00000000e0000000, 0x00000000e0000000, 0x00000000e5560000)
  from space 21824K,  66% used [0x00000000e5560000, 0x00000000e6386fa8, 0x00000000e6ab0000)
  to   space 21824K,   0% used [0x00000000e6ab0000, 0x00000000e6ab0000, 0x00000000e8000000)
 concurrent mark-sweep generation total 393216K, used 38065K [0x00000000e8000000, 0x0000000100000000, 0x0000000100000000)
 Metaspace       used 46408K, capacity 47950K, committed 48272K, reserved 1091584K
  class space    used 5616K, capacity 5960K, committed 6032K, reserved 1048576K
}
2019-04-08T16:25:24.138+0800: 9531.236: Total time for which application threads were stopped: 0.0072573 seconds, Stopping threads took: 0.0000593 seconds
2019-04-08T16:25:24.138+0800: 9531.241: Total time for which application threads were stopped: 0.0001730 seconds, Stopping threads took: 0.0000719 seconds
2019-04-08T16:25:25.149+0800: 9532.246: Total time for which application threads were stopped: 0.0009940 seconds, Stopping threads took: 0.0008841 seconds
2019-04-08T16:25:25.316+0800: 9532.412: Total time for which application threads were stopped: 0.0003777 seconds, Stopping threads took: 0.0002829 seconds
2019-04-08T16:25:26.328+0800: 9533.424: Total time for which application threads were stopped: 0.0002706 seconds, Stopping threads took: 0.0001770 seconds
2019-04-08T16:25:26.501+0800: 9533.600: Total time for which application threads were stopped: 0.0001908 seconds, Stopping threads took: 0.0000660 seconds
2019-04-08T16:25:26.681+0800: 9533.778: Total time for which application threads were stopped: 0.0001659 seconds, Stopping threads took: 0.0000435 seconds
2019-04-08T16:25:26.681+0800: 9533.778: Total time for which application threads were stopped: 0.0001845 seconds, Stopping threads took: 0.0000569 seconds
2019-04-08T16:25:27.703+0800: 9534.798: Total time for which application threads were stopped: 0.0048759 seconds, Stopping threads took: 0.0046633 seconds
{Heap before GC invocations=30 (full 2):
 par new generation   total 109248K, used 101797K [0x00000000e0000000, 0x00000000e8000000, 0x00000000e8000000)
  eden space 87424K,  99% used [0x00000000e0000000, 0x00000000e55427a8, 0x00000000e5560000)
  from space 21824K,  66% used [0x00000000e5560000, 0x00000000e6386fa8, 0x00000000e6ab0000)
  to   space 21824K,   0% used [0x00000000e6ab0000, 0x00000000e6ab0000, 0x00000000e8000000)
 concurrent mark-sweep generation total 393216K, used 38065K [0x00000000e8000000, 0x0000000100000000, 0x0000000100000000)
 Metaspace       used 46472K, capacity 48014K, committed 48272K, reserved 1091584K
  class space    used 5616K, capacity 5960K, committed 6032K, reserved 1048576K
2019-04-08T16:25:27.743+0800: 9534.838: [GC (Allocation Failure) 2019-04-08T16:25:27.743+0800: 9534.838: [ParNew
Desired survivor size 20112992 bytes, new threshold 8 (max 8)
- age   1:    1683720 bytes,    1683720 total
- age   2:    1516008 bytes,    3199728 total
- age   3:    1304512 bytes,    4504240 total
- age   4:    1376168 bytes,    5880408 total
- age   5:    1235008 bytes,    7115416 total
- age   6:    1026240 bytes,    8141656 total
- age   7:       6896 bytes,    8148552 total
- age   8:     106584 bytes,    8255136 total
: 101797K->9229K(109248K), 0.0040122 secs] 139863K->47303K(502464K), 0.0041158 secs] [Times: user=0.00 sys=0.00, real=0.00 secs] 
Heap after GC invocations=31 (full 2):
 par new generation   total 109248K, used 9229K [0x00000000e0000000, 0x00000000e8000000, 0x00000000e8000000)
  eden space 87424K,   0% used [0x00000000e0000000, 0x00000000e0000000, 0x00000000e5560000)
  from space 21824K,  42% used [0x00000000e6ab0000, 0x00000000e73b34b0, 0x00000000e8000000)
  to   space 21824K,   0% used [0x00000000e5560000, 0x00000000e5560000, 0x00000000e6ab0000)
 concurrent mark-sweep generation total 393216K, used 38074K [0x00000000e8000000, 0x0000000100000000, 0x0000000100000000)
 Metaspace       used 46472K, capacity 48014K, committed 48272K, reserved 1091584K
  class space    used 5616K, capacity 5960K, committed 6032K, reserved 1048576K
}
2019-04-08T16:25:27.747+0800: 9534.843: Total time for which application threads were stopped: 0.0060069 seconds, Stopping threads took: 0.0016059 seconds
2019-04-08T16:25:28.399+0800: 9535.497: Total time for which application threads were stopped: 0.0001948 seconds, Stopping threads took: 0.0000537 seconds
2019-04-08T16:25:28.408+0800: 9535.504: Total time for which application threads were stopped: 0.0003465 seconds, Stopping threads took: 0.0002438 seconds
2019-04-08T16:25:28.408+0800: 9535.505: Total time for which application threads were stopped: 0.0002066 seconds, Stopping threads took: 0.0000498 seconds
2019-04-08T16:25:28.408+0800: 9535.506: Total time for which application threads were stopped: 0.0002042 seconds, Stopping threads took: 0.0000640 seconds
2019-04-08T16:25:28.411+0800: 9535.507: Total time for which application threads were stopped: 0.0001778 seconds, Stopping threads took: 0.0000529 seconds
2019-04-08T16:25:28.411+0800: 9535.508: Total time for which application threads were stopped: 0.0001454 seconds, Stopping threads took: 0.0000680 seconds
2019-04-08T16:25:29.428+0800: 9536.526: Total time for which application threads were stopped: 0.0007099 seconds, Stopping threads took: 0.0000616 seconds
2019-04-08T16:25:29.428+0800: 9536.531: Total time for which application threads were stopped: 0.0001651 seconds, Stopping threads took: 0.0000600 seconds
2019-04-08T16:25:30.428+0800: 9537.524: Total time for which application threads were stopped: 0.0002264 seconds, Stopping threads took: 0.0001051 seconds
2019-04-08T16:25:30.708+0800: 9537.810: Total time for which application threads were stopped: 0.0002927 seconds, Stopping threads took: 0.0000632 seconds
2019-04-08T16:25:31.891+0800: 9538.987: Total time for which application threads were stopped: 0.0001880 seconds, Stopping threads took: 0.0000853 seconds
2019-04-08T16:25:32.906+0800: 9540.002: Total time for which application threads were stopped: 0.0002007 seconds, Stopping threads took: 0.0001193 seconds
2019-04-08T16:25:33.043+0800: 9540.139: Total time for which application threads were stopped: 0.0007486 seconds, Stopping threads took: 0.0006360 seconds
2019-04-08T16:25:34.217+0800: 9541.313: Total time for which application threads were stopped: 0.0001801 seconds, Stopping threads took: 0.0000715 seconds
2019-04-08T16:25:34.401+0800: 9541.502: Total time for which application threads were stopped: 0.0002216 seconds, Stopping threads took: 0.0001335 seconds
2019-04-08T16:25:35.418+0800: 9542.520: Total time for which application threads were stopped: 0.0001430 seconds, Stopping threads took: 0.0000660 seconds
2019-04-08T16:25:35.565+0800: 9542.662: Total time for which application threads were stopped: 0.0001999 seconds, Stopping threads took: 0.0000936 seconds
2019-04-08T16:25:37.574+0800: 9544.675: Total time for which application threads were stopped: 0.0001489 seconds, Stopping threads took: 0.0000585 seconds
2019-04-08T16:25:37.727+0800: 9544.831: Total time for which application threads were stopped: 0.0006187 seconds, Stopping threads took: 0.0005136 seconds
2019-04-08T16:25:37.727+0800: 9544.831: Total time for which application threads were stopped: 0.0001106 seconds, Stopping threads took: 0.0000391 seconds
2019-04-08T16:25:37.727+0800: 9544.838: Total time for which application threads were stopped: 0.0001750 seconds, Stopping threads took: 0.0000518 seconds
2019-04-08T16:25:38.762+0800: 9545.864: Total time for which application threads were stopped: 0.0002600 seconds, Stopping threads took: 0.0001750 seconds
{Heap before GC invocations=31 (full 2):
 par new generation   total 109248K, used 96653K [0x00000000e0000000, 0x00000000e8000000, 0x00000000e8000000)
  eden space 87424K, 100% used [0x00000000e0000000, 0x00000000e5560000, 0x00000000e5560000)
  from space 21824K,  42% used [0x00000000e6ab0000, 0x00000000e73b34b0, 0x00000000e8000000)
  to   space 21824K,   0% used [0x00000000e5560000, 0x00000000e5560000, 0x00000000e6ab0000)
 concurrent mark-sweep generation total 393216K, used 38074K [0x00000000e8000000, 0x0000000100000000, 0x0000000100000000)
 Metaspace       used 46526K, capacity 48086K, committed 48272K, reserved 1091584K
  class space    used 5617K, capacity 5960K, committed 6032K, reserved 1048576K
2019-04-08T16:25:38.878+0800: 9545.976: [GC (Allocation Failure) 2019-04-08T16:25:38.878+0800: 9545.976: [ParNew
Desired survivor size 20112992 bytes, new threshold 8 (max 8)
- age   1:     946968 bytes,     946968 total
- age   2:     242704 bytes,    1189672 total
- age   3:      22424 bytes,    1212096 total
- age   4:       8376 bytes,    1220472 total
- age   5:      17528 bytes,    1238000 total
- age   6:      24984 bytes,    1262984 total
- age   7:      11304 bytes,    1274288 total
- age   8:       6896 bytes,    1281184 total
: 96653K->6885K(109248K), 0.0032680 secs] 134727K->45066K(502464K), 0.0033244 secs] [Times: user=0.00 sys=0.00, real=0.00 secs] 
Heap after GC invocations=32 (full 2):
 par new generation   total 109248K, used 6885K [0x00000000e0000000, 0x00000000e8000000, 0x00000000e8000000)
  eden space 87424K,   0% used [0x00000000e0000000, 0x00000000e0000000, 0x00000000e5560000)
  from space 21824K,  31% used [0x00000000e5560000, 0x00000000e5c19520, 0x00000000e6ab0000)
  to   space 21824K,   0% used [0x00000000e6ab0000, 0x00000000e6ab0000, 0x00000000e8000000)
 concurrent mark-sweep generation total 393216K, used 38181K [0x00000000e8000000, 0x0000000100000000, 0x0000000100000000)
 Metaspace       used 46526K, capacity 48086K, committed 48272K, reserved 1091584K
  class space    used 5617K, capacity 5960K, committed 6032K, reserved 1048576K
}
2019-04-08T16:25:38.878+0800: 9545.980: Total time for which application threads were stopped: 0.0035721 seconds, Stopping threads took: 0.0000415 seconds
2019-04-08T16:25:38.924+0800: 9546.022: Total time for which application threads were stopped: 0.0001450 seconds, Stopping threads took: 0.0000632 seconds
2019-04-08T16:25:38.924+0800: 9546.025: Total time for which application threads were stopped: 0.0001438 seconds, Stopping threads took: 0.0000375 seconds
2019-04-08T16:25:38.931+0800: 9546.037: Total time for which application threads were stopped: 0.0001817 seconds, Stopping threads took: 0.0000747 seconds
2019-04-08T16:25:39.949+0800: 9547.045: Total time for which application threads were stopped: 0.0002920 seconds, Stopping threads took: 0.0001809 seconds
2019-04-08T16:25:39.949+0800: 9547.051: Total time for which application threads were stopped: 0.0001715 seconds, Stopping threads took: 0.0000849 seconds
2019-04-08T16:25:40.074+0800: 9547.180: Total time for which application threads were stopped: 0.0001572 seconds, Stopping threads took: 0.0000427 seconds
2019-04-08T16:25:40.074+0800: 9547.180: Total time for which application threads were stopped: 0.0001323 seconds, Stopping threads took: 0.0000462 seconds
2019-04-08T16:25:40.074+0800: 9547.181: Total time for which application threads were stopped: 0.0001225 seconds, Stopping threads took: 0.0000427 seconds
2019-04-08T16:25:40.074+0800: 9547.182: Total time for which application threads were stopped: 0.0001031 seconds, Stopping threads took: 0.0000360 seconds
2019-04-08T16:25:40.074+0800: 9547.182: Total time for which application threads were stopped: 0.0000893 seconds, Stopping threads took: 0.0000320 seconds
2019-04-08T16:25:40.074+0800: 9547.183: Total time for which application threads were stopped: 0.0000893 seconds, Stopping threads took: 0.0000344 seconds
2019-04-08T16:25:40.074+0800: 9547.183: Total time for which application threads were stopped: 0.0000956 seconds, Stopping threads took: 0.0000415 seconds
2019-04-08T16:25:40.074+0800: 9547.183: Total time for which application threads were stopped: 0.0000968 seconds, Stopping threads took: 0.0000411 seconds
2019-04-08T16:25:40.074+0800: 9547.184: Total time for which application threads were stopped: 0.0001493 seconds, Stopping threads took: 0.0000549 seconds
2019-04-08T16:25:40.074+0800: 9547.184: Total time for which application threads were stopped: 0.0000980 seconds, Stopping threads took: 0.0000435 seconds
2019-04-08T16:25:40.074+0800: 9547.184: Total time for which application threads were stopped: 0.0001000 seconds, Stopping threads took: 0.0000336 seconds
2019-04-08T16:25:41.089+0800: 9548.185: Total time for which application threads were stopped: 0.0001896 seconds, Stopping threads took: 0.0000940 seconds
2019-04-08T16:25:41.136+0800: 9548.238: Total time for which application threads were stopped: 0.0001351 seconds, Stopping threads took: 0.0000529 seconds
2019-04-08T16:25:41.261+0800: 9548.367: Total time for which application threads were stopped: 0.0001458 seconds, Stopping threads took: 0.0000521 seconds
2019-04-08T16:25:42.292+0800: 9549.394: Total time for which application threads were stopped: 0.0001663 seconds, Stopping threads took: 0.0000715 seconds
2019-04-08T16:25:42.417+0800: 9549.526: Total time for which application threads were stopped: 0.0001549 seconds, Stopping threads took: 0.0000680 seconds
2019-04-08T16:25:42.417+0800: 9549.527: Total time for which application threads were stopped: 0.0001363 seconds, Stopping threads took: 0.0000521 seconds
2019-04-08T16:25:42.433+0800: 9549.532: Total time for which application threads were stopped: 0.0001730 seconds, Stopping threads took: 0.0000956 seconds
2019-04-08T16:25:43.448+0800: 9550.550: Total time for which application threads were stopped: 0.0003887 seconds, Stopping threads took: 0.0002528 seconds
2019-04-08T16:25:43.589+0800: 9550.693: Total time for which application threads were stopped: 0.0001612 seconds, Stopping threads took: 0.0000553 seconds
2019-04-08T16:25:44.614+0800: 9551.717: Total time for which application threads were stopped: 0.0002197 seconds, Stopping threads took: 0.0000838 seconds
2019-04-08T16:25:44.755+0800: 9551.859: Total time for which application threads were stopped: 0.0004468 seconds, Stopping threads took: 0.0000672 seconds
2019-04-08T16:25:44.755+0800: 9551.859: Total time for which application threads were stopped: 0.0001201 seconds, Stopping threads took: 0.0000640 seconds
2019-04-08T16:25:44.755+0800: 9551.865: Total time for which application threads were stopped: 0.0001944 seconds, Stopping threads took: 0.0000881 seconds
2019-04-08T16:25:59.618+0800: 9566.714: Total time for which application threads were stopped: 0.0001608 seconds, Stopping threads took: 0.0000348 seconds
2019-04-08T16:26:13.818+0800: 9580.916: Total time for which application threads were stopped: 0.0001450 seconds, Stopping threads took: 0.0000450 seconds
2019-04-08T16:26:13.821+0800: 9580.917: Total time for which application threads were stopped: 0.0001517 seconds, Stopping threads took: 0.0000332 seconds
2019-04-08T16:26:14.828+0800: 9581.923: Total time for which application threads were stopped: 0.0001410 seconds, Stopping threads took: 0.0000387 seconds
2019-04-08T16:28:02.148+0800: 9689.244: Total time for which application threads were stopped: 0.0001663 seconds, Stopping threads took: 0.0000407 seconds
2019-04-08T16:30:05.607+0800: 9812.702: Total time for which application threads were stopped: 0.0001675 seconds, Stopping threads took: 0.0000431 seconds
2019-04-08T16:30:05.607+0800: 9812.702: Total time for which application threads were stopped: 0.0001047 seconds, Stopping threads took: 0.0000205 seconds
2019-04-08T16:30:05.737+0800: 9812.833: Total time for which application threads were stopped: 0.0001604 seconds, Stopping threads took: 0.0000458 seconds
2019-04-08T16:30:05.738+0800: 9812.833: Total time for which application threads were stopped: 0.0001343 seconds, Stopping threads took: 0.0000498 seconds
2019-04-08T16:30:05.738+0800: 9812.834: Total time for which application threads were stopped: 0.0001130 seconds, Stopping threads took: 0.0000316 seconds
2019-04-08T16:30:05.738+0800: 9812.834: Total time for which application threads were stopped: 0.0001098 seconds, Stopping threads took: 0.0000344 seconds
2019-04-08T16:30:05.738+0800: 9812.834: Total time for which application threads were stopped: 0.0001189 seconds, Stopping threads took: 0.0000462 seconds
2019-04-08T16:30:05.740+0800: 9812.836: Total time for which application threads were stopped: 0.0001481 seconds, Stopping threads took: 0.0000320 seconds
2019-04-08T16:30:05.741+0800: 9812.837: Total time for which application threads were stopped: 0.0001094 seconds, Stopping threads took: 0.0000217 seconds
2019-04-08T16:30:05.741+0800: 9812.837: Total time for which application threads were stopped: 0.0000885 seconds, Stopping threads took: 0.0000209 seconds
2019-04-08T16:30:05.741+0800: 9812.837: Total time for which application threads were stopped: 0.0000920 seconds, Stopping threads took: 0.0000201 seconds
2019-04-08T16:30:05.741+0800: 9812.837: Total time for which application threads were stopped: 0.0000806 seconds, Stopping threads took: 0.0000186 seconds
2019-04-08T16:30:05.741+0800: 9812.837: Total time for which application threads were stopped: 0.0000589 seconds, Stopping threads took: 0.0000158 seconds
2019-04-08T16:30:05.741+0800: 9812.837: Total time for which application threads were stopped: 0.0000715 seconds, Stopping threads took: 0.0000174 seconds
2019-04-08T16:30:05.741+0800: 9812.837: Total time for which application threads were stopped: 0.0000826 seconds, Stopping threads took: 0.0000194 seconds
2019-04-08T16:30:06.037+0800: 9813.133: Total time for which application threads were stopped: 0.0001924 seconds, Stopping threads took: 0.0000541 seconds
2019-04-08T16:30:07.037+0800: 9814.133: Total time for which application threads were stopped: 0.0001146 seconds, Stopping threads took: 0.0000371 seconds
2019-04-08T16:30:13.059+0800: 9820.155: Total time for which application threads were stopped: 0.0001485 seconds, Stopping threads took: 0.0000352 seconds
2019-04-08T16:30:15.070+0800: 9822.165: Total time for which application threads were stopped: 0.0002153 seconds, Stopping threads took: 0.0000498 seconds
2019-04-08T16:30:20.105+0800: 9827.200: Total time for which application threads were stopped: 0.0001703 seconds, Stopping threads took: 0.0000387 seconds
2019-04-08T16:30:23.110+0800: 9830.205: Total time for which application threads were stopped: 0.0011125 seconds, Stopping threads took: 0.0010074 seconds
2019-04-08T16:30:23.142+0800: 9830.238: Total time for which application threads were stopped: 0.0001517 seconds, Stopping threads took: 0.0000533 seconds
2019-04-08T16:30:23.144+0800: 9830.240: Total time for which application threads were stopped: 0.0001636 seconds, Stopping threads took: 0.0000462 seconds
2019-04-08T16:30:23.145+0800: 9830.242: Total time for which application threads were stopped: 0.0001395 seconds, Stopping threads took: 0.0000462 seconds
2019-04-08T16:30:23.146+0800: 9830.242: Total time for which application threads were stopped: 0.0001422 seconds, Stopping threads took: 0.0000466 seconds
2019-04-08T16:30:23.147+0800: 9830.243: Total time for which application threads were stopped: 0.0003247 seconds, Stopping threads took: 0.0000442 seconds
2019-04-08T16:30:23.156+0800: 9830.252: Total time for which application threads were stopped: 0.0001410 seconds, Stopping threads took: 0.0000553 seconds
2019-04-08T16:30:27.160+0800: 9834.256: Total time for which application threads were stopped: 0.0001884 seconds, Stopping threads took: 0.0000810 seconds
2019-04-08T16:30:27.181+0800: 9834.277: Total time for which application threads were stopped: 0.0001999 seconds, Stopping threads took: 0.0000648 seconds
2019-04-08T16:30:27.181+0800: 9834.277: Total time for which application threads were stopped: 0.0001620 seconds, Stopping threads took: 0.0000494 seconds
{Heap before GC invocations=32 (full 2):
 par new generation   total 109248K, used 94309K [0x00000000e0000000, 0x00000000e8000000, 0x00000000e8000000)
  eden space 87424K, 100% used [0x00000000e0000000, 0x00000000e5560000, 0x00000000e5560000)
  from space 21824K,  31% used [0x00000000e5560000, 0x00000000e5c19520, 0x00000000e6ab0000)
  to   space 21824K,   0% used [0x00000000e6ab0000, 0x00000000e6ab0000, 0x00000000e8000000)
 concurrent mark-sweep generation total 393216K, used 38181K [0x00000000e8000000, 0x0000000100000000, 0x0000000100000000)
 Metaspace       used 46683K, capacity 48274K, committed 48528K, reserved 1091584K
  class space    used 5622K, capacity 5970K, committed 6032K, reserved 1048576K
2019-04-08T16:30:27.271+0800: 9834.366: [GC (Allocation Failure) 2019-04-08T16:30:27.271+0800: 9834.366: [ParNew
Desired survivor size 20112992 bytes, new threshold 8 (max 8)
- age   1:    2043144 bytes,    2043144 total
- age   2:     349784 bytes,    2392928 total
- age   3:       5336 bytes,    2398264 total
- age   4:      20008 bytes,    2418272 total
- age   5:       8376 bytes,    2426648 total
- age   6:      17528 bytes,    2444176 total
- age   7:      24984 bytes,    2469160 total
- age   8:      11304 bytes,    2480464 total
: 94309K->3295K(109248K), 0.0040905 secs] 132490K->41483K(502464K), 0.0041956 secs] [Times: user=0.06 sys=0.00, real=0.00 secs] 
Heap after GC invocations=33 (full 2):
 par new generation   total 109248K, used 3295K [0x00000000e0000000, 0x00000000e8000000, 0x00000000e8000000)
  eden space 87424K,   0% used [0x00000000e0000000, 0x00000000e0000000, 0x00000000e5560000)
  from space 21824K,  15% used [0x00000000e6ab0000, 0x00000000e6de7c90, 0x00000000e8000000)
  to   space 21824K,   0% used [0x00000000e5560000, 0x00000000e5560000, 0x00000000e6ab0000)
 concurrent mark-sweep generation total 393216K, used 38188K [0x00000000e8000000, 0x0000000100000000, 0x0000000100000000)
 Metaspace       used 46683K, capacity 48274K, committed 48528K, reserved 1091584K
  class space    used 5622K, capacity 5970K, committed 6032K, reserved 1048576K
}
2019-04-08T16:30:27.275+0800: 9834.370: Total time for which application threads were stopped: 0.0046143 seconds, Stopping threads took: 0.0001438 seconds
2019-04-08T16:30:28.292+0800: 9835.388: Total time for which application threads were stopped: 0.0175423 seconds, Stopping threads took: 0.0174313 seconds
{Heap before GC invocations=33 (full 2):
 par new generation   total 109248K, used 90719K [0x00000000e0000000, 0x00000000e8000000, 0x00000000e8000000)
  eden space 87424K, 100% used [0x00000000e0000000, 0x00000000e5560000, 0x00000000e5560000)
  from space 21824K,  15% used [0x00000000e6ab0000, 0x00000000e6de7c90, 0x00000000e8000000)
  to   space 21824K,   0% used [0x00000000e5560000, 0x00000000e5560000, 0x00000000e6ab0000)
 concurrent mark-sweep generation total 393216K, used 38188K [0x00000000e8000000, 0x0000000100000000, 0x0000000100000000)
 Metaspace       used 46683K, capacity 48274K, committed 48528K, reserved 1091584K
  class space    used 5622K, capacity 5970K, committed 6032K, reserved 1048576K
2019-04-08T16:30:28.412+0800: 9835.508: [GC (Allocation Failure) 2019-04-08T16:30:28.412+0800: 9835.508: [ParNew
Desired survivor size 20112992 bytes, new threshold 8 (max 8)
- age   1:    3506256 bytes,    3506256 total
- age   2:    1092632 bytes,    4598888 total
- age   3:     348856 bytes,    4947744 total
- age   4:       5336 bytes,    4953080 total
- age   5:      19848 bytes,    4972928 total
- age   6:       8352 bytes,    4981280 total
- age   7:      15584 bytes,    4996864 total
- age   8:      24984 bytes,    5021848 total
: 90719K->5436K(109248K), 0.0071443 secs] 128907K->43636K(502464K), 0.0073545 secs] [Times: user=0.06 sys=0.00, real=0.01 secs] 
Heap after GC invocations=34 (full 2):
 par new generation   total 109248K, used 5436K [0x00000000e0000000, 0x00000000e8000000, 0x00000000e8000000)
  eden space 87424K,   0% used [0x00000000e0000000, 0x00000000e0000000, 0x00000000e5560000)
  from space 21824K,  24% used [0x00000000e5560000, 0x00000000e5aaf3b0, 0x00000000e6ab0000)
  to   space 21824K,   0% used [0x00000000e6ab0000, 0x00000000e6ab0000, 0x00000000e8000000)
 concurrent mark-sweep generation total 393216K, used 38199K [0x00000000e8000000, 0x0000000100000000, 0x0000000100000000)
 Metaspace       used 46683K, capacity 48274K, committed 48528K, reserved 1091584K
  class space    used 5622K, capacity 5970K, committed 6032K, reserved 1048576K
}
2019-04-08T16:30:28.420+0800: 9835.515: Total time for which application threads were stopped: 0.0078665 seconds, Stopping threads took: 0.0001323 seconds
2019-04-08T16:30:28.731+0800: 9835.826: Total time for which application threads were stopped: 0.0081956 seconds, Stopping threads took: 0.0080565 seconds
2019-04-08T16:30:28.731+0800: 9835.827: Total time for which application threads were stopped: 0.0001805 seconds, Stopping threads took: 0.0000474 seconds
2019-04-08T16:30:28.967+0800: 9836.063: Total time for which application threads were stopped: 0.0060377 seconds, Stopping threads took: 0.0059117 seconds
{Heap before GC invocations=34 (full 2):
 par new generation   total 109248K, used 92631K [0x00000000e0000000, 0x00000000e8000000, 0x00000000e8000000)
  eden space 87424K,  99% used [0x00000000e0000000, 0x00000000e5526878, 0x00000000e5560000)
  from space 21824K,  24% used [0x00000000e5560000, 0x00000000e5aaf3b0, 0x00000000e6ab0000)
  to   space 21824K,   0% used [0x00000000e6ab0000, 0x00000000e6ab0000, 0x00000000e8000000)
 concurrent mark-sweep generation total 393216K, used 38199K [0x00000000e8000000, 0x0000000100000000, 0x0000000100000000)
 Metaspace       used 46696K, capacity 48274K, committed 48528K, reserved 1091584K
  class space    used 5622K, capacity 5970K, committed 6032K, reserved 1048576K
2019-04-08T16:30:29.182+0800: 9836.278: [GC (Allocation Failure) 2019-04-08T16:30:29.183+0800: 9836.278: [ParNew
Desired survivor size 20112992 bytes, new threshold 8 (max 8)
- age   1:    4314720 bytes,    4314720 total
- age   2:    1765648 bytes,    6080368 total
- age   3:     698512 bytes,    6778880 total
- age   4:     348856 bytes,    7127736 total
- age   5:       5336 bytes,    7133072 total
- age   6:      19848 bytes,    7152920 total
- age   7:       8320 bytes,    7161240 total
- age   8:      15584 bytes,    7176824 total
: 92631K->8603K(109248K), 0.0038321 secs] 130830K->46826K(502464K), 0.0039257 secs] [Times: user=0.00 sys=0.00, real=0.00 secs] 
Heap after GC invocations=35 (full 2):
 par new generation   total 109248K, used 8603K [0x00000000e0000000, 0x00000000e8000000, 0x00000000e8000000)
  eden space 87424K,   0% used [0x00000000e0000000, 0x00000000e0000000, 0x00000000e5560000)
  from space 21824K,  39% used [0x00000000e6ab0000, 0x00000000e7316cd0, 0x00000000e8000000)
  to   space 21824K,   0% used [0x00000000e5560000, 0x00000000e5560000, 0x00000000e6ab0000)
 concurrent mark-sweep generation total 393216K, used 38223K [0x00000000e8000000, 0x0000000100000000, 0x0000000100000000)
 Metaspace       used 46696K, capacity 48274K, committed 48528K, reserved 1091584K
  class space    used 5622K, capacity 5970K, committed 6032K, reserved 1048576K
}
2019-04-08T16:30:29.187+0800: 9836.282: Total time for which application threads were stopped: 0.0042856 seconds, Stopping threads took: 0.0000715 seconds
2019-04-08T16:30:29.263+0800: 9836.371: Total time for which application threads were stopped: 0.0006392 seconds, Stopping threads took: 0.0005416 seconds
2019-04-08T16:30:29.409+0800: 9836.505: Total time for which application threads were stopped: 0.0038692 seconds, Stopping threads took: 0.0037420 seconds
2019-04-08T16:30:29.409+0800: 9836.505: Total time for which application threads were stopped: 0.0001541 seconds, Stopping threads took: 0.0000537 seconds
2019-04-08T16:30:29.443+0800: 9836.539: Total time for which application threads were stopped: 0.0013641 seconds, Stopping threads took: 0.0012476 seconds
{Heap before GC invocations=35 (full 2):
 par new generation   total 109248K, used 96027K [0x00000000e0000000, 0x00000000e8000000, 0x00000000e8000000)
  eden space 87424K, 100% used [0x00000000e0000000, 0x00000000e5560000, 0x00000000e5560000)
  from space 21824K,  39% used [0x00000000e6ab0000, 0x00000000e7316cd0, 0x00000000e8000000)
  to   space 21824K,   0% used [0x00000000e5560000, 0x00000000e5560000, 0x00000000e6ab0000)
 concurrent mark-sweep generation total 393216K, used 38223K [0x00000000e8000000, 0x0000000100000000, 0x0000000100000000)
 Metaspace       used 46698K, capacity 48274K, committed 48528K, reserved 1091584K
  class space    used 5622K, capacity 5970K, committed 6032K, reserved 1048576K
2019-04-08T16:30:29.671+0800: 9836.766: [GC (Allocation Failure) 2019-04-08T16:30:29.671+0800: 9836.766: [ParNew
Desired survivor size 20112992 bytes, new threshold 8 (max 8)
- age   1:    4658144 bytes,    4658144 total
- age   2:    2040552 bytes,    6698696 total
- age   3:      66728 bytes,    6765424 total
- age   4:     585360 bytes,    7350784 total
- age   5:     348856 bytes,    7699640 total
- age   6:       5336 bytes,    7704976 total
- age   7:      19848 bytes,    7724824 total
- age   8:       8320 bytes,    7733144 total
: 96027K->12077K(109248K), 0.0047277 secs] 134250K->50315K(502464K), 0.0048300 secs] [Times: user=0.00 sys=0.00, real=0.01 secs] 
Heap after GC invocations=36 (full 2):
 par new generation   total 109248K, used 12077K [0x00000000e0000000, 0x00000000e8000000, 0x00000000e8000000)
  eden space 87424K,   0% used [0x00000000e0000000, 0x00000000e0000000, 0x00000000e5560000)
  from space 21824K,  55% used [0x00000000e5560000, 0x00000000e612b4c0, 0x00000000e6ab0000)
  to   space 21824K,   0% used [0x00000000e6ab0000, 0x00000000e6ab0000, 0x00000000e8000000)
 concurrent mark-sweep generation total 393216K, used 38238K [0x00000000e8000000, 0x0000000100000000, 0x0000000100000000)
 Metaspace       used 46698K, capacity 48274K, committed 48528K, reserved 1091584K
  class space    used 5622K, capacity 5970K, committed 6032K, reserved 1048576K
}
2019-04-08T16:30:29.676+0800: 9836.771: Total time for which application threads were stopped: 0.0061527 seconds, Stopping threads took: 0.0009920 seconds
2019-04-08T16:30:29.726+0800: 9836.821: Total time for which application threads were stopped: 0.0012674 seconds, Stopping threads took: 0.0011433 seconds
{Heap before GC invocations=36 (full 2):
 par new generation   total 109248K, used 99457K [0x00000000e0000000, 0x00000000e8000000, 0x00000000e8000000)
  eden space 87424K,  99% used [0x00000000e0000000, 0x00000000e55550e0, 0x00000000e5560000)
  from space 21824K,  55% used [0x00000000e5560000, 0x00000000e612b4c0, 0x00000000e6ab0000)
  to   space 21824K,   0% used [0x00000000e6ab0000, 0x00000000e6ab0000, 0x00000000e8000000)
 concurrent mark-sweep generation total 393216K, used 38238K [0x00000000e8000000, 0x0000000100000000, 0x0000000100000000)
 Metaspace       used 46700K, capacity 48274K, committed 48528K, reserved 1091584K
  class space    used 5622K, capacity 5970K, committed 6032K, reserved 1048576K
2019-04-08T16:30:30.366+0800: 9837.462: [GC (Allocation Failure) 2019-04-08T16:30:30.366+0800: 9837.462: [ParNew
Desired survivor size 20112992 bytes, new threshold 8 (max 8)
- age   1:    4269960 bytes,    4269960 total
- age   2:    3472832 bytes,    7742792 total
- age   3:    1675720 bytes,    9418512 total
- age   4:      66728 bytes,    9485240 total
- age   5:     585360 bytes,   10070600 total
- age   6:     348856 bytes,   10419456 total
- age   7:       5336 bytes,   10424792 total
- age   8:      19848 bytes,   10444640 total
: 99457K->11885K(109248K), 0.0050137 secs] 137696K->50132K(502464K), 0.0051042 secs] [Times: user=0.06 sys=0.00, real=0.01 secs] 
Heap after GC invocations=37 (full 2):
 par new generation   total 109248K, used 11885K [0x00000000e0000000, 0x00000000e8000000, 0x00000000e8000000)
  eden space 87424K,   0% used [0x00000000e0000000, 0x00000000e0000000, 0x00000000e5560000)
  from space 21824K,  54% used [0x00000000e6ab0000, 0x00000000e764b560, 0x00000000e8000000)
  to   space 21824K,   0% used [0x00000000e5560000, 0x00000000e5560000, 0x00000000e6ab0000)
 concurrent mark-sweep generation total 393216K, used 38246K [0x00000000e8000000, 0x0000000100000000, 0x0000000100000000)
 Metaspace       used 46700K, capacity 48274K, committed 48528K, reserved 1091584K
  class space    used 5622K, capacity 5970K, committed 6032K, reserved 1048576K
}
2019-04-08T16:30:30.371+0800: 9837.467: Total time for which application threads were stopped: 0.0062728 seconds, Stopping threads took: 0.0008806 seconds
{Heap before GC invocations=37 (full 2):
 par new generation   total 109248K, used 99309K [0x00000000e0000000, 0x00000000e8000000, 0x00000000e8000000)
  eden space 87424K, 100% used [0x00000000e0000000, 0x00000000e5560000, 0x00000000e5560000)
  from space 21824K,  54% used [0x00000000e6ab0000, 0x00000000e764b560, 0x00000000e8000000)
  to   space 21824K,   0% used [0x00000000e5560000, 0x00000000e5560000, 0x00000000e6ab0000)
 concurrent mark-sweep generation total 393216K, used 38246K [0x00000000e8000000, 0x0000000100000000, 0x0000000100000000)
 Metaspace       used 46700K, capacity 48274K, committed 48528K, reserved 1091584K
  class space    used 5622K, capacity 5970K, committed 6032K, reserved 1048576K
2019-04-08T16:30:31.086+0800: 9838.182: [GC (Allocation Failure) 2019-04-08T16:30:31.086+0800: 9838.182: [ParNew
Desired survivor size 20112992 bytes, new threshold 8 (max 8)
- age   1:    3974432 bytes,    3974432 total
- age   2:    3739088 bytes,    7713520 total
- age   3:    3452568 bytes,   11166088 total
- age   4:    1511432 bytes,   12677520 total
- age   5:      66728 bytes,   12744248 total
- age   6:     585360 bytes,   13329608 total
- age   7:     348856 bytes,   13678464 total
- age   8:       5336 bytes,   13683800 total
: 99309K->16997K(109248K), 0.0068567 secs] 137556K->55264K(502464K), 0.0069586 secs] [Times: user=0.00 sys=0.00, real=0.01 secs] 
Heap after GC invocations=38 (full 2):
 par new generation   total 109248K, used 16997K [0x00000000e0000000, 0x00000000e8000000, 0x00000000e8000000)
  eden space 87424K,   0% used [0x00000000e0000000, 0x00000000e0000000, 0x00000000e5560000)
  from space 21824K,  77% used [0x00000000e5560000, 0x00000000e65f9700, 0x00000000e6ab0000)
  to   space 21824K,   0% used [0x00000000e6ab0000, 0x00000000e6ab0000, 0x00000000e8000000)
 concurrent mark-sweep generation total 393216K, used 38266K [0x00000000e8000000, 0x0000000100000000, 0x0000000100000000)
 Metaspace       used 46700K, capacity 48274K, committed 48528K, reserved 1091584K
  class space    used 5622K, capacity 5970K, committed 6032K, reserved 1048576K
}
2019-04-08T16:30:31.093+0800: 9838.189: Total time for which application threads were stopped: 0.0073841 seconds, Stopping threads took: 0.0000573 seconds
2019-04-08T16:30:31.241+0800: 9838.336: Total time for which application threads were stopped: 0.0001505 seconds, Stopping threads took: 0.0000648 seconds
2019-04-08T16:30:31.676+0800: 9838.780: Total time for which application threads were stopped: 0.0002718 seconds, Stopping threads took: 0.0000676 seconds
2019-04-08T16:30:31.676+0800: 9838.781: Total time for which application threads were stopped: 0.0001632 seconds, Stopping threads took: 0.0000612 seconds
2019-04-08T16:30:31.676+0800: 9838.781: Total time for which application threads were stopped: 0.0001181 seconds, Stopping threads took: 0.0000379 seconds
2019-04-08T16:30:32.677+0800: 9839.772: Total time for which application threads were stopped: 0.0001726 seconds, Stopping threads took: 0.0000656 seconds
2019-04-08T16:30:32.945+0800: 9840.041: Total time for which application threads were stopped: 0.0001837 seconds, Stopping threads took: 0.0000565 seconds
2019-04-08T16:30:32.946+0800: 9840.042: Total time for which application threads were stopped: 0.0001600 seconds, Stopping threads took: 0.0000577 seconds
2019-04-08T16:30:33.950+0800: 9841.045: Total time for which application threads were stopped: 0.0001782 seconds, Stopping threads took: 0.0000755 seconds
2019-04-08T16:30:37.116+0800: 9844.215: Total time for which application threads were stopped: 0.0001422 seconds, Stopping threads took: 0.0000553 seconds
2019-04-08T16:30:37.820+0800: 9844.916: Total time for which application threads were stopped: 0.0001027 seconds, Stopping threads took: 0.0000292 seconds
2019-04-08T16:30:37.820+0800: 9844.917: Total time for which application threads were stopped: 0.0001071 seconds, Stopping threads took: 0.0000217 seconds
2019-04-08T16:30:37.820+0800: 9844.923: Total time for which application threads were stopped: 0.0000940 seconds, Stopping threads took: 0.0000229 seconds
2019-04-08T16:30:37.820+0800: 9844.923: Total time for which application threads were stopped: 0.0000604 seconds, Stopping threads took: 0.0000138 seconds
2019-04-08T16:30:37.820+0800: 9844.927: Total time for which application threads were stopped: 0.0000956 seconds, Stopping threads took: 0.0000280 seconds
2019-04-08T16:30:37.820+0800: 9844.927: Total time for which application threads were stopped: 0.0000600 seconds, Stopping threads took: 0.0000146 seconds
2019-04-08T16:30:37.820+0800: 9844.931: Total time for which application threads were stopped: 0.0001351 seconds, Stopping threads took: 0.0000277 seconds
2019-04-08T16:30:37.836+0800: 9844.931: Total time for which application threads were stopped: 0.0001458 seconds, Stopping threads took: 0.0000182 seconds
2019-04-08T16:30:37.836+0800: 9844.935: Total time for which application threads were stopped: 0.0001019 seconds, Stopping threads took: 0.0000292 seconds
2019-04-08T16:30:37.836+0800: 9844.936: Total time for which application threads were stopped: 0.0001276 seconds, Stopping threads took: 0.0000229 seconds
2019-04-08T16:30:37.836+0800: 9844.940: Total time for which application threads were stopped: 0.0001011 seconds, Stopping threads took: 0.0000304 seconds
2019-04-08T16:30:37.836+0800: 9844.940: Total time for which application threads were stopped: 0.0000569 seconds, Stopping threads took: 0.0000142 seconds
2019-04-08T16:30:37.836+0800: 9844.943: Total time for which application threads were stopped: 0.0000905 seconds, Stopping threads took: 0.0000245 seconds
2019-04-08T16:30:37.836+0800: 9844.944: Total time for which application threads were stopped: 0.0000917 seconds, Stopping threads took: 0.0000265 seconds
2019-04-08T16:30:37.851+0800: 9844.948: Total time for which application threads were stopped: 0.0001272 seconds, Stopping threads took: 0.0000284 seconds
2019-04-08T16:30:37.851+0800: 9844.948: Total time for which application threads were stopped: 0.0000972 seconds, Stopping threads took: 0.0000178 seconds
2019-04-08T16:30:37.861+0800: 9844.957: Total time for which application threads were stopped: 0.0001410 seconds, Stopping threads took: 0.0000439 seconds
2019-04-08T16:30:37.861+0800: 9844.957: Total time for which application threads were stopped: 0.0001221 seconds, Stopping threads took: 0.0000194 seconds
2019-04-08T16:30:37.869+0800: 9844.965: Total time for which application threads were stopped: 0.0002777 seconds, Stopping threads took: 0.0000284 seconds
2019-04-08T16:30:37.870+0800: 9844.965: Total time for which application threads were stopped: 0.0000885 seconds, Stopping threads took: 0.0000182 seconds
2019-04-08T16:30:37.878+0800: 9844.974: Total time for which application threads were stopped: 0.0001391 seconds, Stopping threads took: 0.0000300 seconds
2019-04-08T16:30:59.067+0800: 9866.163: Total time for which application threads were stopped: 0.0001466 seconds, Stopping threads took: 0.0000340 seconds
2019-04-08T16:31:44.497+0800: 9911.592: Total time for which application threads were stopped: 0.0001564 seconds, Stopping threads took: 0.0000573 seconds
2019-04-08T16:31:48.527+0800: 9915.623: Total time for which application threads were stopped: 0.0001545 seconds, Stopping threads took: 0.0000474 seconds
2019-04-08T16:32:22.817+0800: 9949.913: Total time for which application threads were stopped: 0.0002133 seconds, Stopping threads took: 0.0000320 seconds
2019-04-08T16:32:54.137+0800: 9981.233: Total time for which application threads were stopped: 0.0003366 seconds, Stopping threads took: 0.0002220 seconds
2019-04-08T16:32:55.120+0800: 9982.219: Total time for which application threads were stopped: 0.0001952 seconds, Stopping threads took: 0.0000581 seconds
2019-04-08T16:32:56.339+0800: 9983.438: Total time for which application threads were stopped: 0.0001426 seconds, Stopping threads took: 0.0000608 seconds
2019-04-08T16:32:57.510+0800: 9984.609: Total time for which application threads were stopped: 0.0001533 seconds, Stopping threads took: 0.0000521 seconds
{Heap before GC invocations=38 (full 2):
 par new generation   total 109248K, used 104414K [0x00000000e0000000, 0x00000000e8000000, 0x00000000e8000000)
  eden space 87424K,  99% used [0x00000000e0000000, 0x00000000e555e2f0, 0x00000000e5560000)
  from space 21824K,  77% used [0x00000000e5560000, 0x00000000e65f9700, 0x00000000e6ab0000)
  to   space 21824K,   0% used [0x00000000e6ab0000, 0x00000000e6ab0000, 0x00000000e8000000)
 concurrent mark-sweep generation total 393216K, used 38266K [0x00000000e8000000, 0x0000000100000000, 0x0000000100000000)
 Metaspace       used 46735K, capacity 48284K, committed 48528K, reserved 1091584K
  class space    used 5623K, capacity 5971K, committed 6032K, reserved 1048576K
2019-04-08T16:32:58.713+0800: 9985.809: [GC (Allocation Failure) 2019-04-08T16:32:58.713+0800: 9985.809: [ParNew
Desired survivor size 20112992 bytes, new threshold 8 (max 8)
- age   1:    1341808 bytes,    1341808 total
- age   2:     412232 bytes,    1754040 total
- age   3:     566216 bytes,    2320256 total
- age   4:    1546680 bytes,    3866936 total
- age   5:       2288 bytes,    3869224 total
- age   6:        312 bytes,    3869536 total
- age   7:     186584 bytes,    4056120 total
- age   8:       9144 bytes,    4065264 total
: 104414K->12131K(109248K), 0.0035769 secs] 142680K->50401K(502464K), 0.0036760 secs] [Times: user=0.00 sys=0.00, real=0.00 secs] 
Heap after GC invocations=39 (full 2):
 par new generation   total 109248K, used 12131K [0x00000000e0000000, 0x00000000e8000000, 0x00000000e8000000)
  eden space 87424K,   0% used [0x00000000e0000000, 0x00000000e0000000, 0x00000000e5560000)
  from space 21824K,  55% used [0x00000000e6ab0000, 0x00000000e7688d20, 0x00000000e8000000)
  to   space 21824K,   0% used [0x00000000e5560000, 0x00000000e5560000, 0x00000000e6ab0000)
 concurrent mark-sweep generation total 393216K, used 38270K [0x00000000e8000000, 0x0000000100000000, 0x0000000100000000)
 Metaspace       used 46735K, capacity 48284K, committed 48528K, reserved 1091584K
  class space    used 5623K, capacity 5971K, committed 6032K, reserved 1048576K
}
2019-04-08T16:32:58.717+0800: 9985.813: Total time for which application threads were stopped: 0.0040067 seconds, Stopping threads took: 0.0000600 seconds
2019-04-08T16:32:58.719+0800: 9985.815: Total time for which application threads were stopped: 0.0001817 seconds, Stopping threads took: 0.0000751 seconds
2019-04-08T16:32:59.727+0800: 9986.822: Total time for which application threads were stopped: 0.0002212 seconds, Stopping threads took: 0.0001284 seconds
2019-04-08T16:32:59.987+0800: 9987.089: Total time for which application threads were stopped: 0.0001493 seconds, Stopping threads took: 0.0000545 seconds
2019-04-08T16:33:01.187+0800: 9988.288: Total time for which application threads were stopped: 0.0001256 seconds, Stopping threads took: 0.0000446 seconds
2019-04-08T16:33:02.335+0800: 9989.431: Total time for which application threads were stopped: 0.0002900 seconds, Stopping threads took: 0.0000466 seconds
2019-04-08T16:33:02.340+0800: 9989.436: Total time for which application threads were stopped: 0.0005713 seconds, Stopping threads took: 0.0004350 seconds
2019-04-08T16:33:02.536+0800: 9989.631: Total time for which application threads were stopped: 0.0002619 seconds, Stopping threads took: 0.0000545 seconds
2019-04-08T16:33:02.536+0800: 9989.632: Total time for which application threads were stopped: 0.0001971 seconds, Stopping threads took: 0.0000920 seconds
2019-04-08T16:33:02.842+0800: 9989.940: Total time for which application threads were stopped: 0.0002750 seconds, Stopping threads took: 0.0000628 seconds
{Heap before GC invocations=39 (full 2):
 par new generation   total 109248K, used 99386K [0x00000000e0000000, 0x00000000e8000000, 0x00000000e8000000)
  eden space 87424K,  99% used [0x00000000e0000000, 0x00000000e5535d68, 0x00000000e5560000)
  from space 21824K,  55% used [0x00000000e6ab0000, 0x00000000e7688d20, 0x00000000e8000000)
  to   space 21824K,   0% used [0x00000000e5560000, 0x00000000e5560000, 0x00000000e6ab0000)
 concurrent mark-sweep generation total 393216K, used 38270K [0x00000000e8000000, 0x0000000100000000, 0x0000000100000000)
 Metaspace       used 46751K, capacity 48284K, committed 48528K, reserved 1091584K
  class space    used 5623K, capacity 5971K, committed 6032K, reserved 1048576K
2019-04-08T16:33:03.607+0800: 9990.707: [GC (Allocation Failure) 2019-04-08T16:33:03.607+0800: 9990.707: [ParNew
Desired survivor size 20112992 bytes, new threshold 8 (max 8)
- age   1:    3642472 bytes,    3642472 total
- age   2:     863592 bytes,    4506064 total
- age   3:     412232 bytes,    4918296 total
- age   4:     565888 bytes,    5484184 total
- age   5:    1545752 bytes,    7029936 total
- age   6:       2288 bytes,    7032224 total
- age   7:        184 bytes,    7032408 total
- age   8:     186376 bytes,    7218784 total
: 99386K->8822K(109248K), 0.0035619 secs] 137657K->47102K(502464K), 0.0036271 secs] [Times: user=0.00 sys=0.00, real=0.00 secs] 
Heap after GC invocations=40 (full 2):
 par new generation   total 109248K, used 8822K [0x00000000e0000000, 0x00000000e8000000, 0x00000000e8000000)
  eden space 87424K,   0% used [0x00000000e0000000, 0x00000000e0000000, 0x00000000e5560000)
  from space 21824K,  40% used [0x00000000e5560000, 0x00000000e5dfdaa0, 0x00000000e6ab0000)
  to   space 21824K,   0% used [0x00000000e6ab0000, 0x00000000e6ab0000, 0x00000000e8000000)
 concurrent mark-sweep generation total 393216K, used 38279K [0x00000000e8000000, 0x0000000100000000, 0x0000000100000000)
 Metaspace       used 46751K, capacity 48284K, committed 48528K, reserved 1091584K
  class space    used 5623K, capacity 5971K, committed 6032K, reserved 1048576K
}
2019-04-08T16:33:03.607+0800: 9990.710: Total time for which application threads were stopped: 0.0039799 seconds, Stopping threads took: 0.0000810 seconds
2019-04-08T16:33:03.607+0800: 9990.712: Total time for which application threads were stopped: 0.0001237 seconds, Stopping threads took: 0.0000557 seconds
2019-04-08T16:33:03.877+0800: 9990.975: Total time for which application threads were stopped: 0.0001406 seconds, Stopping threads took: 0.0000419 seconds
2019-04-08T16:33:03.877+0800: 9990.975: Total time for which application threads were stopped: 0.0001426 seconds, Stopping threads took: 0.0000411 seconds
2019-04-08T16:33:03.877+0800: 9990.976: Total time for which application threads were stopped: 0.0001722 seconds, Stopping threads took: 0.0000885 seconds
2019-04-08T16:33:03.877+0800: 9990.976: Total time for which application threads were stopped: 0.0000996 seconds, Stopping threads took: 0.0000375 seconds
2019-04-08T16:33:03.877+0800: 9990.977: Total time for which application threads were stopped: 0.0001158 seconds, Stopping threads took: 0.0000435 seconds
2019-04-08T16:33:03.877+0800: 9990.977: Total time for which application threads were stopped: 0.0001047 seconds, Stopping threads took: 0.0000486 seconds
2019-04-08T16:33:03.877+0800: 9990.977: Total time for which application threads were stopped: 0.0001553 seconds, Stopping threads took: 0.0000399 seconds
2019-04-08T16:33:03.877+0800: 9990.978: Total time for which application threads were stopped: 0.0001071 seconds, Stopping threads took: 0.0000344 seconds
2019-04-08T16:33:03.877+0800: 9990.978: Total time for which application threads were stopped: 0.0001201 seconds, Stopping threads took: 0.0000490 seconds
2019-04-08T16:33:03.877+0800: 9990.979: Total time for which application threads were stopped: 0.0001209 seconds, Stopping threads took: 0.0000486 seconds
2019-04-08T16:33:03.877+0800: 9990.979: Total time for which application threads were stopped: 0.0001138 seconds, Stopping threads took: 0.0000486 seconds
2019-04-08T16:33:04.960+0800: 9992.059: Total time for which application threads were stopped: 0.0001758 seconds, Stopping threads took: 0.0000557 seconds
2019-04-08T16:33:05.107+0800: 9992.207: Total time for which application threads were stopped: 0.0001517 seconds, Stopping threads took: 0.0000620 seconds
2019-04-08T16:33:06.138+0800: 9993.238: Total time for which application threads were stopped: 0.0001406 seconds, Stopping threads took: 0.0000490 seconds
2019-04-08T16:33:06.267+0800: 9993.372: Total time for which application threads were stopped: 0.0001438 seconds, Stopping threads took: 0.0000537 seconds
2019-04-08T16:33:06.277+0800: 9993.372: Total time for which application threads were stopped: 0.0001817 seconds, Stopping threads took: 0.0000415 seconds
2019-04-08T16:33:06.277+0800: 9993.373: Total time for which application threads were stopped: 0.0001596 seconds, Stopping threads took: 0.0000711 seconds
2019-04-08T16:33:07.301+0800: 9994.403: Total time for which application threads were stopped: 0.0001343 seconds, Stopping threads took: 0.0000494 seconds
2019-04-08T16:33:07.419+0800: 9994.526: Total time for which application threads were stopped: 0.0001924 seconds, Stopping threads took: 0.0000964 seconds
2019-04-08T16:33:07.419+0800: 9994.527: Total time for which application threads were stopped: 0.0001655 seconds, Stopping threads took: 0.0001023 seconds
2019-04-08T16:33:07.419+0800: 9994.527: Total time for which application threads were stopped: 0.0000909 seconds, Stopping threads took: 0.0000439 seconds
2019-04-08T16:33:09.348+0800: 9996.450: Total time for which application threads were stopped: 0.0002738 seconds, Stopping threads took: 0.0000561 seconds
2019-04-08T16:33:09.502+0800: 9996.607: Total time for which application threads were stopped: 0.0002098 seconds, Stopping threads took: 0.0000600 seconds
2019-04-08T16:33:09.502+0800: 9996.608: Total time for which application threads were stopped: 0.0001478 seconds, Stopping threads took: 0.0000498 seconds
2019-04-08T16:33:09.502+0800: 9996.608: Total time for which application threads were stopped: 0.0000960 seconds, Stopping threads took: 0.0000470 seconds
2019-04-08T16:33:10.545+0800: 9997.651: Total time for which application threads were stopped: 0.0001481 seconds, Stopping threads took: 0.0000498 seconds
2019-04-08T16:33:10.693+0800: 9997.789: Total time for which application threads were stopped: 0.0001572 seconds, Stopping threads took: 0.0000687 seconds
2019-04-08T16:33:10.693+0800: 9997.789: Total time for which application threads were stopped: 0.0001327 seconds, Stopping threads took: 0.0000569 seconds
2019-04-08T16:33:10.693+0800: 9997.790: Total time for which application threads were stopped: 0.0001367 seconds, Stopping threads took: 0.0000687 seconds
2019-04-08T16:33:11.711+0800: 9998.812: Total time for which application threads were stopped: 0.0001331 seconds, Stopping threads took: 0.0000514 seconds
2019-04-08T16:33:11.849+0800: 9998.958: Total time for which application threads were stopped: 0.0001612 seconds, Stopping threads took: 0.0000672 seconds
2019-04-08T16:33:11.849+0800: 9998.958: Total time for which application threads were stopped: 0.0001786 seconds, Stopping threads took: 0.0001130 seconds
2019-04-08T16:33:11.849+0800: 9998.959: Total time for which application threads were stopped: 0.0000913 seconds, Stopping threads took: 0.0000387 seconds
2019-04-08T16:33:11.864+0800: 9998.965: Total time for which application threads were stopped: 0.0001655 seconds, Stopping threads took: 0.0000525 seconds
2019-04-08T16:33:12.880+0800: 9999.975: Total time for which application threads were stopped: 0.0004022 seconds, Stopping threads took: 0.0003153 seconds
2019-04-08T16:33:12.880+0800: 9999.981: Total time for which application threads were stopped: 0.0001406 seconds, Stopping threads took: 0.0000446 seconds
2019-04-08T16:33:13.020+0800: 10000.124: Total time for which application threads were stopped: 0.0001474 seconds, Stopping threads took: 0.0000565 seconds
2019-04-08T16:33:13.020+0800: 10000.124: Total time for which application threads were stopped: 0.0002552 seconds, Stopping threads took: 0.0000423 seconds
2019-04-08T16:33:13.020+0800: 10000.131: Total time for which application threads were stopped: 0.0001517 seconds, Stopping threads took: 0.0000518 seconds
2019-04-08T16:33:14.051+0800: 10001.152: Total time for which application threads were stopped: 0.0001462 seconds, Stopping threads took: 0.0000616 seconds
2019-04-08T16:33:14.192+0800: 10001.301: Total time for which application threads were stopped: 0.0002244 seconds, Stopping threads took: 0.0001079 seconds
2019-04-08T16:33:14.207+0800: 10001.303: Total time for which application threads were stopped: 0.0002299 seconds, Stopping threads took: 0.0000632 seconds
2019-04-08T16:33:14.207+0800: 10001.310: Total time for which application threads were stopped: 0.0001734 seconds, Stopping threads took: 0.0000573 seconds
{Heap before GC invocations=40 (full 2):
 par new generation   total 109248K, used 96246K [0x00000000e0000000, 0x00000000e8000000, 0x00000000e8000000)
  eden space 87424K, 100% used [0x00000000e0000000, 0x00000000e5560000, 0x00000000e5560000)
  from space 21824K,  40% used [0x00000000e5560000, 0x00000000e5dfdaa0, 0x00000000e6ab0000)
  to   space 21824K,   0% used [0x00000000e6ab0000, 0x00000000e6ab0000, 0x00000000e8000000)
 concurrent mark-sweep generation total 393216K, used 38279K [0x00000000e8000000, 0x0000000100000000, 0x0000000100000000)
 Metaspace       used 46783K, capacity 48348K, committed 48528K, reserved 1091584K
  class space    used 5623K, capacity 5971K, committed 6032K, reserved 1048576K
2019-04-08T16:33:14.239+0800: 10001.338: [GC (Allocation Failure) 2019-04-08T16:33:14.239+0800: 10001.338: [ParNew
Desired survivor size 20112992 bytes, new threshold 8 (max 8)
- age   1:    1838832 bytes,    1838832 total
- age   2:    2978864 bytes,    4817696 total
- age   3:     194632 bytes,    5012328 total
- age   4:     407032 bytes,    5419360 total
- age   5:      84632 bytes,    5503992 total
- age   6:        288 bytes,    5504280 total
- age   7:        880 bytes,    5505160 total
- age   8:        184 bytes,    5505344 total
: 96246K->10796K(109248K), 0.0041399 secs] 134526K->49193K(502464K), 0.0042090 secs] [Times: user=0.00 sys=0.00, real=0.00 secs] 
Heap after GC invocations=41 (full 2):
 par new generation   total 109248K, used 10796K [0x00000000e0000000, 0x00000000e8000000, 0x00000000e8000000)
  eden space 87424K,   0% used [0x00000000e0000000, 0x00000000e0000000, 0x00000000e5560000)
  from space 21824K,  49% used [0x00000000e6ab0000, 0x00000000e753b280, 0x00000000e8000000)
  to   space 21824K,   0% used [0x00000000e5560000, 0x00000000e5560000, 0x00000000e6ab0000)
 concurrent mark-sweep generation total 393216K, used 38397K [0x00000000e8000000, 0x0000000100000000, 0x0000000100000000)
 Metaspace       used 46783K, capacity 48348K, committed 48528K, reserved 1091584K
  class space    used 5623K, capacity 5971K, committed 6032K, reserved 1048576K
}
2019-04-08T16:33:14.239+0800: 10001.342: Total time for which application threads were stopped: 0.0045997 seconds, Stopping threads took: 0.0000703 seconds
2019-04-08T16:33:15.223+0800: 10002.327: Total time for which application threads were stopped: 0.0002299 seconds, Stopping threads took: 0.0000585 seconds
2019-04-08T16:33:15.535+0800: 10002.641: Total time for which application threads were stopped: 0.0001991 seconds, Stopping threads took: 0.0000727 seconds
2019-04-08T16:33:15.535+0800: 10002.642: Total time for which application threads were stopped: 0.0001367 seconds, Stopping threads took: 0.0000494 seconds
2019-04-08T16:33:15.535+0800: 10002.642: Total time for which application threads were stopped: 0.0001189 seconds, Stopping threads took: 0.0000363 seconds
2019-04-08T16:33:15.535+0800: 10002.642: Total time for which application threads were stopped: 0.0001221 seconds, Stopping threads took: 0.0000442 seconds
2019-04-08T16:33:15.535+0800: 10002.643: Total time for which application threads were stopped: 0.0001177 seconds, Stopping threads took: 0.0000502 seconds
2019-04-08T16:33:15.535+0800: 10002.643: Total time for which application threads were stopped: 0.0001134 seconds, Stopping threads took: 0.0000490 seconds
2019-04-08T16:33:15.535+0800: 10002.644: Total time for which application threads were stopped: 0.0001059 seconds, Stopping threads took: 0.0000375 seconds
2019-04-08T16:33:15.535+0800: 10002.644: Total time for which application threads were stopped: 0.0000960 seconds, Stopping threads took: 0.0000316 seconds
2019-04-08T16:33:15.535+0800: 10002.645: Total time for which application threads were stopped: 0.0001027 seconds, Stopping threads took: 0.0000379 seconds
2019-04-08T16:33:15.535+0800: 10002.645: Total time for which application threads were stopped: 0.0000802 seconds, Stopping threads took: 0.0000403 seconds
2019-04-08T16:33:16.597+0800: 10003.698: Total time for which application threads were stopped: 0.0001288 seconds, Stopping threads took: 0.0000458 seconds
2019-04-08T16:33:16.754+0800: 10003.857: Total time for which application threads were stopped: 0.0001395 seconds, Stopping threads took: 0.0000529 seconds
2019-04-08T16:33:29.521+0800: 10016.621: Total time for which application threads were stopped: 0.0002007 seconds, Stopping threads took: 0.0000739 seconds
2019-04-08T16:33:29.521+0800: 10016.622: Total time for which application threads were stopped: 0.0001801 seconds, Stopping threads took: 0.0000518 seconds
2019-04-08T16:33:30.528+0800: 10017.624: Total time for which application threads were stopped: 0.0005033 seconds, Stopping threads took: 0.0003524 seconds
2019-04-08T16:33:31.601+0800: 10018.697: Total time for which application threads were stopped: 0.0001327 seconds, Stopping threads took: 0.0000363 seconds
2019-04-08T16:33:56.760+0800: 10043.855: Total time for which application threads were stopped: 0.0001470 seconds, Stopping threads took: 0.0000367 seconds
2019-04-08T16:33:57.760+0800: 10044.856: Total time for which application threads were stopped: 0.0001134 seconds, Stopping threads took: 0.0000340 seconds
2019-04-08T16:34:00.790+0800: 10047.886: Total time for which application threads were stopped: 0.0002410 seconds, Stopping threads took: 0.0000917 seconds
2019-04-08T16:34:01.690+0800: 10048.786: Total time for which application threads were stopped: 0.0005053 seconds, Stopping threads took: 0.0004018 seconds
2019-04-08T16:34:01.690+0800: 10048.787: Total time for which application threads were stopped: 0.0001549 seconds, Stopping threads took: 0.0000265 seconds
2019-04-08T16:34:01.691+0800: 10048.787: Total time for which application threads were stopped: 0.0002327 seconds, Stopping threads took: 0.0000514 seconds
2019-04-08T16:34:01.692+0800: 10048.788: Total time for which application threads were stopped: 0.0001434 seconds, Stopping threads took: 0.0000581 seconds
2019-04-08T16:34:07.553+0800: 10054.650: Total time for which application threads were stopped: 0.0002224 seconds, Stopping threads took: 0.0000628 seconds
2019-04-08T16:34:07.577+0800: 10054.673: Total time for which application threads were stopped: 0.0018106 seconds, Stopping threads took: 0.0016640 seconds
2019-04-08T16:34:07.577+0800: 10054.673: Total time for which application threads were stopped: 0.0001794 seconds, Stopping threads took: 0.0000672 seconds
{Heap before GC invocations=41 (full 2):
 par new generation   total 109248K, used 98220K [0x00000000e0000000, 0x00000000e8000000, 0x00000000e8000000)
  eden space 87424K, 100% used [0x00000000e0000000, 0x00000000e5560000, 0x00000000e5560000)
  from space 21824K,  49% used [0x00000000e6ab0000, 0x00000000e753b280, 0x00000000e8000000)
  to   space 21824K,   0% used [0x00000000e5560000, 0x00000000e5560000, 0x00000000e6ab0000)
 concurrent mark-sweep generation total 393216K, used 38397K [0x00000000e8000000, 0x0000000100000000, 0x0000000100000000)
 Metaspace       used 46810K, capacity 48352K, committed 48528K, reserved 1091584K
  class space    used 5623K, capacity 5971K, committed 6032K, reserved 1048576K
2019-04-08T16:34:07.817+0800: 10054.912: [GC (Allocation Failure) 2019-04-08T16:34:07.817+0800: 10054.912: [ParNew
Desired survivor size 20112992 bytes, new threshold 8 (max 8)
- age   1:    2456816 bytes,    2456816 total
- age   2:     548568 bytes,    3005384 total
- age   3:       6272 bytes,    3011656 total
- age   4:      16576 bytes,    3028232 total
- age   5:        256 bytes,    3028488 total
- age   6:         24 bytes,    3028512 total
- age   7:        288 bytes,    3028800 total
- age   8:        880 bytes,    3029680 total
: 98220K->3380K(109248K), 0.0033711 secs] 136617K->41777K(502464K), 0.0034773 secs] [Times: user=0.06 sys=0.00, real=0.00 secs] 
Heap after GC invocations=42 (full 2):
 par new generation   total 109248K, used 3380K [0x00000000e0000000, 0x00000000e8000000, 0x00000000e8000000)
  eden space 87424K,   0% used [0x00000000e0000000, 0x00000000e0000000, 0x00000000e5560000)
  from space 21824K,  15% used [0x00000000e5560000, 0x00000000e58ad060, 0x00000000e6ab0000)
  to   space 21824K,   0% used [0x00000000e6ab0000, 0x00000000e6ab0000, 0x00000000e8000000)
 concurrent mark-sweep generation total 393216K, used 38397K [0x00000000e8000000, 0x0000000100000000, 0x0000000100000000)
 Metaspace       used 46810K, capacity 48352K, committed 48528K, reserved 1091584K
  class space    used 5623K, capacity 5971K, committed 6032K, reserved 1048576K
}
2019-04-08T16:34:07.821+0800: 10054.916: Total time for which application threads were stopped: 0.0044002 seconds, Stopping threads took: 0.0006139 seconds
{Heap before GC invocations=42 (full 2):
 par new generation   total 109248K, used 90804K [0x00000000e0000000, 0x00000000e8000000, 0x00000000e8000000)
  eden space 87424K, 100% used [0x00000000e0000000, 0x00000000e5560000, 0x00000000e5560000)
  from space 21824K,  15% used [0x00000000e5560000, 0x00000000e58ad060, 0x00000000e6ab0000)
  to   space 21824K,   0% used [0x00000000e6ab0000, 0x00000000e6ab0000, 0x00000000e8000000)
 concurrent mark-sweep generation total 393216K, used 38397K [0x00000000e8000000, 0x0000000100000000, 0x0000000100000000)
 Metaspace       used 46810K, capacity 48352K, committed 48528K, reserved 1091584K
  class space    used 5623K, capacity 5971K, committed 6032K, reserved 1048576K
2019-04-08T16:34:08.236+0800: 10055.333: [GC (Allocation Failure) 2019-04-08T16:34:08.236+0800: 10055.333: [ParNew
Desired survivor size 20112992 bytes, new threshold 8 (max 8)
- age   1:    3205048 bytes,    3205048 total
- age   2:    1956808 bytes,    5161856 total
- age   3:     547512 bytes,    5709368 total
- age   4:       6272 bytes,    5715640 total
- age   5:      16576 bytes,    5732216 total
- age   6:        256 bytes,    5732472 total
- age   7:         24 bytes,    5732496 total
- age   8:        288 bytes,    5732784 total
: 90804K->6721K(109248K), 0.0043654 secs] 129201K->45119K(502464K), 0.0044342 secs] [Times: user=0.00 sys=0.00, real=0.00 secs] 
Heap after GC invocations=43 (full 2):
 par new generation   total 109248K, used 6721K [0x00000000e0000000, 0x00000000e8000000, 0x00000000e8000000)
  eden space 87424K,   0% used [0x00000000e0000000, 0x00000000e0000000, 0x00000000e5560000)
  from space 21824K,  30% used [0x00000000e6ab0000, 0x00000000e71405f0, 0x00000000e8000000)
  to   space 21824K,   0% used [0x00000000e5560000, 0x00000000e5560000, 0x00000000e6ab0000)
 concurrent mark-sweep generation total 393216K, used 38398K [0x00000000e8000000, 0x0000000100000000, 0x0000000100000000)
 Metaspace       used 46810K, capacity 48352K, committed 48528K, reserved 1091584K
  class space    used 5623K, capacity 5971K, committed 6032K, reserved 1048576K
}
2019-04-08T16:34:08.241+0800: 10055.337: Total time for which application threads were stopped: 0.0047475 seconds, Stopping threads took: 0.0000917 seconds
{Heap before GC invocations=43 (full 2):
 par new generation   total 109248K, used 94145K [0x00000000e0000000, 0x00000000e8000000, 0x00000000e8000000)
  eden space 87424K, 100% used [0x00000000e0000000, 0x00000000e5560000, 0x00000000e5560000)
  from space 21824K,  30% used [0x00000000e6ab0000, 0x00000000e71405f0, 0x00000000e8000000)
  to   space 21824K,   0% used [0x00000000e5560000, 0x00000000e5560000, 0x00000000e6ab0000)
 concurrent mark-sweep generation total 393216K, used 38398K [0x00000000e8000000, 0x0000000100000000, 0x0000000100000000)
 Metaspace       used 46824K, capacity 48352K, committed 48528K, reserved 1091584K
  class space    used 5623K, capacity 5971K, committed 6032K, reserved 1048576K
2019-04-08T16:34:08.620+0800: 10055.717: [GC (Allocation Failure) 2019-04-08T16:34:08.621+0800: 10055.717: [ParNew
Desired survivor size 20112992 bytes, new threshold 8 (max 8)
- age   1:    4898032 bytes,    4898032 total
- age   2:    1890720 bytes,    6788752 total
- age   3:    1439256 bytes,    8228008 total
- age   4:     547512 bytes,    8775520 total
- age   5:       6272 bytes,    8781792 total
- age   6:      16576 bytes,    8798368 total
- age   7:        256 bytes,    8798624 total
: 94145K->12172K(109248K), 0.0053934 secs] 132543K->50571K(502464K), 0.0054846 secs] [Times: user=0.00 sys=0.00, real=0.01 secs] 
Heap after GC invocations=44 (full 2):
 par new generation   total 109248K, used 12172K [0x00000000e0000000, 0x00000000e8000000, 0x00000000e8000000)
  eden space 87424K,   0% used [0x00000000e0000000, 0x00000000e0000000, 0x00000000e5560000)
  from space 21824K,  55% used [0x00000000e5560000, 0x00000000e61432a0, 0x00000000e6ab0000)
  to   space 21824K,   0% used [0x00000000e6ab0000, 0x00000000e6ab0000, 0x00000000e8000000)
 concurrent mark-sweep generation total 393216K, used 38398K [0x00000000e8000000, 0x0000000100000000, 0x0000000100000000)
 Metaspace       used 46824K, capacity 48352K, committed 48528K, reserved 1091584K
  class space    used 5623K, capacity 5971K, committed 6032K, reserved 1048576K
}
2019-04-08T16:34:08.626+0800: 10055.722: Total time for which application threads were stopped: 0.0058754 seconds, Stopping threads took: 0.0000672 seconds
2019-04-08T16:34:08.902+0800: 10055.998: Total time for which application threads were stopped: 0.0002536 seconds, Stopping threads took: 0.0000743 seconds
2019-04-08T16:34:08.902+0800: 10055.998: Total time for which application threads were stopped: 0.0001608 seconds, Stopping threads took: 0.0000581 seconds
{Heap before GC invocations=44 (full 2):
 par new generation   total 109248K, used 99596K [0x00000000e0000000, 0x00000000e8000000, 0x00000000e8000000)
  eden space 87424K, 100% used [0x00000000e0000000, 0x00000000e5560000, 0x00000000e5560000)
  from space 21824K,  55% used [0x00000000e5560000, 0x00000000e61432a0, 0x00000000e6ab0000)
  to   space 21824K,   0% used [0x00000000e6ab0000, 0x00000000e6ab0000, 0x00000000e8000000)
 concurrent mark-sweep generation total 393216K, used 38398K [0x00000000e8000000, 0x0000000100000000, 0x0000000100000000)
 Metaspace       used 46828K, capacity 48352K, committed 48528K, reserved 1091584K
  class space    used 5623K, capacity 5971K, committed 6032K, reserved 1048576K
2019-04-08T16:34:08.956+0800: 10056.051: [GC (Allocation Failure) 2019-04-08T16:34:08.956+0800: 10056.051: [ParNew
Desired survivor size 20112992 bytes, new threshold 8 (max 8)
- age   1:    3047000 bytes,    3047000 total
- age   2:    1455152 bytes,    4502152 total
- age   3:     592800 bytes,    5094952 total
- age   4:     672336 bytes,    5767288 total
- age   5:     547512 bytes,    6314800 total
- age   6:       6272 bytes,    6321072 total
- age   7:      16576 bytes,    6337648 total
- age   8:        256 bytes,    6337904 total
: 99596K->7768K(109248K), 0.0038167 secs] 137995K->46167K(502464K), 0.0039111 secs] [Times: user=0.00 sys=0.00, real=0.00 secs] 
Heap after GC invocations=45 (full 2):
 par new generation   total 109248K, used 7768K [0x00000000e0000000, 0x00000000e8000000, 0x00000000e8000000)
  eden space 87424K,   0% used [0x00000000e0000000, 0x00000000e0000000, 0x00000000e5560000)
  from space 21824K,  35% used [0x00000000e6ab0000, 0x00000000e72463d8, 0x00000000e8000000)
  to   space 21824K,   0% used [0x00000000e5560000, 0x00000000e5560000, 0x00000000e6ab0000)
 concurrent mark-sweep generation total 393216K, used 38398K [0x00000000e8000000, 0x0000000100000000, 0x0000000100000000)
 Metaspace       used 46828K, capacity 48352K, committed 48528K, reserved 1091584K
  class space    used 5623K, capacity 5971K, committed 6032K, reserved 1048576K
}
2019-04-08T16:34:08.960+0800: 10056.055: Total time for which application threads were stopped: 0.0042639 seconds, Stopping threads took: 0.0000731 seconds
2019-04-08T16:34:09.158+0800: 10056.255: Total time for which application threads were stopped: 0.0004200 seconds, Stopping threads took: 0.0002125 seconds
{Heap before GC invocations=45 (full 2):
 par new generation   total 109248K, used 95192K [0x00000000e0000000, 0x00000000e8000000, 0x00000000e8000000)
  eden space 87424K, 100% used [0x00000000e0000000, 0x00000000e5560000, 0x00000000e5560000)
  from space 21824K,  35% used [0x00000000e6ab0000, 0x00000000e72463d8, 0x00000000e8000000)
  to   space 21824K,   0% used [0x00000000e5560000, 0x00000000e5560000, 0x00000000e6ab0000)
 concurrent mark-sweep generation total 393216K, used 38398K [0x00000000e8000000, 0x0000000100000000, 0x0000000100000000)
 Metaspace       used 46830K, capacity 48352K, committed 48528K, reserved 1091584K
  class space    used 5623K, capacity 5971K, committed 6032K, reserved 1048576K
2019-04-08T16:34:09.415+0800: 10056.513: [GC (Allocation Failure) 2019-04-08T16:34:09.415+0800: 10056.513: [ParNew
Desired survivor size 20112992 bytes, new threshold 8 (max 8)
- age   1:    5412880 bytes,    5412880 total
- age   2:    2285528 bytes,    7698408 total
- age   3:    1454472 bytes,    9152880 total
- age   4:     592800 bytes,    9745680 total
- age   5:     540304 bytes,   10285984 total
- age   6:     547512 bytes,   10833496 total
- age   7:       6272 bytes,   10839768 total
- age   8:      16576 bytes,   10856344 total
: 95192K->12725K(109248K), 0.0050501 secs] 133591K->51124K(502464K), 0.0051354 secs] [Times: user=0.00 sys=0.00, real=0.00 secs] 
Heap after GC invocations=46 (full 2):
 par new generation   total 109248K, used 12725K [0x00000000e0000000, 0x00000000e8000000, 0x00000000e8000000)
  eden space 87424K,   0% used [0x00000000e0000000, 0x00000000e0000000, 0x00000000e5560000)
  from space 21824K,  58% used [0x00000000e5560000, 0x00000000e61cd6e0, 0x00000000e6ab0000)
  to   space 21824K,   0% used [0x00000000e6ab0000, 0x00000000e6ab0000, 0x00000000e8000000)
 concurrent mark-sweep generation total 393216K, used 38398K [0x00000000e8000000, 0x0000000100000000, 0x0000000100000000)
 Metaspace       used 46830K, capacity 48352K, committed 48528K, reserved 1091584K
  class space    used 5623K, capacity 5971K, committed 6032K, reserved 1048576K
}
2019-04-08T16:34:09.415+0800: 10056.518: Total time for which application threads were stopped: 0.0061598 seconds, Stopping threads took: 0.0006625 seconds
2019-04-08T16:34:09.762+0800: 10056.859: Total time for which application threads were stopped: 0.0001636 seconds, Stopping threads took: 0.0000537 seconds
2019-04-08T16:34:10.566+0800: 10057.668: Total time for which application threads were stopped: 0.0001790 seconds, Stopping threads took: 0.0000680 seconds
2019-04-08T16:34:10.566+0800: 10057.668: Total time for which application threads were stopped: 0.0001217 seconds, Stopping threads took: 0.0000458 seconds
2019-04-08T16:34:10.566+0800: 10057.669: Total time for which application threads were stopped: 0.0001118 seconds, Stopping threads took: 0.0000490 seconds
2019-04-08T16:34:10.657+0800: 10057.753: Total time for which application threads were stopped: 0.0001568 seconds, Stopping threads took: 0.0000514 seconds
2019-04-08T16:34:10.657+0800: 10057.753: Total time for which application threads were stopped: 0.0001233 seconds, Stopping threads took: 0.0000371 seconds
2019-04-08T16:34:10.657+0800: 10057.753: Total time for which application threads were stopped: 0.0001102 seconds, Stopping threads took: 0.0000407 seconds
2019-04-08T16:34:10.657+0800: 10057.753: Total time for which application threads were stopped: 0.0000932 seconds, Stopping threads took: 0.0000336 seconds
2019-04-08T16:34:10.657+0800: 10057.753: Total time for which application threads were stopped: 0.0001154 seconds, Stopping threads took: 0.0000395 seconds
2019-04-08T16:34:10.658+0800: 10057.754: Total time for which application threads were stopped: 0.0001466 seconds, Stopping threads took: 0.0000482 seconds
2019-04-08T16:34:10.659+0800: 10057.755: Total time for which application threads were stopped: 0.0003315 seconds, Stopping threads took: 0.0000352 seconds
2019-04-08T16:34:11.788+0800: 10058.884: Total time for which application threads were stopped: 0.0001983 seconds, Stopping threads took: 0.0000731 seconds
2019-04-08T16:34:11.789+0800: 10058.885: Total time for which application threads were stopped: 0.0001414 seconds, Stopping threads took: 0.0000502 seconds
2019-04-08T16:34:15.686+0800: 10062.785: Total time for which application threads were stopped: 0.0001035 seconds, Stopping threads took: 0.0000273 seconds
2019-04-08T16:34:16.030+0800: 10063.127: Total time for which application threads were stopped: 0.0002276 seconds, Stopping threads took: 0.0001240 seconds
2019-04-08T16:34:16.030+0800: 10063.131: Total time for which application threads were stopped: 0.0001027 seconds, Stopping threads took: 0.0000241 seconds
2019-04-08T16:34:16.030+0800: 10063.131: Total time for which application threads were stopped: 0.0000707 seconds, Stopping threads took: 0.0000284 seconds
2019-04-08T16:34:16.030+0800: 10063.135: Total time for which application threads were stopped: 0.0000881 seconds, Stopping threads took: 0.0000233 seconds
2019-04-08T16:34:16.030+0800: 10063.136: Total time for which application threads were stopped: 0.0000707 seconds, Stopping threads took: 0.0000284 seconds
2019-04-08T16:34:16.030+0800: 10063.139: Total time for which application threads were stopped: 0.0001485 seconds, Stopping threads took: 0.0000450 seconds
2019-04-08T16:34:16.030+0800: 10063.140: Total time for which application threads were stopped: 0.0002070 seconds, Stopping threads took: 0.0000711 seconds
2019-04-08T16:34:16.046+0800: 10063.145: Total time for which application threads were stopped: 0.0001122 seconds, Stopping threads took: 0.0000435 seconds
2019-04-08T16:34:16.046+0800: 10063.145: Total time for which application threads were stopped: 0.0000731 seconds, Stopping threads took: 0.0000296 seconds
2019-04-08T16:34:16.046+0800: 10063.149: Total time for which application threads were stopped: 0.0001090 seconds, Stopping threads took: 0.0000237 seconds
2019-04-08T16:34:16.046+0800: 10063.149: Total time for which application threads were stopped: 0.0000703 seconds, Stopping threads took: 0.0000126 seconds
2019-04-08T16:34:16.046+0800: 10063.153: Total time for which application threads were stopped: 0.0001027 seconds, Stopping threads took: 0.0000233 seconds
2019-04-08T16:34:16.046+0800: 10063.154: Total time for which application threads were stopped: 0.0000774 seconds, Stopping threads took: 0.0000304 seconds
2019-04-08T16:34:16.061+0800: 10063.160: Total time for which application threads were stopped: 0.0001272 seconds, Stopping threads took: 0.0000316 seconds
2019-04-08T16:34:16.061+0800: 10063.160: Total time for which application threads were stopped: 0.0000893 seconds, Stopping threads took: 0.0000201 seconds
2019-04-08T16:34:16.061+0800: 10063.160: Total time for which application threads were stopped: 0.0000889 seconds, Stopping threads took: 0.0000174 seconds
2019-04-08T16:34:16.061+0800: 10063.164: Total time for which application threads were stopped: 0.0001252 seconds, Stopping threads took: 0.0000379 seconds
2019-04-08T16:34:16.061+0800: 10063.165: Total time for which application threads were stopped: 0.0000798 seconds, Stopping threads took: 0.0000190 seconds
2019-04-08T16:34:16.061+0800: 10063.165: Total time for which application threads were stopped: 0.0000636 seconds, Stopping threads took: 0.0000280 seconds
2019-04-08T16:34:16.061+0800: 10063.169: Total time for which application threads were stopped: 0.0002588 seconds, Stopping threads took: 0.0000435 seconds
2019-04-08T16:34:16.061+0800: 10063.169: Total time for which application threads were stopped: 0.0000751 seconds, Stopping threads took: 0.0000304 seconds
2019-04-08T16:34:16.061+0800: 10063.169: Total time for which application threads were stopped: 0.0000664 seconds, Stopping threads took: 0.0000304 seconds
2019-04-08T16:34:16.077+0800: 10063.173: Total time for which application threads were stopped: 0.0001217 seconds, Stopping threads took: 0.0000403 seconds
2019-04-08T16:34:41.306+0800: 10088.401: Total time for which application threads were stopped: 0.0002465 seconds, Stopping threads took: 0.0001367 seconds
2019-04-08T16:36:11.128+0800: 10178.223: Total time for which application threads were stopped: 0.0001612 seconds, Stopping threads took: 0.0000482 seconds
2019-04-08T16:36:16.198+0800: 10183.293: Total time for which application threads were stopped: 0.0002414 seconds, Stopping threads took: 0.0000442 seconds
2019-04-08T16:36:46.527+0800: 10213.623: Total time for which application threads were stopped: 0.0001209 seconds, Stopping threads took: 0.0000344 seconds
{Heap before GC invocations=46 (full 2):
 par new generation   total 109248K, used 100149K [0x00000000e0000000, 0x00000000e8000000, 0x00000000e8000000)
  eden space 87424K, 100% used [0x00000000e0000000, 0x00000000e5560000, 0x00000000e5560000)
  from space 21824K,  58% used [0x00000000e5560000, 0x00000000e61cd6e0, 0x00000000e6ab0000)
  to   space 21824K,   0% used [0x00000000e6ab0000, 0x00000000e6ab0000, 0x00000000e8000000)
 concurrent mark-sweep generation total 393216K, used 38398K [0x00000000e8000000, 0x0000000100000000, 0x0000000100000000)
 Metaspace       used 46866K, capacity 48416K, committed 48528K, reserved 1091584K
  class space    used 5624K, capacity 5971K, committed 6032K, reserved 1048576K
2019-04-08T16:37:20.297+0800: 10247.394: [GC (Allocation Failure) 2019-04-08T16:37:20.297+0800: 10247.394: [ParNew
Desired survivor size 20112992 bytes, new threshold 8 (max 8)
- age   1:     975032 bytes,     975032 total
- age   2:    1805880 bytes,    2780912 total
- age   3:    1251552 bytes,    4032464 total
- age   4:      55904 bytes,    4088368 total
- age   6:      88040 bytes,    4176408 total
- age   7:       6184 bytes,    4182592 total
- age   8:       2784 bytes,    4185376 total
: 100149K->11702K(109248K), 0.0037345 secs] 138548K->50117K(502464K), 0.0038167 secs] [Times: user=0.00 sys=0.00, real=0.00 secs] 
Heap after GC invocations=47 (full 2):
 par new generation   total 109248K, used 11702K [0x00000000e0000000, 0x00000000e8000000, 0x00000000e8000000)
  eden space 87424K,   0% used [0x00000000e0000000, 0x00000000e0000000, 0x00000000e5560000)
  from space 21824K,  53% used [0x00000000e6ab0000, 0x00000000e761d960, 0x00000000e8000000)
  to   space 21824K,   0% used [0x00000000e5560000, 0x00000000e5560000, 0x00000000e6ab0000)
 concurrent mark-sweep generation total 393216K, used 38414K [0x00000000e8000000, 0x0000000100000000, 0x0000000100000000)
 Metaspace       used 46866K, capacity 48416K, committed 48528K, reserved 1091584K
  class space    used 5624K, capacity 5971K, committed 6032K, reserved 1048576K
}
2019-04-08T16:37:20.300+0800: 10247.398: Total time for which application threads were stopped: 0.0041023 seconds, Stopping threads took: 0.0000545 seconds
2019-04-08T16:37:21.430+0800: 10248.532: Total time for which application threads were stopped: 0.0001363 seconds, Stopping threads took: 0.0000474 seconds
2019-04-08T16:37:22.630+0800: 10249.732: Total time for which application threads were stopped: 0.0001944 seconds, Stopping threads took: 0.0000802 seconds
2019-04-08T16:37:23.869+0800: 10250.965: Total time for which application threads were stopped: 0.0002643 seconds, Stopping threads took: 0.0001387 seconds
2019-04-08T16:37:24.878+0800: 10251.973: Total time for which application threads were stopped: 0.0003342 seconds, Stopping threads took: 0.0002398 seconds
2019-04-08T16:37:25.100+0800: 10252.198: Total time for which application threads were stopped: 0.0001402 seconds, Stopping threads took: 0.0000446 seconds
2019-04-08T16:37:26.261+0800: 10253.359: Total time for which application threads were stopped: 0.0001683 seconds, Stopping threads took: 0.0000664 seconds
2019-04-08T16:37:27.268+0800: 10254.363: Total time for which application threads were stopped: 0.0003255 seconds, Stopping threads took: 0.0002386 seconds
2019-04-08T16:37:27.430+0800: 10254.528: Total time for which application threads were stopped: 0.0001517 seconds, Stopping threads took: 0.0000604 seconds
2019-04-08T16:37:28.433+0800: 10255.528: Total time for which application threads were stopped: 0.0001746 seconds, Stopping threads took: 0.0000668 seconds
2019-04-08T16:37:28.621+0800: 10255.718: Total time for which application threads were stopped: 0.0001391 seconds, Stopping threads took: 0.0000435 seconds
2019-04-08T16:37:28.760+0800: 10255.862: Total time for which application threads were stopped: 0.0001399 seconds, Stopping threads took: 0.0000431 seconds
2019-04-08T16:37:28.767+0800: 10255.864: Total time for which application threads were stopped: 0.0001600 seconds, Stopping threads took: 0.0000600 seconds
{Heap before GC invocations=47 (full 2):
 par new generation   total 109248K, used 99126K [0x00000000e0000000, 0x00000000e8000000, 0x00000000e8000000)
  eden space 87424K, 100% used [0x00000000e0000000, 0x00000000e5560000, 0x00000000e5560000)
  from space 21824K,  53% used [0x00000000e6ab0000, 0x00000000e761d960, 0x00000000e8000000)
  to   space 21824K,   0% used [0x00000000e5560000, 0x00000000e5560000, 0x00000000e6ab0000)
 concurrent mark-sweep generation total 393216K, used 38414K [0x00000000e8000000, 0x0000000100000000, 0x0000000100000000)
 Metaspace       used 46913K, capacity 48480K, committed 48784K, reserved 1091584K
  class space    used 5624K, capacity 5971K, committed 6032K, reserved 1048576K
2019-04-08T16:37:28.811+0800: 10255.910: [GC (Allocation Failure) 2019-04-08T16:37:28.811+0800: 10255.910: [ParNew
Desired survivor size 20112992 bytes, new threshold 8 (max 8)
- age   1:    2140096 bytes,    2140096 total
- age   2:     595384 bytes,    2735480 total
- age   3:    1805880 bytes,    4541360 total
- age   4:    1250528 bytes,    5791888 total
- age   5:      55704 bytes,    5847592 total
- age   7:      86904 bytes,    5934496 total
- age   8:       6184 bytes,    5940680 total
: 99126K->8122K(109248K), 0.0039692 secs] 137541K->46539K(502464K), 0.0040577 secs] [Times: user=0.00 sys=0.00, real=0.01 secs] 
Heap after GC invocations=48 (full 2):
 par new generation   total 109248K, used 8122K [0x00000000e0000000, 0x00000000e8000000, 0x00000000e8000000)
  eden space 87424K,   0% used [0x00000000e0000000, 0x00000000e0000000, 0x00000000e5560000)
  from space 21824K,  37% used [0x00000000e5560000, 0x00000000e5d4e8d8, 0x00000000e6ab0000)
  to   space 21824K,   0% used [0x00000000e6ab0000, 0x00000000e6ab0000, 0x00000000e8000000)
 concurrent mark-sweep generation total 393216K, used 38417K [0x00000000e8000000, 0x0000000100000000, 0x0000000100000000)
 Metaspace       used 46913K, capacity 48480K, committed 48784K, reserved 1091584K
  class space    used 5624K, capacity 5971K, committed 6032K, reserved 1048576K
}
2019-04-08T16:37:28.817+0800: 10255.914: Total time for which application threads were stopped: 0.0044026 seconds, Stopping threads took: 0.0000454 seconds
2019-04-08T16:37:29.784+0800: 10256.880: Total time for which application threads were stopped: 0.0001770 seconds, Stopping threads took: 0.0000529 seconds
2019-04-08T16:37:30.082+0800: 10257.178: Total time for which application threads were stopped: 0.0001655 seconds, Stopping threads took: 0.0000557 seconds
2019-04-08T16:37:30.083+0800: 10257.179: Total time for which application threads were stopped: 0.0001564 seconds, Stopping threads took: 0.0000435 seconds
2019-04-08T16:37:30.090+0800: 10257.185: Total time for which application threads were stopped: 0.0001505 seconds, Stopping threads took: 0.0000553 seconds
2019-04-08T16:37:30.090+0800: 10257.186: Total time for which application threads were stopped: 0.0001691 seconds, Stopping threads took: 0.0000423 seconds
2019-04-08T16:37:30.091+0800: 10257.186: Total time for which application threads were stopped: 0.0001229 seconds, Stopping threads took: 0.0000344 seconds
2019-04-08T16:37:30.091+0800: 10257.187: Total time for which application threads were stopped: 0.0001138 seconds, Stopping threads took: 0.0000336 seconds
2019-04-08T16:37:30.091+0800: 10257.187: Total time for which application threads were stopped: 0.0001904 seconds, Stopping threads took: 0.0000482 seconds
2019-04-08T16:37:30.093+0800: 10257.189: Total time for which application threads were stopped: 0.0001853 seconds, Stopping threads took: 0.0000549 seconds
2019-04-08T16:37:30.093+0800: 10257.189: Total time for which application threads were stopped: 0.0001110 seconds, Stopping threads took: 0.0000363 seconds
2019-04-08T16:37:31.098+0800: 10258.193: Total time for which application threads were stopped: 0.0001798 seconds, Stopping threads took: 0.0001051 seconds
2019-04-08T16:37:31.157+0800: 10258.255: Total time for which application threads were stopped: 0.0004460 seconds, Stopping threads took: 0.0000774 seconds
2019-04-08T16:37:31.157+0800: 10258.259: Total time for which application threads were stopped: 0.0001956 seconds, Stopping threads took: 0.0000585 seconds
2019-04-08T16:37:31.387+0800: 10258.484: Total time for which application threads were stopped: 0.0002323 seconds, Stopping threads took: 0.0001102 seconds
2019-04-08T16:37:32.408+0800: 10259.510: Total time for which application threads were stopped: 0.0001687 seconds, Stopping threads took: 0.0000660 seconds
2019-04-08T16:37:32.531+0800: 10259.632: Total time for which application threads were stopped: 0.0001584 seconds, Stopping threads took: 0.0000624 seconds
2019-04-08T16:37:32.531+0800: 10259.632: Total time for which application threads were stopped: 0.0001320 seconds, Stopping threads took: 0.0000597 seconds
2019-04-08T16:37:32.531+0800: 10259.636: Total time for which application threads were stopped: 0.0001513 seconds, Stopping threads took: 0.0000470 seconds
2019-04-08T16:37:33.548+0800: 10260.644: Total time for which application threads were stopped: 0.0002675 seconds, Stopping threads took: 0.0001205 seconds
2019-04-08T16:37:33.548+0800: 10260.649: Total time for which application threads were stopped: 0.0001481 seconds, Stopping threads took: 0.0000427 seconds
2019-04-08T16:37:33.680+0800: 10260.786: Total time for which application threads were stopped: 0.0004227 seconds, Stopping threads took: 0.0001564 seconds
2019-04-08T16:37:33.680+0800: 10260.787: Total time for which application threads were stopped: 0.0003240 seconds, Stopping threads took: 0.0002315 seconds
2019-04-08T16:37:35.654+0800: 10262.755: Total time for which application threads were stopped: 0.0001454 seconds, Stopping threads took: 0.0000565 seconds
2019-04-08T16:37:35.801+0800: 10262.903: Total time for which application threads were stopped: 0.0001647 seconds, Stopping threads took: 0.0000711 seconds
2019-04-08T16:37:35.801+0800: 10262.903: Total time for which application threads were stopped: 0.0001308 seconds, Stopping threads took: 0.0000561 seconds
2019-04-08T16:37:35.801+0800: 10262.907: Total time for which application threads were stopped: 0.0001351 seconds, Stopping threads took: 0.0000411 seconds
2019-04-08T16:37:36.820+0800: 10263.920: Total time for which application threads were stopped: 0.0001553 seconds, Stopping threads took: 0.0000731 seconds
2019-04-08T16:37:36.976+0800: 10264.079: Total time for which application threads were stopped: 0.0001545 seconds, Stopping threads took: 0.0000723 seconds
2019-04-08T16:37:38.007+0800: 10265.109: Total time for which application threads were stopped: 0.0002750 seconds, Stopping threads took: 0.0000494 seconds
2019-04-08T16:37:38.148+0800: 10265.254: Total time for which application threads were stopped: 0.0001956 seconds, Stopping threads took: 0.0000636 seconds
2019-04-08T16:37:38.148+0800: 10265.254: Total time for which application threads were stopped: 0.0001244 seconds, Stopping threads took: 0.0000439 seconds
{Heap before GC invocations=48 (full 2):
 par new generation   total 109248K, used 95546K [0x00000000e0000000, 0x00000000e8000000, 0x00000000e8000000)
  eden space 87424K, 100% used [0x00000000e0000000, 0x00000000e5560000, 0x00000000e5560000)
  from space 21824K,  37% used [0x00000000e5560000, 0x00000000e5d4e8d8, 0x00000000e6ab0000)
  to   space 21824K,   0% used [0x00000000e6ab0000, 0x00000000e6ab0000, 0x00000000e8000000)
 concurrent mark-sweep generation total 393216K, used 38417K [0x00000000e8000000, 0x0000000100000000, 0x0000000100000000)
 Metaspace       used 46964K, capacity 48608K, committed 48784K, reserved 1091584K
  class space    used 5624K, capacity 5971K, committed 6032K, reserved 1048576K
2019-04-08T16:37:38.148+0800: 10265.256: [GC (Allocation Failure) 2019-04-08T16:37:38.148+0800: 10265.256: [ParNew
Desired survivor size 20112992 bytes, new threshold 8 (max 8)
- age   1:    2094328 bytes,    2094328 total
- age   2:    1364160 bytes,    3458488 total
- age   3:      83592 bytes,    3542080 total
- age   4:    1415880 bytes,    4957960 total
- age   5:     940608 bytes,    5898568 total
- age   6:        216 bytes,    5898784 total
- age   8:      18976 bytes,    5917760 total
: 95546K->7284K(109248K), 0.0037400 secs] 133963K->45708K(502464K), 0.0038301 secs] [Times: user=0.06 sys=0.00, real=0.02 secs] 
Heap after GC invocations=49 (full 2):
 par new generation   total 109248K, used 7284K [0x00000000e0000000, 0x00000000e8000000, 0x00000000e8000000)
  eden space 87424K,   0% used [0x00000000e0000000, 0x00000000e0000000, 0x00000000e5560000)
  from space 21824K,  33% used [0x00000000e6ab0000, 0x00000000e71cd310, 0x00000000e8000000)
  to   space 21824K,   0% used [0x00000000e5560000, 0x00000000e5560000, 0x00000000e6ab0000)
 concurrent mark-sweep generation total 393216K, used 38423K [0x00000000e8000000, 0x0000000100000000, 0x0000000100000000)
 Metaspace       used 46964K, capacity 48608K, committed 48784K, reserved 1091584K
  class space    used 5624K, capacity 5971K, committed 6032K, reserved 1048576K
}
2019-04-08T16:37:38.163+0800: 10265.260: Total time for which application threads were stopped: 0.0042054 seconds, Stopping threads took: 0.0000624 seconds
2019-04-08T16:37:38.163+0800: 10265.266: Total time for which application threads were stopped: 0.0001975 seconds, Stopping threads took: 0.0000541 seconds
2019-04-08T16:37:39.179+0800: 10266.274: Total time for which application threads were stopped: 0.0003058 seconds, Stopping threads took: 0.0001734 seconds
2019-04-08T16:37:39.194+0800: 10266.295: Total time for which application threads were stopped: 0.0001584 seconds, Stopping threads took: 0.0000632 seconds
2019-04-08T16:37:39.350+0800: 10266.450: Total time for which application threads were stopped: 0.0001383 seconds, Stopping threads took: 0.0000589 seconds
2019-04-08T16:37:40.378+0800: 10267.478: Total time for which application threads were stopped: 0.0001568 seconds, Stopping threads took: 0.0000660 seconds
2019-04-08T16:37:40.534+0800: 10267.642: Total time for which application threads were stopped: 0.0001276 seconds, Stopping threads took: 0.0000466 seconds
2019-04-08T16:37:40.534+0800: 10267.644: Total time for which application threads were stopped: 0.0002165 seconds, Stopping threads took: 0.0001090 seconds
2019-04-08T16:37:40.534+0800: 10267.645: Total time for which application threads were stopped: 0.0001533 seconds, Stopping threads took: 0.0000549 seconds
2019-04-08T16:37:40.549+0800: 10267.645: Total time for which application threads were stopped: 0.0001944 seconds, Stopping threads took: 0.0000928 seconds
2019-04-08T16:37:40.549+0800: 10267.655: Total time for which application threads were stopped: 0.0001679 seconds, Stopping threads took: 0.0000620 seconds
2019-04-08T16:37:41.565+0800: 10268.660: Total time for which application threads were stopped: 0.0001865 seconds, Stopping threads took: 0.0000782 seconds
2019-04-08T16:37:41.580+0800: 10268.682: Total time for which application threads were stopped: 0.0001584 seconds, Stopping threads took: 0.0000600 seconds
2019-04-08T16:37:41.815+0800: 10268.918: Total time for which application threads were stopped: 0.0001505 seconds, Stopping threads took: 0.0000600 seconds
2019-04-08T16:37:41.815+0800: 10268.922: Total time for which application threads were stopped: 0.0001719 seconds, Stopping threads took: 0.0000604 seconds
2019-04-08T16:37:41.815+0800: 10268.923: Total time for which application threads were stopped: 0.0001320 seconds, Stopping threads took: 0.0000466 seconds
2019-04-08T16:37:41.815+0800: 10268.923: Total time for which application threads were stopped: 0.0001233 seconds, Stopping threads took: 0.0000478 seconds
2019-04-08T16:37:41.815+0800: 10268.923: Total time for which application threads were stopped: 0.0001252 seconds, Stopping threads took: 0.0000403 seconds
2019-04-08T16:37:41.815+0800: 10268.924: Total time for which application threads were stopped: 0.0001399 seconds, Stopping threads took: 0.0000367 seconds
2019-04-08T16:37:41.815+0800: 10268.924: Total time for which application threads were stopped: 0.0001106 seconds, Stopping threads took: 0.0000506 seconds
2019-04-08T16:37:41.815+0800: 10268.925: Total time for which application threads were stopped: 0.0001560 seconds, Stopping threads took: 0.0000407 seconds
2019-04-08T16:37:41.815+0800: 10268.925: Total time for which application threads were stopped: 0.0002872 seconds, Stopping threads took: 0.0002252 seconds
2019-04-08T16:37:41.830+0800: 10268.926: Total time for which application threads were stopped: 0.0001402 seconds, Stopping threads took: 0.0000454 seconds
2019-04-08T16:37:41.830+0800: 10268.927: Total time for which application threads were stopped: 0.0001359 seconds, Stopping threads took: 0.0000454 seconds
2019-04-08T16:37:42.885+0800: 10269.987: Total time for which application threads were stopped: 0.0001896 seconds, Stopping threads took: 0.0000597 seconds
2019-04-08T16:37:43.030+0800: 10270.141: Total time for which application threads were stopped: 0.0001608 seconds, Stopping threads took: 0.0000593 seconds
2019-04-08T16:37:44.045+0800: 10271.140: Total time for which application threads were stopped: 0.0001430 seconds, Stopping threads took: 0.0000747 seconds
2019-04-08T16:37:55.250+0800: 10282.349: Total time for which application threads were stopped: 0.0018114 seconds, Stopping threads took: 0.0017110 seconds
2019-04-08T16:37:55.250+0800: 10282.350: Total time for which application threads were stopped: 0.0001529 seconds, Stopping threads took: 0.0000506 seconds
2019-04-08T16:37:57.888+0800: 10284.985: Total time for which application threads were stopped: 0.0001505 seconds, Stopping threads took: 0.0000308 seconds
2019-04-08T16:38:01.913+0800: 10289.009: Total time for which application threads were stopped: 0.0002145 seconds, Stopping threads took: 0.0000656 seconds
2019-04-08T16:40:34.699+0800: 10441.794: Total time for which application threads were stopped: 0.0001659 seconds, Stopping threads took: 0.0000371 seconds
2019-04-08T16:40:34.699+0800: 10441.795: Total time for which application threads were stopped: 0.0001580 seconds, Stopping threads took: 0.0000446 seconds
2019-04-08T16:40:34.699+0800: 10441.795: Total time for which application threads were stopped: 0.0001323 seconds, Stopping threads took: 0.0000348 seconds
2019-04-08T16:40:34.700+0800: 10441.795: Total time for which application threads were stopped: 0.0001904 seconds, Stopping threads took: 0.0000360 seconds
2019-04-08T16:40:34.700+0800: 10441.795: Total time for which application threads were stopped: 0.0001213 seconds, Stopping threads took: 0.0000399 seconds
2019-04-08T16:40:34.701+0800: 10441.796: Total time for which application threads were stopped: 0.0001604 seconds, Stopping threads took: 0.0000537 seconds
2019-04-08T16:40:34.701+0800: 10441.796: Total time for which application threads were stopped: 0.0001047 seconds, Stopping threads took: 0.0000205 seconds
2019-04-08T16:40:34.989+0800: 10442.085: Total time for which application threads were stopped: 0.0001458 seconds, Stopping threads took: 0.0000363 seconds
2019-04-08T16:40:34.989+0800: 10442.085: Total time for which application threads were stopped: 0.0001114 seconds, Stopping threads took: 0.0000209 seconds
2019-04-08T16:40:34.989+0800: 10442.085: Total time for which application threads were stopped: 0.0001118 seconds, Stopping threads took: 0.0000265 seconds
2019-04-08T16:40:34.990+0800: 10442.086: Total time for which application threads were stopped: 0.0003042 seconds, Stopping threads took: 0.0001628 seconds
2019-04-08T16:40:34.990+0800: 10442.086: Total time for which application threads were stopped: 0.0001118 seconds, Stopping threads took: 0.0000466 seconds
2019-04-08T16:40:34.990+0800: 10442.087: Total time for which application threads were stopped: 0.0001264 seconds, Stopping threads took: 0.0000399 seconds
2019-04-08T16:40:34.991+0800: 10442.087: Total time for which application threads were stopped: 0.0001075 seconds, Stopping threads took: 0.0000332 seconds
2019-04-08T16:40:34.991+0800: 10442.087: Total time for which application threads were stopped: 0.0000964 seconds, Stopping threads took: 0.0000363 seconds
2019-04-08T16:40:34.991+0800: 10442.087: Total time for which application threads were stopped: 0.0001240 seconds, Stopping threads took: 0.0000340 seconds
2019-04-08T16:40:34.991+0800: 10442.087: Total time for which application threads were stopped: 0.0001098 seconds, Stopping threads took: 0.0000363 seconds
2019-04-08T16:40:34.991+0800: 10442.087: Total time for which application threads were stopped: 0.0000841 seconds, Stopping threads took: 0.0000332 seconds
2019-04-08T16:40:34.991+0800: 10442.087: Total time for which application threads were stopped: 0.0000810 seconds, Stopping threads took: 0.0000344 seconds
2019-04-08T16:40:34.992+0800: 10442.088: Total time for which application threads were stopped: 0.0002224 seconds, Stopping threads took: 0.0000328 seconds
2019-04-08T16:40:35.221+0800: 10442.316: Total time for which application threads were stopped: 0.0001805 seconds, Stopping threads took: 0.0000462 seconds
2019-04-08T16:40:35.960+0800: 10443.055: Total time for which application threads were stopped: 0.0001422 seconds, Stopping threads took: 0.0000344 seconds
2019-04-08T16:40:36.961+0800: 10444.056: Total time for which application threads were stopped: 0.0001375 seconds, Stopping threads took: 0.0000616 seconds
2019-04-08T16:40:44.993+0800: 10452.089: Total time for which application threads were stopped: 0.0003978 seconds, Stopping threads took: 0.0002923 seconds
2019-04-08T16:40:45.150+0800: 10452.245: Total time for which application threads were stopped: 0.0002082 seconds, Stopping threads took: 0.0000841 seconds
2019-04-08T16:40:45.150+0800: 10452.246: Total time for which application threads were stopped: 0.0002560 seconds, Stopping threads took: 0.0000454 seconds
2019-04-08T16:40:45.156+0800: 10452.251: Total time for which application threads were stopped: 0.0001738 seconds, Stopping threads took: 0.0000782 seconds
2019-04-08T16:40:48.748+0800: 10455.844: Total time for which application threads were stopped: 0.0006108 seconds, Stopping threads took: 0.0004922 seconds
2019-04-08T16:40:48.809+0800: 10455.905: Total time for which application threads were stopped: 0.0001687 seconds, Stopping threads took: 0.0000569 seconds
2019-04-08T16:40:48.828+0800: 10455.924: Total time for which application threads were stopped: 0.0001861 seconds, Stopping threads took: 0.0000620 seconds
2019-04-08T16:40:48.828+0800: 10455.924: Total time for which application threads were stopped: 0.0001553 seconds, Stopping threads took: 0.0000525 seconds
{Heap before GC invocations=49 (full 2):
 par new generation   total 109248K, used 94708K [0x00000000e0000000, 0x00000000e8000000, 0x00000000e8000000)
  eden space 87424K, 100% used [0x00000000e0000000, 0x00000000e5560000, 0x00000000e5560000)
  from space 21824K,  33% used [0x00000000e6ab0000, 0x00000000e71cd310, 0x00000000e8000000)
  to   space 21824K,   0% used [0x00000000e5560000, 0x00000000e5560000, 0x00000000e6ab0000)
 concurrent mark-sweep generation total 393216K, used 38423K [0x00000000e8000000, 0x0000000100000000, 0x0000000100000000)
 Metaspace       used 47067K, capacity 48612K, committed 48784K, reserved 1091584K
  class space    used 5624K, capacity 5971K, committed 6032K, reserved 1048576K
2019-04-08T16:40:48.830+0800: 10455.926: [GC (Allocation Failure) 2019-04-08T16:40:48.830+0800: 10455.926: [ParNew
Desired survivor size 20112992 bytes, new threshold 8 (max 8)
- age   1:    1369552 bytes,    1369552 total
- age   2:     414712 bytes,    1784264 total
- age   3:       9368 bytes,    1793632 total
- age   4:       6768 bytes,    1800400 total
- age   6:        544 bytes,    1800944 total
- age   7:        216 bytes,    1801160 total
: 94708K->5062K(109248K), 0.0029697 secs] 133132K->43503K(502464K), 0.0030499 secs] [Times: user=0.00 sys=0.00, real=0.00 secs] 
Heap after GC invocations=50 (full 2):
 par new generation   total 109248K, used 5062K [0x00000000e0000000, 0x00000000e8000000, 0x00000000e8000000)
  eden space 87424K,   0% used [0x00000000e0000000, 0x00000000e0000000, 0x00000000e5560000)
  from space 21824K,  23% used [0x00000000e5560000, 0x00000000e5a51b40, 0x00000000e6ab0000)
  to   space 21824K,   0% used [0x00000000e6ab0000, 0x00000000e6ab0000, 0x00000000e8000000)
 concurrent mark-sweep generation total 393216K, used 38441K [0x00000000e8000000, 0x0000000100000000, 0x0000000100000000)
 Metaspace       used 47067K, capacity 48612K, committed 48784K, reserved 1091584K
  class space    used 5624K, capacity 5971K, committed 6032K, reserved 1048576K
}
2019-04-08T16:40:48.833+0800: 10455.929: Total time for which application threads were stopped: 0.0033272 seconds, Stopping threads took: 0.0000620 seconds
{Heap before GC invocations=50 (full 2):
 par new generation   total 109248K, used 92486K [0x00000000e0000000, 0x00000000e8000000, 0x00000000e8000000)
  eden space 87424K, 100% used [0x00000000e0000000, 0x00000000e5560000, 0x00000000e5560000)
  from space 21824K,  23% used [0x00000000e5560000, 0x00000000e5a51b40, 0x00000000e6ab0000)
  to   space 21824K,   0% used [0x00000000e6ab0000, 0x00000000e6ab0000, 0x00000000e8000000)
 concurrent mark-sweep generation total 393216K, used 38441K [0x00000000e8000000, 0x0000000100000000, 0x0000000100000000)
 Metaspace       used 47067K, capacity 48612K, committed 48784K, reserved 1091584K
  class space    used 5624K, capacity 5971K, committed 6032K, reserved 1048576K
2019-04-08T16:40:49.392+0800: 10456.488: [GC (Allocation Failure) 2019-04-08T16:40:49.392+0800: 10456.488: [ParNew
Desired survivor size 20112992 bytes, new threshold 8 (max 8)
- age   1:    2697760 bytes,    2697760 total
- age   2:    1242288 bytes,    3940048 total
- age   3:     412856 bytes,    4352904 total
- age   4:       9368 bytes,    4362272 total
- age   5:       6768 bytes,    4369040 total
- age   7:        544 bytes,    4369584 total
- age   8:        216 bytes,    4369800 total
: 92486K->5355K(109248K), 0.0040083 secs] 130927K->43796K(502464K), 0.0040960 secs] [Times: user=0.00 sys=0.00, real=0.00 secs] 
Heap after GC invocations=51 (full 2):
 par new generation   total 109248K, used 5355K [0x00000000e0000000, 0x00000000e8000000, 0x00000000e8000000)
  eden space 87424K,   0% used [0x00000000e0000000, 0x00000000e0000000, 0x00000000e5560000)
  from space 21824K,  24% used [0x00000000e6ab0000, 0x00000000e6feac48, 0x00000000e8000000)
  to   space 21824K,   0% used [0x00000000e5560000, 0x00000000e5560000, 0x00000000e6ab0000)
 concurrent mark-sweep generation total 393216K, used 38441K [0x00000000e8000000, 0x0000000100000000, 0x0000000100000000)
 Metaspace       used 47067K, capacity 48612K, committed 48784K, reserved 1091584K
  class space    used 5624K, capacity 5971K, committed 6032K, reserved 1048576K
}
2019-04-08T16:40:49.396+0800: 10456.492: Total time for which application threads were stopped: 0.0048830 seconds, Stopping threads took: 0.0004101 seconds
{Heap before GC invocations=51 (full 2):
 par new generation   total 109248K, used 92779K [0x00000000e0000000, 0x00000000e8000000, 0x00000000e8000000)
  eden space 87424K, 100% used [0x00000000e0000000, 0x00000000e5560000, 0x00000000e5560000)
  from space 21824K,  24% used [0x00000000e6ab0000, 0x00000000e6feac48, 0x00000000e8000000)
  to   space 21824K,   0% used [0x00000000e5560000, 0x00000000e5560000, 0x00000000e6ab0000)
 concurrent mark-sweep generation total 393216K, used 38441K [0x00000000e8000000, 0x0000000100000000, 0x0000000100000000)
 Metaspace       used 47069K, capacity 48612K, committed 48784K, reserved 1091584K
  class space    used 5624K, capacity 5971K, committed 6032K, reserved 1048576K
2019-04-08T16:40:49.846+0800: 10456.942: [GC (Allocation Failure) 2019-04-08T16:40:49.846+0800: 10456.942: [ParNew
Desired survivor size 20112992 bytes, new threshold 8 (max 8)
- age   1:    4361424 bytes,    4361424 total
- age   2:    1762272 bytes,    6123696 total
- age   3:    1027224 bytes,    7150920 total
- age   4:     412856 bytes,    7563776 total
- age   5:       9368 bytes,    7573144 total
- age   6:       6768 bytes,    7579912 total
- age   8:        544 bytes,    7580456 total
: 92779K->9060K(109248K), 0.0052808 secs] 131220K->47502K(502464K), 0.0053408 secs] [Times: user=0.00 sys=0.00, real=0.01 secs] 
Heap after GC invocations=52 (full 2):
 par new generation   total 109248K, used 9060K [0x00000000e0000000, 0x00000000e8000000, 0x00000000e8000000)
  eden space 87424K,   0% used [0x00000000e0000000, 0x00000000e0000000, 0x00000000e5560000)
  from space 21824K,  41% used [0x00000000e5560000, 0x00000000e5e393a0, 0x00000000e6ab0000)
  to   space 21824K,   0% used [0x00000000e6ab0000, 0x00000000e6ab0000, 0x00000000e8000000)
 concurrent mark-sweep generation total 393216K, used 38441K [0x00000000e8000000, 0x0000000100000000, 0x0000000100000000)
 Metaspace       used 47069K, capacity 48612K, committed 48784K, reserved 1091584K
  class space    used 5624K, capacity 5971K, committed 6032K, reserved 1048576K
}
2019-04-08T16:40:49.851+0800: 10456.947: Total time for which application threads were stopped: 0.0056138 seconds, Stopping threads took: 0.0000687 seconds
2019-04-08T16:40:50.036+0800: 10457.131: Total time for which application threads were stopped: 0.0002311 seconds, Stopping threads took: 0.0000731 seconds
2019-04-08T16:40:50.037+0800: 10457.132: Total time for which application threads were stopped: 0.0004500 seconds, Stopping threads took: 0.0000431 seconds
{Heap before GC invocations=52 (full 2):
 par new generation   total 109248K, used 96484K [0x00000000e0000000, 0x00000000e8000000, 0x00000000e8000000)
  eden space 87424K, 100% used [0x00000000e0000000, 0x00000000e5560000, 0x00000000e5560000)
  from space 21824K,  41% used [0x00000000e5560000, 0x00000000e5e393a0, 0x00000000e6ab0000)
  to   space 21824K,   0% used [0x00000000e6ab0000, 0x00000000e6ab0000, 0x00000000e8000000)
 concurrent mark-sweep generation total 393216K, used 38441K [0x00000000e8000000, 0x0000000100000000, 0x0000000100000000)
 Metaspace       used 47073K, capacity 48612K, committed 48784K, reserved 1091584K
  class space    used 5624K, capacity 5971K, committed 6032K, reserved 1048576K
2019-04-08T16:40:50.109+0800: 10457.205: [GC (Allocation Failure) 2019-04-08T16:40:50.109+0800: 10457.205: [ParNew
Desired survivor size 20112992 bytes, new threshold 8 (max 8)
- age   1:    3829864 bytes,    3829864 total
- age   2:    1404632 bytes,    5234496 total
- age   3:     581360 bytes,    5815856 total
- age   4:     491488 bytes,    6307344 total
- age   5:     412856 bytes,    6720200 total
- age   6:       9368 bytes,    6729568 total
- age   7:       6768 bytes,    6736336 total
: 96484K->9563K(109248K), 0.0043338 secs] 134926K->48005K(502464K), 0.0044113 secs] [Times: user=0.00 sys=0.00, real=0.01 secs] 
Heap after GC invocations=53 (full 2):
 par new generation   total 109248K, used 9563K [0x00000000e0000000, 0x00000000e8000000, 0x00000000e8000000)
  eden space 87424K,   0% used [0x00000000e0000000, 0x00000000e0000000, 0x00000000e5560000)
  from space 21824K,  43% used [0x00000000e6ab0000, 0x00000000e7406f10, 0x00000000e8000000)
  to   space 21824K,   0% used [0x00000000e5560000, 0x00000000e5560000, 0x00000000e6ab0000)
 concurrent mark-sweep generation total 393216K, used 38441K [0x00000000e8000000, 0x0000000100000000, 0x0000000100000000)
 Metaspace       used 47073K, capacity 48612K, committed 48784K, reserved 1091584K
  class space    used 5624K, capacity 5971K, committed 6032K, reserved 1048576K
}
2019-04-08T16:40:50.114+0800: 10457.210: Total time for which application threads were stopped: 0.0047874 seconds, Stopping threads took: 0.0000743 seconds
2019-04-08T16:40:50.181+0800: 10457.277: Total time for which application threads were stopped: 0.0002576 seconds, Stopping threads took: 0.0001343 seconds
{Heap before GC invocations=53 (full 2):
 par new generation   total 109248K, used 96987K [0x00000000e0000000, 0x00000000e8000000, 0x00000000e8000000)
  eden space 87424K, 100% used [0x00000000e0000000, 0x00000000e5560000, 0x00000000e5560000)
  from space 21824K,  43% used [0x00000000e6ab0000, 0x00000000e7406f10, 0x00000000e8000000)
  to   space 21824K,   0% used [0x00000000e5560000, 0x00000000e5560000, 0x00000000e6ab0000)
 concurrent mark-sweep generation total 393216K, used 38441K [0x00000000e8000000, 0x0000000100000000, 0x0000000100000000)
 Metaspace       used 47081K, capacity 48612K, committed 48784K, reserved 1091584K
  class space    used 5624K, capacity 5971K, committed 6032K, reserved 1048576K
2019-04-08T16:40:50.500+0800: 10457.600: [GC (Allocation Failure) 2019-04-08T16:40:50.500+0800: 10457.600: [ParNew
Desired survivor size 20112992 bytes, new threshold 8 (max 8)
- age   1:    4839976 bytes,    4839976 total
- age   2:    2886960 bytes,    7726936 total
- age   3:    1403312 bytes,    9130248 total
- age   4:     581360 bytes,    9711608 total
- age   5:     490560 bytes,   10202168 total
- age   6:     412856 bytes,   10615024 total
- age   7:       9368 bytes,   10624392 total
- age   8:       6768 bytes,   10631160 total
: 96987K->12182K(109248K), 0.0054345 secs] 135429K->50624K(502464K), 0.0055139 secs] [Times: user=0.00 sys=0.01, real=0.01 secs] 
Heap after GC invocations=54 (full 2):
 par new generation   total 109248K, used 12182K [0x00000000e0000000, 0x00000000e8000000, 0x00000000e8000000)
  eden space 87424K,   0% used [0x00000000e0000000, 0x00000000e0000000, 0x00000000e5560000)
  from space 21824K,  55% used [0x00000000e5560000, 0x00000000e6145a80, 0x00000000e6ab0000)
  to   space 21824K,   0% used [0x00000000e6ab0000, 0x00000000e6ab0000, 0x00000000e8000000)
 concurrent mark-sweep generation total 393216K, used 38441K [0x00000000e8000000, 0x0000000100000000, 0x0000000100000000)
 Metaspace       used 47081K, capacity 48612K, committed 48784K, reserved 1091584K
  class space    used 5624K, capacity 5971K, committed 6032K, reserved 1048576K
}
2019-04-08T16:40:50.510+0800: 10457.606: Total time for which application threads were stopped: 0.0059311 seconds, Stopping threads took: 0.0000778 seconds
{Heap before GC invocations=54 (full 2):
 par new generation   total 109248K, used 99606K [0x00000000e0000000, 0x00000000e8000000, 0x00000000e8000000)
  eden space 87424K, 100% used [0x00000000e0000000, 0x00000000e5560000, 0x00000000e5560000)
  from space 21824K,  55% used [0x00000000e5560000, 0x00000000e6145a80, 0x00000000e6ab0000)
  to   space 21824K,   0% used [0x00000000e6ab0000, 0x00000000e6ab0000, 0x00000000e8000000)
 concurrent mark-sweep generation total 393216K, used 38441K [0x00000000e8000000, 0x0000000100000000, 0x0000000100000000)
 Metaspace       used 47081K, capacity 48612K, committed 48784K, reserved 1091584K
  class space    used 5624K, capacity 5971K, committed 6032K, reserved 1048576K
2019-04-08T16:40:51.046+0800: 10458.143: [GC (Allocation Failure) 2019-04-08T16:40:51.046+0800: 10458.143: [ParNew
Desired survivor size 20112992 bytes, new threshold 8 (max 8)
- age   1:    3275368 bytes,    3275368 total
- age   2:    2818024 bytes,    6093392 total
- age   3:    2348560 bytes,    8441952 total
- age   4:     815528 bytes,    9257480 total
- age   5:     581360 bytes,    9838840 total
- age   6:     460192 bytes,   10299032 total
- age   7:     412856 bytes,   10711888 total
- age   8:       9368 bytes,   10721256 total
: 99606K->15403K(109248K), 0.0055885 secs] 138048K->53851K(502464K), 0.0056719 secs] [Times: user=0.00 sys=0.00, real=0.01 secs] 
Heap after GC invocations=55 (full 2):
 par new generation   total 109248K, used 15403K [0x00000000e0000000, 0x00000000e8000000, 0x00000000e8000000)
  eden space 87424K,   0% used [0x00000000e0000000, 0x00000000e0000000, 0x00000000e5560000)
  from space 21824K,  70% used [0x00000000e6ab0000, 0x00000000e79bac08, 0x00000000e8000000)
  to   space 21824K,   0% used [0x00000000e5560000, 0x00000000e5560000, 0x00000000e6ab0000)
 concurrent mark-sweep generation total 393216K, used 38448K [0x00000000e8000000, 0x0000000100000000, 0x0000000100000000)
 Metaspace       used 47081K, capacity 48612K, committed 48784K, reserved 1091584K
  class space    used 5624K, capacity 5971K, committed 6032K, reserved 1048576K
}
2019-04-08T16:40:51.051+0800: 10458.149: Total time for which application threads were stopped: 0.0060531 seconds, Stopping threads took: 0.0000640 seconds
2019-04-08T16:40:51.075+0800: 10458.175: Total time for which application threads were stopped: 0.0001169 seconds, Stopping threads took: 0.0000545 seconds
2019-04-08T16:40:51.083+0800: 10458.185: Total time for which application threads were stopped: 0.0001308 seconds, Stopping threads took: 0.0000510 seconds
2019-04-08T16:40:52.084+0800: 10459.179: Total time for which application threads were stopped: 0.0001280 seconds, Stopping threads took: 0.0000525 seconds
2019-04-08T16:40:52.192+0800: 10459.288: Total time for which application threads were stopped: 0.0005630 seconds, Stopping threads took: 0.0004389 seconds
2019-04-08T16:40:52.193+0800: 10459.289: Total time for which application threads were stopped: 0.0001849 seconds, Stopping threads took: 0.0000838 seconds
2019-04-08T16:40:53.193+0800: 10460.289: Total time for which application threads were stopped: 0.0001308 seconds, Stopping threads took: 0.0000565 seconds
2019-04-08T16:40:59.146+0800: 10466.244: Total time for which application threads were stopped: 0.0000845 seconds, Stopping threads took: 0.0000269 seconds
2019-04-08T16:40:59.363+0800: 10466.459: Total time for which application threads were stopped: 0.0000992 seconds, Stopping threads took: 0.0000265 seconds
2019-04-08T16:40:59.363+0800: 10466.460: Total time for which application threads were stopped: 0.0000802 seconds, Stopping threads took: 0.0000292 seconds
2019-04-08T16:40:59.363+0800: 10466.460: Total time for which application threads were stopped: 0.0000707 seconds, Stopping threads took: 0.0000150 seconds
2019-04-08T16:40:59.363+0800: 10466.466: Total time for which application threads were stopped: 0.0000968 seconds, Stopping threads took: 0.0000280 seconds
2019-04-08T16:40:59.363+0800: 10466.466: Total time for which application threads were stopped: 0.0000593 seconds, Stopping threads took: 0.0000134 seconds
2019-04-08T16:40:59.373+0800: 10466.469: Total time for which application threads were stopped: 0.0001272 seconds, Stopping threads took: 0.0000367 seconds
2019-04-08T16:40:59.373+0800: 10466.470: Total time for which application threads were stopped: 0.0001130 seconds, Stopping threads took: 0.0000257 seconds
2019-04-08T16:40:59.376+0800: 10466.473: Total time for which application threads were stopped: 0.0001529 seconds, Stopping threads took: 0.0000277 seconds
2019-04-08T16:40:59.376+0800: 10466.473: Total time for which application threads were stopped: 0.0000822 seconds, Stopping threads took: 0.0000300 seconds
2019-04-08T16:40:59.376+0800: 10466.473: Total time for which application threads were stopped: 0.0000529 seconds, Stopping threads took: 0.0000126 seconds
2019-04-08T16:40:59.376+0800: 10466.477: Total time for which application threads were stopped: 0.0001474 seconds, Stopping threads took: 0.0000280 seconds
2019-04-08T16:40:59.376+0800: 10466.477: Total time for which application threads were stopped: 0.0001221 seconds, Stopping threads took: 0.0000178 seconds
2019-04-08T16:40:59.376+0800: 10466.477: Total time for which application threads were stopped: 0.0000988 seconds, Stopping threads took: 0.0000150 seconds
2019-04-08T16:40:59.386+0800: 10466.482: Total time for which application threads were stopped: 0.0001470 seconds, Stopping threads took: 0.0000597 seconds
2019-04-08T16:40:59.386+0800: 10466.482: Total time for which application threads were stopped: 0.0001118 seconds, Stopping threads took: 0.0000170 seconds
2019-04-08T16:40:59.386+0800: 10466.482: Total time for which application threads were stopped: 0.0000814 seconds, Stopping threads took: 0.0000178 seconds
2019-04-08T16:40:59.386+0800: 10466.488: Total time for which application threads were stopped: 0.0000944 seconds, Stopping threads took: 0.0000257 seconds
2019-04-08T16:40:59.386+0800: 10466.488: Total time for which application threads were stopped: 0.0000723 seconds, Stopping threads took: 0.0000130 seconds
2019-04-08T16:40:59.393+0800: 10466.488: Total time for which application threads were stopped: 0.0000521 seconds, Stopping threads took: 0.0000134 seconds
2019-04-08T16:40:59.395+0800: 10466.492: Total time for which application threads were stopped: 0.0000932 seconds, Stopping threads took: 0.0000253 seconds
2019-04-08T16:40:59.395+0800: 10466.492: Total time for which application threads were stopped: 0.0000640 seconds, Stopping threads took: 0.0000138 seconds
2019-04-08T16:40:59.395+0800: 10466.492: Total time for which application threads were stopped: 0.0000664 seconds, Stopping threads took: 0.0000138 seconds
2019-04-08T16:40:59.395+0800: 10466.496: Total time for which application threads were stopped: 0.0001485 seconds, Stopping threads took: 0.0000273 seconds
2019-04-08T16:40:59.395+0800: 10466.496: Total time for which application threads were stopped: 0.0000711 seconds, Stopping threads took: 0.0000174 seconds
2019-04-08T16:40:59.395+0800: 10466.496: Total time for which application threads were stopped: 0.0004891 seconds, Stopping threads took: 0.0000221 seconds
2019-04-08T16:40:59.406+0800: 10466.502: Total time for which application threads were stopped: 0.0003291 seconds, Stopping threads took: 0.0000383 seconds
2019-04-08T16:40:59.406+0800: 10466.502: Total time for which application threads were stopped: 0.0001098 seconds, Stopping threads took: 0.0000316 seconds
2019-04-08T16:40:59.406+0800: 10466.507: Total time for which application threads were stopped: 0.0000885 seconds, Stopping threads took: 0.0000245 seconds
2019-04-08T16:41:35.809+0800: 10502.905: Total time for which application threads were stopped: 0.0002046 seconds, Stopping threads took: 0.0000450 seconds
2019-04-08T16:42:04.124+0800: 10531.220: Total time for which application threads were stopped: 0.0001691 seconds, Stopping threads took: 0.0000387 seconds
2019-04-08T16:42:49.604+0800: 10576.700: Total time for which application threads were stopped: 0.0001730 seconds, Stopping threads took: 0.0000660 seconds
2019-04-08T16:42:53.625+0800: 10580.720: Total time for which application threads were stopped: 0.0001643 seconds, Stopping threads took: 0.0000363 seconds
2019-04-08T16:43:25.922+0800: 10613.017: Total time for which application threads were stopped: 0.0001667 seconds, Stopping threads took: 0.0000719 seconds
2019-04-08T16:44:13.472+0800: 10660.567: Total time for which application threads were stopped: 0.0001426 seconds, Stopping threads took: 0.0000608 seconds
2019-04-08T16:44:20.541+0800: 10667.637: Total time for which application threads were stopped: 0.0001841 seconds, Stopping threads took: 0.0000296 seconds
2019-04-08T16:45:21.270+0800: 10728.366: Total time for which application threads were stopped: 0.0006633 seconds, Stopping threads took: 0.0005724 seconds
2019-04-08T16:45:21.704+0800: 10728.801: Total time for which application threads were stopped: 0.0001750 seconds, Stopping threads took: 0.0000589 seconds
2019-04-08T16:45:22.900+0800: 10729.996: Total time for which application threads were stopped: 0.0002773 seconds, Stopping threads took: 0.0001497 seconds
2019-04-08T16:45:23.902+0800: 10730.997: Total time for which application threads were stopped: 0.0003437 seconds, Stopping threads took: 0.0002355 seconds
2019-04-08T16:45:24.096+0800: 10731.192: Total time for which application threads were stopped: 0.0002536 seconds, Stopping threads took: 0.0001130 seconds
2019-04-08T16:45:25.305+0800: 10732.401: Total time for which application threads were stopped: 0.0001991 seconds, Stopping threads took: 0.0000569 seconds
2019-04-08T16:45:26.494+0800: 10733.593: Total time for which application threads were stopped: 0.0001719 seconds, Stopping threads took: 0.0000597 seconds
2019-04-08T16:45:27.651+0800: 10734.749: Total time for which application threads were stopped: 0.0003417 seconds, Stopping threads took: 0.0000597 seconds
2019-04-08T16:45:27.651+0800: 10734.753: Total time for which application threads were stopped: 0.0001529 seconds, Stopping threads took: 0.0000569 seconds
2019-04-08T16:45:28.652+0800: 10735.747: Total time for which application threads were stopped: 0.0002596 seconds, Stopping threads took: 0.0001750 seconds
2019-04-08T16:45:28.815+0800: 10735.913: Total time for which application threads were stopped: 0.0001865 seconds, Stopping threads took: 0.0000683 seconds
{Heap before GC invocations=55 (full 2):
 par new generation   total 109248K, used 102572K [0x00000000e0000000, 0x00000000e8000000, 0x00000000e8000000)
  eden space 87424K,  99% used [0x00000000e0000000, 0x00000000e5520560, 0x00000000e5560000)
  from space 21824K,  70% used [0x00000000e6ab0000, 0x00000000e79bac08, 0x00000000e8000000)
  to   space 21824K,   0% used [0x00000000e5560000, 0x00000000e5560000, 0x00000000e6ab0000)
 concurrent mark-sweep generation total 393216K, used 38448K [0x00000000e8000000, 0x0000000100000000, 0x0000000100000000)
 Metaspace       used 47169K, capacity 48740K, committed 49040K, reserved 1091584K
  class space    used 5624K, capacity 5971K, committed 6032K, reserved 1048576K
2019-04-08T16:45:29.982+0800: 10737.081: [GC (Allocation Failure) 2019-04-08T16:45:29.982+0800: 10737.081: [ParNew
Desired survivor size 20112992 bytes, new threshold 8 (max 8)
- age   1:    1758288 bytes,    1758288 total
- age   2:     321600 bytes,    2079888 total
- age   3:    1224792 bytes,    3304680 total
- age   4:    1256576 bytes,    4561256 total
- age   5:      46608 bytes,    4607864 total
- age   7:      94016 bytes,    4701880 total
- age   8:       4912 bytes,    4706792 total
: 102572K->9190K(109248K), 0.0052579 secs] 141020K->47646K(502464K), 0.0053412 secs] [Times: user=0.00 sys=0.00, real=0.00 secs] 
Heap after GC invocations=56 (full 2):
 par new generation   total 109248K, used 9190K [0x00000000e0000000, 0x00000000e8000000, 0x00000000e8000000)
  eden space 87424K,   0% used [0x00000000e0000000, 0x00000000e0000000, 0x00000000e5560000)
  from space 21824K,  42% used [0x00000000e5560000, 0x00000000e5e59820, 0x00000000e6ab0000)
  to   space 21824K,   0% used [0x00000000e6ab0000, 0x00000000e6ab0000, 0x00000000e8000000)
 concurrent mark-sweep generation total 393216K, used 38456K [0x00000000e8000000, 0x0000000100000000, 0x0000000100000000)
 Metaspace       used 47169K, capacity 48740K, committed 49040K, reserved 1091584K
  class space    used 5624K, capacity 5971K, committed 6032K, reserved 1048576K
}
2019-04-08T16:45:29.982+0800: 10737.086: Total time for which application threads were stopped: 0.0056486 seconds, Stopping threads took: 0.0000403 seconds
2019-04-08T16:45:29.992+0800: 10737.088: Total time for which application threads were stopped: 0.0001478 seconds, Stopping threads took: 0.0000628 seconds
2019-04-08T16:45:30.162+0800: 10737.261: Total time for which application threads were stopped: 0.0001557 seconds, Stopping threads took: 0.0000466 seconds
2019-04-08T16:45:30.162+0800: 10737.262: Total time for which application threads were stopped: 0.0002046 seconds, Stopping threads took: 0.0000739 seconds
2019-04-08T16:45:31.172+0800: 10738.267: Total time for which application threads were stopped: 0.0006949 seconds, Stopping threads took: 0.0005752 seconds
2019-04-08T16:45:31.192+0800: 10738.291: Total time for which application threads were stopped: 0.0001240 seconds, Stopping threads took: 0.0000435 seconds
2019-04-08T16:45:31.429+0800: 10738.536: Total time for which application threads were stopped: 0.0001612 seconds, Stopping threads took: 0.0000474 seconds
2019-04-08T16:45:31.429+0800: 10738.537: Total time for which application threads were stopped: 0.0001560 seconds, Stopping threads took: 0.0000435 seconds
2019-04-08T16:45:31.429+0800: 10738.537: Total time for which application threads were stopped: 0.0001102 seconds, Stopping threads took: 0.0000391 seconds
2019-04-08T16:45:31.429+0800: 10738.538: Total time for which application threads were stopped: 0.0001845 seconds, Stopping threads took: 0.0000521 seconds
2019-04-08T16:45:31.429+0800: 10738.538: Total time for which application threads were stopped: 0.0001122 seconds, Stopping threads took: 0.0000454 seconds
2019-04-08T16:45:31.429+0800: 10738.539: Total time for which application threads were stopped: 0.0001636 seconds, Stopping threads took: 0.0000399 seconds
2019-04-08T16:45:31.429+0800: 10738.539: Total time for which application threads were stopped: 0.0001075 seconds, Stopping threads took: 0.0000442 seconds
2019-04-08T16:45:31.429+0800: 10738.540: Total time for which application threads were stopped: 0.0001094 seconds, Stopping threads took: 0.0000399 seconds
2019-04-08T16:45:31.445+0800: 10738.541: Total time for which application threads were stopped: 0.0001742 seconds, Stopping threads took: 0.0000561 seconds
2019-04-08T16:45:32.494+0800: 10739.595: Total time for which application threads were stopped: 0.0002015 seconds, Stopping threads took: 0.0000616 seconds
{Heap before GC invocations=56 (full 2):
 par new generation   total 109248K, used 96614K [0x00000000e0000000, 0x00000000e8000000, 0x00000000e8000000)
  eden space 87424K, 100% used [0x00000000e0000000, 0x00000000e5560000, 0x00000000e5560000)
  from space 21824K,  42% used [0x00000000e5560000, 0x00000000e5e59820, 0x00000000e6ab0000)
  to   space 21824K,   0% used [0x00000000e6ab0000, 0x00000000e6ab0000, 0x00000000e8000000)
 concurrent mark-sweep generation total 393216K, used 38456K [0x00000000e8000000, 0x0000000100000000, 0x0000000100000000)
 Metaspace       used 47177K, capacity 48756K, committed 49040K, reserved 1091584K
  class space    used 5624K, capacity 5971K, committed 6032K, reserved 1048576K
2019-04-08T16:45:32.548+0800: 10739.651: [GC (Allocation Failure) 2019-04-08T16:45:32.548+0800: 10739.651: [ParNew
Desired survivor size 20112992 bytes, new threshold 8 (max 8)
- age   1:    4802792 bytes,    4802792 total
- age   2:     672568 bytes,    5475360 total
- age   3:        488 bytes,    5475848 total
- age   5:        232 bytes,    5476080 total
- age   6:        280 bytes,    5476360 total
- age   8:      26088 bytes,    5502448 total
: 96614K->6757K(109248K), 0.0033343 secs] 135070K->45218K(502464K), 0.0034331 secs] [Times: user=0.00 sys=0.00, real=0.00 secs] 
Heap after GC invocations=57 (full 2):
 par new generation   total 109248K, used 6757K [0x00000000e0000000, 0x00000000e8000000, 0x00000000e8000000)
  eden space 87424K,   0% used [0x00000000e0000000, 0x00000000e0000000, 0x00000000e5560000)
  from space 21824K,  30% used [0x00000000e6ab0000, 0x00000000e71496b0, 0x00000000e8000000)
  to   space 21824K,   0% used [0x00000000e5560000, 0x00000000e5560000, 0x00000000e6ab0000)
 concurrent mark-sweep generation total 393216K, used 38461K [0x00000000e8000000, 0x0000000100000000, 0x0000000100000000)
 Metaspace       used 47177K, capacity 48756K, committed 49040K, reserved 1091584K
  class space    used 5624K, capacity 5971K, committed 6032K, reserved 1048576K
}
2019-04-08T16:45:32.548+0800: 10739.654: Total time for which application threads were stopped: 0.0037693 seconds, Stopping threads took: 0.0000514 seconds
2019-04-08T16:45:32.648+0800: 10739.749: Total time for which application threads were stopped: 0.0001450 seconds, Stopping threads took: 0.0000545 seconds
2019-04-08T16:45:32.648+0800: 10739.749: Total time for which application threads were stopped: 0.0001481 seconds, Stopping threads took: 0.0000755 seconds
2019-04-08T16:45:33.666+0800: 10740.768: Total time for which application threads were stopped: 0.0001758 seconds, Stopping threads took: 0.0000612 seconds
2019-04-08T16:45:33.813+0800: 10740.909: Total time for which application threads were stopped: 0.0002042 seconds, Stopping threads took: 0.0000774 seconds
2019-04-08T16:45:33.813+0800: 10740.909: Total time for which application threads were stopped: 0.0001051 seconds, Stopping threads took: 0.0000371 seconds
2019-04-08T16:45:33.813+0800: 10740.909: Total time for which application threads were stopped: 0.0001458 seconds, Stopping threads took: 0.0000462 seconds
2019-04-08T16:45:33.820+0800: 10740.919: Total time for which application threads were stopped: 0.0001414 seconds, Stopping threads took: 0.0000510 seconds
2019-04-08T16:45:34.838+0800: 10741.934: Total time for which application threads were stopped: 0.0007720 seconds, Stopping threads took: 0.0006779 seconds
2019-04-08T16:45:35.771+0800: 10742.872: Total time for which application threads were stopped: 0.0001497 seconds, Stopping threads took: 0.0000450 seconds
2019-04-08T16:45:35.903+0800: 10743.011: Total time for which application threads were stopped: 0.0001529 seconds, Stopping threads took: 0.0000612 seconds
2019-04-08T16:45:35.903+0800: 10743.011: Total time for which application threads were stopped: 0.0001367 seconds, Stopping threads took: 0.0000494 seconds
2019-04-08T16:45:35.918+0800: 10743.019: Total time for which application threads were stopped: 0.0001446 seconds, Stopping threads took: 0.0000593 seconds
2019-04-08T16:45:36.940+0800: 10744.040: Total time for which application threads were stopped: 0.0001663 seconds, Stopping threads took: 0.0000636 seconds
2019-04-08T16:45:37.096+0800: 10744.197: Total time for which application threads were stopped: 0.0001667 seconds, Stopping threads took: 0.0000498 seconds
2019-04-08T16:45:38.112+0800: 10745.212: Total time for which application threads were stopped: 0.0001746 seconds, Stopping threads took: 0.0000715 seconds
2019-04-08T16:45:38.237+0800: 10745.347: Total time for which application threads were stopped: 0.0001774 seconds, Stopping threads took: 0.0000541 seconds
2019-04-08T16:45:38.252+0800: 10745.348: Total time for which application threads were stopped: 0.0001742 seconds, Stopping threads took: 0.0000680 seconds
2019-04-08T16:45:38.252+0800: 10745.352: Total time for which application threads were stopped: 0.0001592 seconds, Stopping threads took: 0.0000628 seconds
2019-04-08T16:45:39.268+0800: 10746.369: Total time for which application threads were stopped: 0.0004768 seconds, Stopping threads took: 0.0000597 seconds
2019-04-08T16:45:39.439+0800: 10746.544: Total time for which application threads were stopped: 0.0001568 seconds, Stopping threads took: 0.0000585 seconds
2019-04-08T16:45:40.470+0800: 10747.571: Total time for which application threads were stopped: 0.0002106 seconds, Stopping threads took: 0.0000557 seconds
2019-04-08T16:45:40.642+0800: 10747.747: Total time for which application threads were stopped: 0.0001509 seconds, Stopping threads took: 0.0000707 seconds
2019-04-08T16:45:41.673+0800: 10748.773: Total time for which application threads were stopped: 0.0001647 seconds, Stopping threads took: 0.0000553 seconds
2019-04-08T16:45:41.861+0800: 10748.962: Total time for which application threads were stopped: 0.0002066 seconds, Stopping threads took: 0.0000458 seconds
2019-04-08T16:45:41.861+0800: 10748.964: Total time for which application threads were stopped: 0.0002718 seconds, Stopping threads took: 0.0000581 seconds
2019-04-08T16:45:41.876+0800: 10748.984: Total time for which application threads were stopped: 0.0001967 seconds, Stopping threads took: 0.0000573 seconds
2019-04-08T16:45:42.907+0800: 10750.008: Total time for which application threads were stopped: 0.0001367 seconds, Stopping threads took: 0.0000557 seconds
2019-04-08T16:45:43.032+0800: 10750.134: Total time for which application threads were stopped: 0.0001892 seconds, Stopping threads took: 0.0000569 seconds
2019-04-08T16:45:43.032+0800: 10750.134: Total time for which application threads were stopped: 0.0001458 seconds, Stopping threads took: 0.0000549 seconds
2019-04-08T16:45:43.032+0800: 10750.138: Total time for which application threads were stopped: 0.0001873 seconds, Stopping threads took: 0.0000699 seconds
2019-04-08T16:45:43.032+0800: 10750.139: Total time for which application threads were stopped: 0.0001442 seconds, Stopping threads took: 0.0000435 seconds
2019-04-08T16:45:43.032+0800: 10750.139: Total time for which application threads were stopped: 0.0001399 seconds, Stopping threads took: 0.0000462 seconds
2019-04-08T16:45:43.032+0800: 10750.141: Total time for which application threads were stopped: 0.0002062 seconds, Stopping threads took: 0.0000940 seconds
2019-04-08T16:45:43.032+0800: 10750.142: Total time for which application threads were stopped: 0.0002758 seconds, Stopping threads took: 0.0000952 seconds
2019-04-08T16:45:43.032+0800: 10750.143: Total time for which application threads were stopped: 0.0001628 seconds, Stopping threads took: 0.0000561 seconds
2019-04-08T16:45:43.048+0800: 10750.143: Total time for which application threads were stopped: 0.0001711 seconds, Stopping threads took: 0.0000446 seconds
2019-04-08T16:45:43.048+0800: 10750.144: Total time for which application threads were stopped: 0.0001320 seconds, Stopping threads took: 0.0000506 seconds
2019-04-08T16:45:43.048+0800: 10750.145: Total time for which application threads were stopped: 0.0001233 seconds, Stopping threads took: 0.0000482 seconds
2019-04-08T16:45:43.048+0800: 10750.145: Total time for which application threads were stopped: 0.0001485 seconds, Stopping threads took: 0.0000340 seconds
2019-04-08T16:45:43.048+0800: 10750.146: Total time for which application threads were stopped: 0.0000913 seconds, Stopping threads took: 0.0000419 seconds
{Heap before GC invocations=57 (full 2):
 par new generation   total 109248K, used 94181K [0x00000000e0000000, 0x00000000e8000000, 0x00000000e8000000)
  eden space 87424K, 100% used [0x00000000e0000000, 0x00000000e5560000, 0x00000000e5560000)
  from space 21824K,  30% used [0x00000000e6ab0000, 0x00000000e71496b0, 0x00000000e8000000)
  to   space 21824K,   0% used [0x00000000e5560000, 0x00000000e5560000, 0x00000000e6ab0000)
 concurrent mark-sweep generation total 393216K, used 38461K [0x00000000e8000000, 0x0000000100000000, 0x0000000100000000)
 Metaspace       used 47196K, capacity 48756K, committed 49040K, reserved 1091584K
  class space    used 5624K, capacity 5971K, committed 6032K, reserved 1048576K
2019-04-08T16:45:43.064+0800: 10750.161: [GC (Allocation Failure) 2019-04-08T16:45:43.064+0800: 10750.161: [ParNew
Desired survivor size 20112992 bytes, new threshold 8 (max 8)
- age   1:     929248 bytes,     929248 total
- age   2:    4727576 bytes,    5656824 total
- age   3:      55016 bytes,    5711840 total
- age   4:        488 bytes,    5712328 total
- age   6:        232 bytes,    5712560 total
- age   7:        280 bytes,    5712840 total
: 94181K->8965K(109248K), 0.0054305 secs] 132642K->47452K(502464K), 0.0055411 secs] [Times: user=0.00 sys=0.00, real=0.00 secs] 
